
Note: Compatibility modes selected: hs a

Warning: m=xx on .subckt line will override multiplier m hierarchy!


Circuit: * num: 12 corner: mos_fs vdd: 3.6 temp: -40

Doing analysis at TEMP = -40.000000 and TNOM = 27.000000

Using SPARSE 1.3 as Direct Linear Solver
Note: Starting dynamic gmin stepping
Note: Dynamic gmin stepping completed

Initial Transient Solution
--------------------------

Node                                   Voltage
----                                   -------
xdut.xlpopamp_core_0.xsliceb_1.zp_m         2.80894
xdut.xlpopamp_core_0.xsliceb_1.bnb         1.40887
avss                                         0
avdd                                       3.6
xdut.xlpopamp_core_0.xsliceb_1.yp_p         3.49935
xdut.xlpopamp_core_0.xsliceb_1.bpa_r         2.85114
xdut.xlpopamp_core_0.xsliceb_1.zn_m        0.705221
xdut.xlpopamp_core_0.xsliceb_1.xp         1.42082
out                                  0.0448627
xdut.xlpopamp_core_0.xsliceb_1.yn_p       0.0860063
xdut.xlpopamp_core_0.xsliceb_1.bna_        0.694039
xdut.zp_p                              2.87928
xdut.xlpopamp_core_0.xsliceb_1.bpb           1.938
xdut.xlpopamp_core_0.xsliceb_1.bna        0.711076
en                                         3.6
ibias                                 0.711497
xdut.xlpopamp_core_0.xsliceb_1.yp_m         3.50225
xdut.xlpopamp_core_0.xsliceb_1.bpa         2.76725
xdut.xlpopamp_core_0.xsliceb_1.xn     9.02372e-11
xdut.xlpopamp_core_0.xsliceb_1.yn_m       0.0848949
in                                        0.05
xdut.zn_p                             0.829936
xdut.xlpopamp_core_0.xsliceb_1.bpa_l         2.85114
xdut.xlpopamp_core_0.xsliceb_1.tihi         3.16206
xdut.xlpopamp_core_0.xsliceb_1.enb     1.76659e-11
xdut.xlpopamp_core_0.xslicea_0.bpb           1.938
xdut.xlpopamp_core_0.xslicea_0.zn_m        0.705221
xdut.xlpopamp_core_0.xslicea_0.yn_m       0.0848949
xdut.xlpopamp_core_0.xslicea_0.bna        0.711076
xdut.xlpopamp_core_0.xslicea_0.bpa_r         2.85114
xdut.xlpopamp_core_0.xslicea_0.zp_m         2.80894
xdut.xlpopamp_core_0.xslicea_0.yp_p         3.49935
xdut.xlpopamp_core_0.xslicea_0.bnb         1.40887
xdut.xlpopamp_core_0.xslicea_0.xp         1.42082
xdut.xlpopamp_core_0.xslicea_0.yn_p       0.0860063
xdut.xlpopamp_core_0.xslicea_0.bna_        0.694039
xdut.xlpopamp_core_0.xslicea_0.bpa_l         2.85114
xdut.xlpopamp_core_0.xslicea_0.yp_m         3.50225
xdut.xlpopamp_core_0.xslicea_0.bpa         2.76725
xdut.xlpopamp_core_0.xslicea_0.enb     1.76659e-11
xdut.xlpopamp_core_0.xslicea_0.xn     9.02368e-11
xdut.xlpopamp_core_0.xslicea_0.tihi         3.16206
xdut.xlpopamp_core_0.xslicea_1.bpb           1.938
xdut.xlpopamp_core_0.xslicea_1.zn_m        0.705221
xdut.xlpopamp_core_0.xslicea_1.yn_m       0.0848949
xdut.xlpopamp_core_0.xslicea_1.bna        0.711076
xdut.xlpopamp_core_0.xslicea_1.bpa_r         2.85114
xdut.xlpopamp_core_0.xslicea_1.zp_m         2.80894
xdut.xlpopamp_core_0.xslicea_1.yp_p         3.49935
xdut.xlpopamp_core_0.xslicea_1.bnb         1.40887
xdut.xlpopamp_core_0.xslicea_1.xp         1.42082
xdut.xlpopamp_core_0.xslicea_1.yn_p       0.0860063
xdut.xlpopamp_core_0.xslicea_1.bna_        0.694039
xdut.xlpopamp_core_0.xslicea_1.bpa_l         2.85114
xdut.xlpopamp_core_0.xslicea_1.yp_m         3.50225
xdut.xlpopamp_core_0.xslicea_1.bpa         2.76725
xdut.xlpopamp_core_0.xslicea_1.enb     1.76659e-11
xdut.xlpopamp_core_0.xslicea_1.xn     9.02366e-11
xdut.xlpopamp_core_0.xslicea_1.tihi         3.16206
xdut.xlpopamp_core_0.xsliceb_0.zp_m         2.80894
xdut.xlpopamp_core_0.xsliceb_0.bnb         1.40887
xdut.xlpopamp_core_0.xsliceb_0.yp_p         3.49935
xdut.xlpopamp_core_0.xsliceb_0.bpa_r         2.85114
xdut.xlpopamp_core_0.xsliceb_0.zn_m        0.705221
xdut.xlpopamp_core_0.xsliceb_0.xp         1.42082
xdut.xlpopamp_core_0.xsliceb_0.yn_p       0.0860063
xdut.xlpopamp_core_0.xsliceb_0.bna_        0.694039
xdut.xlpopamp_core_0.xsliceb_0.bpb           1.938
xdut.xlpopamp_core_0.xsliceb_0.bna        0.711076
xdut.xlpopamp_core_0.xsliceb_0.yp_m         3.50225
xdut.xlpopamp_core_0.xsliceb_0.bpa         2.76725
xdut.xlpopamp_core_0.xsliceb_0.xn     9.02373e-11
xdut.xlpopamp_core_0.xsliceb_0.yn_m       0.0848949
xdut.xlpopamp_core_0.xsliceb_0.bpa_l         2.85114
xdut.xlpopamp_core_0.xsliceb_0.tihi         3.16206
xdut.xlpopamp_core_0.xsliceb_0.enb     1.76659e-11
out_                                       1.8
v_out#branch                      -0.000351027
v_en#branch                       -1.18902e-10
v_in#branch                       -3.24861e-12
v_avdd#branch                     -0.000134727
v_avss#branch                      1.91477e-09


No. of Data Rows : 1035

Warning: command 'plot' is not available during batch simulation, ignored!
    You may use Gnuplot instead.

slewp               =  1.888669e-06 targ=  1.214941e-05 trig=  1.026074e-05
slewm               =  1.981911e-06 targ=  3.244904e-05 trig=  3.046712e-05
slewrp = 1.355452e+06
slewrm = 1.291683e+06
slewr = 1.323567e+06
No such file or directory
No such file or directory
../data/tb_lpopamp_buf_tran_step_large_cc.dat12: No such file or directory
binary raw file "../out/sp12.raw"
Doing analysis at TEMP = -40.000000 and TNOM = 27.000000

Using SPARSE 1.3 as Direct Linear Solver
No. of Data Columns : 3  
Note: Starting dynamic gmin stepping
Note: Dynamic gmin stepping completed

Initial Transient Solution
--------------------------

Node                                   Voltage
----                                   -------
xdut.xlpopamp_core_0.xsliceb_1.zp_m         2.80894
xdut.xlpopamp_core_0.xsliceb_1.bnb         1.40887
avss                                         0
avdd                                       3.6
xdut.xlpopamp_core_0.xsliceb_1.yp_p         3.49935
xdut.xlpopamp_core_0.xsliceb_1.bpa_r         2.85114
xdut.xlpopamp_core_0.xsliceb_1.zn_m        0.705221
xdut.xlpopamp_core_0.xsliceb_1.xp         1.42082
out                                  0.0448627
xdut.xlpopamp_core_0.xsliceb_1.yn_p       0.0860063
xdut.xlpopamp_core_0.xsliceb_1.bna_        0.694039
xdut.zp_p                              2.87928
xdut.xlpopamp_core_0.xsliceb_1.bpb           1.938
xdut.xlpopamp_core_0.xsliceb_1.bna        0.711076
en                                         3.6
ibias                                 0.711497
xdut.xlpopamp_core_0.xsliceb_1.yp_m         3.50225
xdut.xlpopamp_core_0.xsliceb_1.bpa         2.76725
xdut.xlpopamp_core_0.xsliceb_1.xn     9.02372e-11
xdut.xlpopamp_core_0.xsliceb_1.yn_m       0.0848949
in                                        0.05
xdut.zn_p                             0.829936
xdut.xlpopamp_core_0.xsliceb_1.bpa_l         2.85114
xdut.xlpopamp_core_0.xsliceb_1.tihi         3.16206
xdut.xlpopamp_core_0.xsliceb_1.enb     1.76659e-11
xdut.xlpopamp_core_0.xslicea_0.bpb           1.938
xdut.xlpopamp_core_0.xslicea_0.zn_m        0.705221
xdut.xlpopamp_core_0.xslicea_0.yn_m       0.0848949
xdut.xlpopamp_core_0.xslicea_0.bna        0.711076
xdut.xlpopamp_core_0.xslicea_0.bpa_r         2.85114
xdut.xlpopamp_core_0.xslicea_0.zp_m         2.80894
xdut.xlpopamp_core_0.xslicea_0.yp_p         3.49935
xdut.xlpopamp_core_0.xslicea_0.bnb         1.40887
xdut.xlpopamp_core_0.xslicea_0.xp         1.42082
xdut.xlpopamp_core_0.xslicea_0.yn_p       0.0860063
xdut.xlpopamp_core_0.xslicea_0.bna_        0.694039
xdut.xlpopamp_core_0.xslicea_0.bpa_l         2.85114
xdut.xlpopamp_core_0.xslicea_0.yp_m         3.50225
xdut.xlpopamp_core_0.xslicea_0.bpa         2.76725
xdut.xlpopamp_core_0.xslicea_0.enb     1.76659e-11
xdut.xlpopamp_core_0.xslicea_0.xn     9.02368e-11
xdut.xlpopamp_core_0.xslicea_0.tihi         3.16206
xdut.xlpopamp_core_0.xslicea_1.bpb           1.938
xdut.xlpopamp_core_0.xslicea_1.zn_m        0.705221
xdut.xlpopamp_core_0.xslicea_1.yn_m       0.0848949
xdut.xlpopamp_core_0.xslicea_1.bna        0.711076
xdut.xlpopamp_core_0.xslicea_1.bpa_r         2.85114
xdut.xlpopamp_core_0.xslicea_1.zp_m         2.80894
xdut.xlpopamp_core_0.xslicea_1.yp_p         3.49935
xdut.xlpopamp_core_0.xslicea_1.bnb         1.40887
xdut.xlpopamp_core_0.xslicea_1.xp         1.42082
xdut.xlpopamp_core_0.xslicea_1.yn_p       0.0860063
xdut.xlpopamp_core_0.xslicea_1.bna_        0.694039
xdut.xlpopamp_core_0.xslicea_1.bpa_l         2.85114
xdut.xlpopamp_core_0.xslicea_1.yp_m         3.50225
xdut.xlpopamp_core_0.xslicea_1.bpa         2.76725
xdut.xlpopamp_core_0.xslicea_1.enb     1.76659e-11
xdut.xlpopamp_core_0.xslicea_1.xn     9.02366e-11
xdut.xlpopamp_core_0.xslicea_1.tihi         3.16206
xdut.xlpopamp_core_0.xsliceb_0.zp_m         2.80894
xdut.xlpopamp_core_0.xsliceb_0.bnb         1.40887
xdut.xlpopamp_core_0.xsliceb_0.yp_p         3.49935
xdut.xlpopamp_core_0.xsliceb_0.bpa_r         2.85114
xdut.xlpopamp_core_0.xsliceb_0.zn_m        0.705221
xdut.xlpopamp_core_0.xsliceb_0.xp         1.42082
xdut.xlpopamp_core_0.xsliceb_0.yn_p       0.0860063
xdut.xlpopamp_core_0.xsliceb_0.bna_        0.694039
xdut.xlpopamp_core_0.xsliceb_0.bpb           1.938
xdut.xlpopamp_core_0.xsliceb_0.bna        0.711076
xdut.xlpopamp_core_0.xsliceb_0.yp_m         3.50225
xdut.xlpopamp_core_0.xsliceb_0.bpa         2.76725
xdut.xlpopamp_core_0.xsliceb_0.xn     9.02373e-11
xdut.xlpopamp_core_0.xsliceb_0.yn_m       0.0848949
xdut.xlpopamp_core_0.xsliceb_0.bpa_l         2.85114
xdut.xlpopamp_core_0.xsliceb_0.tihi         3.16206
xdut.xlpopamp_core_0.xsliceb_0.enb     1.76659e-11
out_                                       1.8
v_out#branch                      -0.000351027
v_en#branch                       -1.18902e-10
v_in#branch                       -3.24861e-12
v_avdd#branch                     -0.000134727
v_avss#branch                      1.91477e-09


No. of Data Rows : 1035

Total analysis time (seconds) = 1016.27

Total elapsed time (seconds) = 1018.910 

Total DRAM available = 19163.051 MB.
DRAM currently available = 8670.477 MB.
Maximum ngspice program size =  306.934 MB.
Current ngspice program size =  225.223 MB.

Shared ngspice pages =   12.188 MB.
Text (code) pages =    6.406 MB.
Stack = 0 bytes.
Library pages =  222.000 MB.

