
Note: Compatibility modes selected: hs a

Warning: m=xx on .subckt line will override multiplier m hierarchy!


Circuit: * num: 14 corner: mos_ff vdd: 3.6 temp: 85

Doing analysis at TEMP = 85.000000 and TNOM = 27.000000

Using SPARSE 1.3 as Direct Linear Solver
Note: Starting dynamic gmin stepping
Note: Dynamic gmin stepping completed

Initial Transient Solution
--------------------------

Node                                   Voltage
----                                   -------
xdut.xlpopamp_core_0.xsliceb_1.zp_m         3.03255
xdut.xlpopamp_core_0.xsliceb_1.bnb         1.15361
avss                                         0
avdd                                       3.6
xdut.xlpopamp_core_0.xsliceb_1.yp_p         3.47377
xdut.xlpopamp_core_0.xsliceb_1.bpa_r         3.07769
xdut.xlpopamp_core_0.xsliceb_1.zn_m        0.585889
xdut.xlpopamp_core_0.xsliceb_1.xp         1.22208
out                                  0.0426687
xdut.xlpopamp_core_0.xsliceb_1.yn_p       0.0994095
xdut.xlpopamp_core_0.xsliceb_1.bna_        0.592298
xdut.zp_p                               3.1192
xdut.xlpopamp_core_0.xsliceb_1.bpb         2.51201
xdut.xlpopamp_core_0.xsliceb_1.bna        0.591561
en                                         3.6
ibias                                  0.59223
xdut.xlpopamp_core_0.xsliceb_1.yp_m         3.47783
xdut.xlpopamp_core_0.xsliceb_1.bpa         2.97721
xdut.xlpopamp_core_0.xsliceb_1.xn     1.24049e-05
xdut.xlpopamp_core_0.xsliceb_1.yn_m       0.0982878
in                                        0.05
xdut.zn_p                             0.826382
xdut.xlpopamp_core_0.xsliceb_1.bpa_l         3.07769
xdut.xlpopamp_core_0.xsliceb_1.tihi         3.56675
xdut.xlpopamp_core_0.xsliceb_1.enb     6.22876e-08
xdut.xlpopamp_core_0.xslicea_0.bpb         2.51201
xdut.xlpopamp_core_0.xslicea_0.zn_m        0.585889
xdut.xlpopamp_core_0.xslicea_0.yn_m       0.0982878
xdut.xlpopamp_core_0.xslicea_0.bna        0.591561
xdut.xlpopamp_core_0.xslicea_0.bpa_r         3.07769
xdut.xlpopamp_core_0.xslicea_0.zp_m         3.03255
xdut.xlpopamp_core_0.xslicea_0.yp_p         3.47377
xdut.xlpopamp_core_0.xslicea_0.bnb         1.15361
xdut.xlpopamp_core_0.xslicea_0.xp         1.22208
xdut.xlpopamp_core_0.xslicea_0.yn_p       0.0994095
xdut.xlpopamp_core_0.xslicea_0.bna_        0.592298
xdut.xlpopamp_core_0.xslicea_0.bpa_l         3.07769
xdut.xlpopamp_core_0.xslicea_0.yp_m         3.47783
xdut.xlpopamp_core_0.xslicea_0.bpa         2.97721
xdut.xlpopamp_core_0.xslicea_0.enb     6.22876e-08
xdut.xlpopamp_core_0.xslicea_0.xn     1.24049e-05
xdut.xlpopamp_core_0.xslicea_0.tihi         3.56675
xdut.xlpopamp_core_0.xslicea_1.bpb         2.51201
xdut.xlpopamp_core_0.xslicea_1.zn_m        0.585889
xdut.xlpopamp_core_0.xslicea_1.yn_m       0.0982878
xdut.xlpopamp_core_0.xslicea_1.bna        0.591561
xdut.xlpopamp_core_0.xslicea_1.bpa_r         3.07769
xdut.xlpopamp_core_0.xslicea_1.zp_m         3.03255
xdut.xlpopamp_core_0.xslicea_1.yp_p         3.47377
xdut.xlpopamp_core_0.xslicea_1.bnb         1.15361
xdut.xlpopamp_core_0.xslicea_1.xp         1.22208
xdut.xlpopamp_core_0.xslicea_1.yn_p       0.0994095
xdut.xlpopamp_core_0.xslicea_1.bna_        0.592298
xdut.xlpopamp_core_0.xslicea_1.bpa_l         3.07769
xdut.xlpopamp_core_0.xslicea_1.yp_m         3.47783
xdut.xlpopamp_core_0.xslicea_1.bpa         2.97721
xdut.xlpopamp_core_0.xslicea_1.enb     6.22876e-08
xdut.xlpopamp_core_0.xslicea_1.xn     1.24049e-05
xdut.xlpopamp_core_0.xslicea_1.tihi         3.56675
xdut.xlpopamp_core_0.xsliceb_0.zp_m         3.03255
xdut.xlpopamp_core_0.xsliceb_0.bnb         1.15361
xdut.xlpopamp_core_0.xsliceb_0.yp_p         3.47377
xdut.xlpopamp_core_0.xsliceb_0.bpa_r         3.07769
xdut.xlpopamp_core_0.xsliceb_0.zn_m        0.585889
xdut.xlpopamp_core_0.xsliceb_0.xp         1.22208
xdut.xlpopamp_core_0.xsliceb_0.yn_p       0.0994095
xdut.xlpopamp_core_0.xsliceb_0.bna_        0.592298
xdut.xlpopamp_core_0.xsliceb_0.bpb         2.51201
xdut.xlpopamp_core_0.xsliceb_0.bna        0.591561
xdut.xlpopamp_core_0.xsliceb_0.yp_m         3.47783
xdut.xlpopamp_core_0.xsliceb_0.bpa         2.97721
xdut.xlpopamp_core_0.xsliceb_0.xn     1.24049e-05
xdut.xlpopamp_core_0.xsliceb_0.yn_m       0.0982878
xdut.xlpopamp_core_0.xsliceb_0.bpa_l         3.07769
xdut.xlpopamp_core_0.xsliceb_0.tihi         3.56675
xdut.xlpopamp_core_0.xsliceb_0.enb     6.22876e-08
out_                                       1.8
v_out#branch                      -0.000351466
v_en#branch                       -1.18902e-10
v_in#branch                       -3.24861e-12
v_avdd#branch                     -0.000126412
v_avss#branch                      1.76062e-09


No. of Data Rows : 1032

Warning: command 'plot' is not available during batch simulation, ignored!
    You may use Gnuplot instead.

slewp               =  1.975238e-06 targ=  1.228713e-05 trig=  1.031189e-05
slewm               =  1.987079e-06 targ=  3.249055e-05 trig=  3.050347e-05
slewrp = 1.296046e+06
slewrm = 1.288323e+06
slewr = 1.292185e+06
No such file or directory
No such file or directory
../data/tb_lpopamp_buf_tran_step_large_cc.dat14: No such file or directory
binary raw file "../out/sp14.raw"
Doing analysis at TEMP = 85.000000 and TNOM = 27.000000

Using SPARSE 1.3 as Direct Linear Solver
No. of Data Columns : 3  
Note: Starting dynamic gmin stepping
Note: Dynamic gmin stepping completed

Initial Transient Solution
--------------------------

Node                                   Voltage
----                                   -------
xdut.xlpopamp_core_0.xsliceb_1.zp_m         3.03255
xdut.xlpopamp_core_0.xsliceb_1.bnb         1.15361
avss                                         0
avdd                                       3.6
xdut.xlpopamp_core_0.xsliceb_1.yp_p         3.47377
xdut.xlpopamp_core_0.xsliceb_1.bpa_r         3.07769
xdut.xlpopamp_core_0.xsliceb_1.zn_m        0.585889
xdut.xlpopamp_core_0.xsliceb_1.xp         1.22208
out                                  0.0426687
xdut.xlpopamp_core_0.xsliceb_1.yn_p       0.0994095
xdut.xlpopamp_core_0.xsliceb_1.bna_        0.592298
xdut.zp_p                               3.1192
xdut.xlpopamp_core_0.xsliceb_1.bpb         2.51201
xdut.xlpopamp_core_0.xsliceb_1.bna        0.591561
en                                         3.6
ibias                                  0.59223
xdut.xlpopamp_core_0.xsliceb_1.yp_m         3.47783
xdut.xlpopamp_core_0.xsliceb_1.bpa         2.97721
xdut.xlpopamp_core_0.xsliceb_1.xn     1.24049e-05
xdut.xlpopamp_core_0.xsliceb_1.yn_m       0.0982878
in                                        0.05
xdut.zn_p                             0.826382
xdut.xlpopamp_core_0.xsliceb_1.bpa_l         3.07769
xdut.xlpopamp_core_0.xsliceb_1.tihi         3.56675
xdut.xlpopamp_core_0.xsliceb_1.enb     6.22876e-08
xdut.xlpopamp_core_0.xslicea_0.bpb         2.51201
xdut.xlpopamp_core_0.xslicea_0.zn_m        0.585889
xdut.xlpopamp_core_0.xslicea_0.yn_m       0.0982878
xdut.xlpopamp_core_0.xslicea_0.bna        0.591561
xdut.xlpopamp_core_0.xslicea_0.bpa_r         3.07769
xdut.xlpopamp_core_0.xslicea_0.zp_m         3.03255
xdut.xlpopamp_core_0.xslicea_0.yp_p         3.47377
xdut.xlpopamp_core_0.xslicea_0.bnb         1.15361
xdut.xlpopamp_core_0.xslicea_0.xp         1.22208
xdut.xlpopamp_core_0.xslicea_0.yn_p       0.0994095
xdut.xlpopamp_core_0.xslicea_0.bna_        0.592298
xdut.xlpopamp_core_0.xslicea_0.bpa_l         3.07769
xdut.xlpopamp_core_0.xslicea_0.yp_m         3.47783
xdut.xlpopamp_core_0.xslicea_0.bpa         2.97721
xdut.xlpopamp_core_0.xslicea_0.enb     6.22876e-08
xdut.xlpopamp_core_0.xslicea_0.xn     1.24049e-05
xdut.xlpopamp_core_0.xslicea_0.tihi         3.56675
xdut.xlpopamp_core_0.xslicea_1.bpb         2.51201
xdut.xlpopamp_core_0.xslicea_1.zn_m        0.585889
xdut.xlpopamp_core_0.xslicea_1.yn_m       0.0982878
xdut.xlpopamp_core_0.xslicea_1.bna        0.591561
xdut.xlpopamp_core_0.xslicea_1.bpa_r         3.07769
xdut.xlpopamp_core_0.xslicea_1.zp_m         3.03255
xdut.xlpopamp_core_0.xslicea_1.yp_p         3.47377
xdut.xlpopamp_core_0.xslicea_1.bnb         1.15361
xdut.xlpopamp_core_0.xslicea_1.xp         1.22208
xdut.xlpopamp_core_0.xslicea_1.yn_p       0.0994095
xdut.xlpopamp_core_0.xslicea_1.bna_        0.592298
xdut.xlpopamp_core_0.xslicea_1.bpa_l         3.07769
xdut.xlpopamp_core_0.xslicea_1.yp_m         3.47783
xdut.xlpopamp_core_0.xslicea_1.bpa         2.97721
xdut.xlpopamp_core_0.xslicea_1.enb     6.22876e-08
xdut.xlpopamp_core_0.xslicea_1.xn     1.24049e-05
xdut.xlpopamp_core_0.xslicea_1.tihi         3.56675
xdut.xlpopamp_core_0.xsliceb_0.zp_m         3.03255
xdut.xlpopamp_core_0.xsliceb_0.bnb         1.15361
xdut.xlpopamp_core_0.xsliceb_0.yp_p         3.47377
xdut.xlpopamp_core_0.xsliceb_0.bpa_r         3.07769
xdut.xlpopamp_core_0.xsliceb_0.zn_m        0.585889
xdut.xlpopamp_core_0.xsliceb_0.xp         1.22208
xdut.xlpopamp_core_0.xsliceb_0.yn_p       0.0994095
xdut.xlpopamp_core_0.xsliceb_0.bna_        0.592298
xdut.xlpopamp_core_0.xsliceb_0.bpb         2.51201
xdut.xlpopamp_core_0.xsliceb_0.bna        0.591561
xdut.xlpopamp_core_0.xsliceb_0.yp_m         3.47783
xdut.xlpopamp_core_0.xsliceb_0.bpa         2.97721
xdut.xlpopamp_core_0.xsliceb_0.xn     1.24049e-05
xdut.xlpopamp_core_0.xsliceb_0.yn_m       0.0982878
xdut.xlpopamp_core_0.xsliceb_0.bpa_l         3.07769
xdut.xlpopamp_core_0.xsliceb_0.tihi         3.56675
xdut.xlpopamp_core_0.xsliceb_0.enb     6.22876e-08
out_                                       1.8
v_out#branch                      -0.000351466
v_en#branch                       -1.18902e-10
v_in#branch                       -3.24861e-12
v_avdd#branch                     -0.000126412
v_avss#branch                      1.76062e-09


No. of Data Rows : 1032

Total analysis time (seconds) = 907.292

Total elapsed time (seconds) = 909.876 

Total DRAM available = 19163.051 MB.
DRAM currently available = 8646.660 MB.
Maximum ngspice program size =  307.547 MB.
Current ngspice program size =  225.680 MB.

Shared ngspice pages =   12.039 MB.
Text (code) pages =    6.406 MB.
Stack = 0 bytes.
Library pages =  222.613 MB.

