
Note: Compatibility modes selected: hs a

Warning: m=xx on .subckt line will override multiplier m hierarchy!


Circuit: * num: 15 corner: mos_sf vdd: 3.6 temp: 85

Doing analysis at TEMP = 85.000000 and TNOM = 27.000000

Using SPARSE 1.3 as Direct Linear Solver
Note: Starting dynamic gmin stepping
Note: Dynamic gmin stepping completed

Initial Transient Solution
--------------------------

Node                                   Voltage
----                                   -------
xdut.xlpopamp_core_0.xsliceb_1.zp_m         3.00727
xdut.xlpopamp_core_0.xsliceb_1.bnb         1.36506
avss                                         0
avdd                                       3.6
xdut.xlpopamp_core_0.xsliceb_1.yp_p         3.47715
xdut.xlpopamp_core_0.xsliceb_1.bpa_r         3.04736
xdut.xlpopamp_core_0.xsliceb_1.zn_m        0.664794
xdut.xlpopamp_core_0.xsliceb_1.xp         1.25469
out                                  0.0424137
xdut.xlpopamp_core_0.xsliceb_1.yn_p       0.0874857
xdut.xlpopamp_core_0.xsliceb_1.bna_        0.688282
xdut.zp_p                              3.08956
xdut.xlpopamp_core_0.xsliceb_1.bpb         2.43756
xdut.xlpopamp_core_0.xsliceb_1.bna        0.663667
en                                         3.6
ibias                                 0.664464
xdut.xlpopamp_core_0.xsliceb_1.yp_m         3.48111
xdut.xlpopamp_core_0.xsliceb_1.bpa         2.95192
xdut.xlpopamp_core_0.xsliceb_1.xn      1.5427e-06
xdut.xlpopamp_core_0.xsliceb_1.yn_m       0.0864718
in                                        0.05
xdut.zn_p                             0.935756
xdut.xlpopamp_core_0.xsliceb_1.bpa_l         3.04736
xdut.xlpopamp_core_0.xsliceb_1.tihi         3.55379
xdut.xlpopamp_core_0.xsliceb_1.enb     3.20888e-08
xdut.xlpopamp_core_0.xslicea_0.bpb         2.43756
xdut.xlpopamp_core_0.xslicea_0.zn_m        0.664794
xdut.xlpopamp_core_0.xslicea_0.yn_m       0.0864718
xdut.xlpopamp_core_0.xslicea_0.bna        0.663667
xdut.xlpopamp_core_0.xslicea_0.bpa_r         3.04736
xdut.xlpopamp_core_0.xslicea_0.zp_m         3.00727
xdut.xlpopamp_core_0.xslicea_0.yp_p         3.47715
xdut.xlpopamp_core_0.xslicea_0.bnb         1.36506
xdut.xlpopamp_core_0.xslicea_0.xp         1.25469
xdut.xlpopamp_core_0.xslicea_0.yn_p       0.0874857
xdut.xlpopamp_core_0.xslicea_0.bna_        0.688282
xdut.xlpopamp_core_0.xslicea_0.bpa_l         3.04736
xdut.xlpopamp_core_0.xslicea_0.yp_m         3.48111
xdut.xlpopamp_core_0.xslicea_0.bpa         2.95192
xdut.xlpopamp_core_0.xslicea_0.enb     3.20888e-08
xdut.xlpopamp_core_0.xslicea_0.xn      1.5427e-06
xdut.xlpopamp_core_0.xslicea_0.tihi         3.55379
xdut.xlpopamp_core_0.xslicea_1.bpb         2.43756
xdut.xlpopamp_core_0.xslicea_1.zn_m        0.664794
xdut.xlpopamp_core_0.xslicea_1.yn_m       0.0864718
xdut.xlpopamp_core_0.xslicea_1.bna        0.663667
xdut.xlpopamp_core_0.xslicea_1.bpa_r         3.04736
xdut.xlpopamp_core_0.xslicea_1.zp_m         3.00727
xdut.xlpopamp_core_0.xslicea_1.yp_p         3.47715
xdut.xlpopamp_core_0.xslicea_1.bnb         1.36506
xdut.xlpopamp_core_0.xslicea_1.xp         1.25469
xdut.xlpopamp_core_0.xslicea_1.yn_p       0.0874857
xdut.xlpopamp_core_0.xslicea_1.bna_        0.688282
xdut.xlpopamp_core_0.xslicea_1.bpa_l         3.04736
xdut.xlpopamp_core_0.xslicea_1.yp_m         3.48111
xdut.xlpopamp_core_0.xslicea_1.bpa         2.95192
xdut.xlpopamp_core_0.xslicea_1.enb     3.20888e-08
xdut.xlpopamp_core_0.xslicea_1.xn      1.5427e-06
xdut.xlpopamp_core_0.xslicea_1.tihi         3.55379
xdut.xlpopamp_core_0.xsliceb_0.zp_m         3.00727
xdut.xlpopamp_core_0.xsliceb_0.bnb         1.36506
xdut.xlpopamp_core_0.xsliceb_0.yp_p         3.47715
xdut.xlpopamp_core_0.xsliceb_0.bpa_r         3.04736
xdut.xlpopamp_core_0.xsliceb_0.zn_m        0.664794
xdut.xlpopamp_core_0.xsliceb_0.xp         1.25469
xdut.xlpopamp_core_0.xsliceb_0.yn_p       0.0874857
xdut.xlpopamp_core_0.xsliceb_0.bna_        0.688282
xdut.xlpopamp_core_0.xsliceb_0.bpb         2.43756
xdut.xlpopamp_core_0.xsliceb_0.bna        0.663667
xdut.xlpopamp_core_0.xsliceb_0.yp_m         3.48111
xdut.xlpopamp_core_0.xsliceb_0.bpa         2.95192
xdut.xlpopamp_core_0.xsliceb_0.xn      1.5427e-06
xdut.xlpopamp_core_0.xsliceb_0.yn_m       0.0864718
xdut.xlpopamp_core_0.xsliceb_0.bpa_l         3.04736
xdut.xlpopamp_core_0.xsliceb_0.tihi         3.55379
xdut.xlpopamp_core_0.xsliceb_0.enb     3.20888e-08
out_                                       1.8
v_out#branch                      -0.000351517
v_en#branch                       -1.18902e-10
v_in#branch                       -3.24861e-12
v_avdd#branch                     -0.000125577
v_avss#branch                      1.93017e-09


No. of Data Rows : 1034

Warning: command 'plot' is not available during batch simulation, ignored!
    You may use Gnuplot instead.

slewp               =  2.046097e-06 targ=  1.237380e-05 trig=  1.032770e-05
slewm               =  2.142225e-06 targ=  3.267490e-05 trig=  3.053267e-05
slewrp = 1.251163e+06
slewrm = 1.195019e+06
slewr = 1.223091e+06
binary raw file "../out/sp15.raw"
Doing analysis at TEMP = 85.000000 and TNOM = 27.000000

Using SPARSE 1.3 as Direct Linear Solver
No. of Data Columns : 3  
Note: Starting dynamic gmin stepping
Note: Dynamic gmin stepping completed

Initial Transient Solution
--------------------------

Node                                   Voltage
----                                   -------
xdut.xlpopamp_core_0.xsliceb_1.zp_m         3.00727
xdut.xlpopamp_core_0.xsliceb_1.bnb         1.36506
avss                                         0
avdd                                       3.6
xdut.xlpopamp_core_0.xsliceb_1.yp_p         3.47715
xdut.xlpopamp_core_0.xsliceb_1.bpa_r         3.04736
xdut.xlpopamp_core_0.xsliceb_1.zn_m        0.664794
xdut.xlpopamp_core_0.xsliceb_1.xp         1.25469
out                                  0.0424137
xdut.xlpopamp_core_0.xsliceb_1.yn_p       0.0874857
xdut.xlpopamp_core_0.xsliceb_1.bna_        0.688282
xdut.zp_p                              3.08956
xdut.xlpopamp_core_0.xsliceb_1.bpb         2.43756
xdut.xlpopamp_core_0.xsliceb_1.bna        0.663667
en                                         3.6
ibias                                 0.664464
xdut.xlpopamp_core_0.xsliceb_1.yp_m         3.48111
xdut.xlpopamp_core_0.xsliceb_1.bpa         2.95192
xdut.xlpopamp_core_0.xsliceb_1.xn      1.5427e-06
xdut.xlpopamp_core_0.xsliceb_1.yn_m       0.0864718
in                                        0.05
xdut.zn_p                             0.935756
xdut.xlpopamp_core_0.xsliceb_1.bpa_l         3.04736
xdut.xlpopamp_core_0.xsliceb_1.tihi         3.55379
xdut.xlpopamp_core_0.xsliceb_1.enb     3.20888e-08
xdut.xlpopamp_core_0.xslicea_0.bpb         2.43756
xdut.xlpopamp_core_0.xslicea_0.zn_m        0.664794
xdut.xlpopamp_core_0.xslicea_0.yn_m       0.0864718
xdut.xlpopamp_core_0.xslicea_0.bna        0.663667
xdut.xlpopamp_core_0.xslicea_0.bpa_r         3.04736
xdut.xlpopamp_core_0.xslicea_0.zp_m         3.00727
xdut.xlpopamp_core_0.xslicea_0.yp_p         3.47715
xdut.xlpopamp_core_0.xslicea_0.bnb         1.36506
xdut.xlpopamp_core_0.xslicea_0.xp         1.25469
xdut.xlpopamp_core_0.xslicea_0.yn_p       0.0874857
xdut.xlpopamp_core_0.xslicea_0.bna_        0.688282
xdut.xlpopamp_core_0.xslicea_0.bpa_l         3.04736
xdut.xlpopamp_core_0.xslicea_0.yp_m         3.48111
xdut.xlpopamp_core_0.xslicea_0.bpa         2.95192
xdut.xlpopamp_core_0.xslicea_0.enb     3.20888e-08
xdut.xlpopamp_core_0.xslicea_0.xn      1.5427e-06
xdut.xlpopamp_core_0.xslicea_0.tihi         3.55379
xdut.xlpopamp_core_0.xslicea_1.bpb         2.43756
xdut.xlpopamp_core_0.xslicea_1.zn_m        0.664794
xdut.xlpopamp_core_0.xslicea_1.yn_m       0.0864718
xdut.xlpopamp_core_0.xslicea_1.bna        0.663667
xdut.xlpopamp_core_0.xslicea_1.bpa_r         3.04736
xdut.xlpopamp_core_0.xslicea_1.zp_m         3.00727
xdut.xlpopamp_core_0.xslicea_1.yp_p         3.47715
xdut.xlpopamp_core_0.xslicea_1.bnb         1.36506
xdut.xlpopamp_core_0.xslicea_1.xp         1.25469
xdut.xlpopamp_core_0.xslicea_1.yn_p       0.0874857
xdut.xlpopamp_core_0.xslicea_1.bna_        0.688282
xdut.xlpopamp_core_0.xslicea_1.bpa_l         3.04736
xdut.xlpopamp_core_0.xslicea_1.yp_m         3.48111
xdut.xlpopamp_core_0.xslicea_1.bpa         2.95192
xdut.xlpopamp_core_0.xslicea_1.enb     3.20888e-08
xdut.xlpopamp_core_0.xslicea_1.xn      1.5427e-06
xdut.xlpopamp_core_0.xslicea_1.tihi         3.55379
xdut.xlpopamp_core_0.xsliceb_0.zp_m         3.00727
xdut.xlpopamp_core_0.xsliceb_0.bnb         1.36506
xdut.xlpopamp_core_0.xsliceb_0.yp_p         3.47715
xdut.xlpopamp_core_0.xsliceb_0.bpa_r         3.04736
xdut.xlpopamp_core_0.xsliceb_0.zn_m        0.664794
xdut.xlpopamp_core_0.xsliceb_0.xp         1.25469
xdut.xlpopamp_core_0.xsliceb_0.yn_p       0.0874857
xdut.xlpopamp_core_0.xsliceb_0.bna_        0.688282
xdut.xlpopamp_core_0.xsliceb_0.bpb         2.43756
xdut.xlpopamp_core_0.xsliceb_0.bna        0.663667
xdut.xlpopamp_core_0.xsliceb_0.yp_m         3.48111
xdut.xlpopamp_core_0.xsliceb_0.bpa         2.95192
xdut.xlpopamp_core_0.xsliceb_0.xn      1.5427e-06
xdut.xlpopamp_core_0.xsliceb_0.yn_m       0.0864718
xdut.xlpopamp_core_0.xsliceb_0.bpa_l         3.04736
xdut.xlpopamp_core_0.xsliceb_0.tihi         3.55379
xdut.xlpopamp_core_0.xsliceb_0.enb     3.20888e-08
out_                                       1.8
v_out#branch                      -0.000351517
v_en#branch                       -1.18902e-10
v_in#branch                       -3.24861e-12
v_avdd#branch                     -0.000125577
v_avss#branch                      1.93017e-09


No. of Data Rows : 1034

Total analysis time (seconds) = 763.713

Total elapsed time (seconds) = 766.100 

Total DRAM available = 19163.059 MB.
DRAM currently available = 9844.906 MB.
Maximum ngspice program size =  306.926 MB.
Current ngspice program size =  224.750 MB.

Shared ngspice pages =   11.711 MB.
Text (code) pages =    6.406 MB.
Stack = 0 bytes.
Library pages =  221.992 MB.

