
Note: Compatibility modes selected: hs a

Warning: m=xx on .subckt line will override multiplier m hierarchy!


Circuit: * num: 2 corner: mos_ff vdd: 3.0 temp: -40

Doing analysis at TEMP = -40.000000 and TNOM = 27.000000

Using SPARSE 1.3 as Direct Linear Solver
Note: Starting dynamic gmin stepping
Note: Dynamic gmin stepping completed

Initial Transient Solution
--------------------------

Node                                   Voltage
----                                   -------
xdut.xlpopamp_core_0.xsliceb_1.zp_m         2.28735
xdut.xlpopamp_core_0.xsliceb_1.bnb         1.33754
avss                                         0
avdd                                         3
xdut.xlpopamp_core_0.xsliceb_1.yp_p         2.88885
xdut.xlpopamp_core_0.xsliceb_1.bpa_r         2.34548
xdut.xlpopamp_core_0.xsliceb_1.zn_m        0.678591
xdut.xlpopamp_core_0.xsliceb_1.xp         1.19494
out                                  0.0441851
xdut.xlpopamp_core_0.xsliceb_1.yn_p         0.09025
xdut.xlpopamp_core_0.xsliceb_1.bna_        0.661409
xdut.zp_p                              2.37511
xdut.xlpopamp_core_0.xsliceb_1.bpb         1.56827
xdut.xlpopamp_core_0.xsliceb_1.bna        0.686282
en                                           3
ibias                                 0.686782
xdut.xlpopamp_core_0.xsliceb_1.yp_m         2.89183
xdut.xlpopamp_core_0.xsliceb_1.bpa         2.24719
xdut.xlpopamp_core_0.xsliceb_1.xn     3.23003e-10
xdut.xlpopamp_core_0.xsliceb_1.yn_m       0.0887313
in                                        0.05
xdut.zn_p                             0.774743
xdut.xlpopamp_core_0.xsliceb_1.bpa_l         2.34548
xdut.xlpopamp_core_0.xsliceb_1.tihi         2.63952
xdut.xlpopamp_core_0.xsliceb_1.enb      1.5404e-09
xdut.xlpopamp_core_0.xslicea_0.bpb         1.56827
xdut.xlpopamp_core_0.xslicea_0.zn_m        0.678591
xdut.xlpopamp_core_0.xslicea_0.yn_m       0.0887313
xdut.xlpopamp_core_0.xslicea_0.bna        0.686282
xdut.xlpopamp_core_0.xslicea_0.bpa_r         2.34548
xdut.xlpopamp_core_0.xslicea_0.zp_m         2.28735
xdut.xlpopamp_core_0.xslicea_0.yp_p         2.88885
xdut.xlpopamp_core_0.xslicea_0.bnb         1.33754
xdut.xlpopamp_core_0.xslicea_0.xp         1.19494
xdut.xlpopamp_core_0.xslicea_0.yn_p         0.09025
xdut.xlpopamp_core_0.xslicea_0.bna_        0.661409
xdut.xlpopamp_core_0.xslicea_0.bpa_l         2.34548
xdut.xlpopamp_core_0.xslicea_0.yp_m         2.89183
xdut.xlpopamp_core_0.xslicea_0.bpa         2.24719
xdut.xlpopamp_core_0.xslicea_0.enb      1.5404e-09
xdut.xlpopamp_core_0.xslicea_0.xn     3.23002e-10
xdut.xlpopamp_core_0.xslicea_0.tihi         2.63952
xdut.xlpopamp_core_0.xslicea_1.bpb         1.56827
xdut.xlpopamp_core_0.xslicea_1.zn_m        0.678591
xdut.xlpopamp_core_0.xslicea_1.yn_m       0.0887313
xdut.xlpopamp_core_0.xslicea_1.bna        0.686282
xdut.xlpopamp_core_0.xslicea_1.bpa_r         2.34548
xdut.xlpopamp_core_0.xslicea_1.zp_m         2.28735
xdut.xlpopamp_core_0.xslicea_1.yp_p         2.88885
xdut.xlpopamp_core_0.xslicea_1.bnb         1.33754
xdut.xlpopamp_core_0.xslicea_1.xp         1.19494
xdut.xlpopamp_core_0.xslicea_1.yn_p         0.09025
xdut.xlpopamp_core_0.xslicea_1.bna_        0.661409
xdut.xlpopamp_core_0.xslicea_1.bpa_l         2.34548
xdut.xlpopamp_core_0.xslicea_1.yp_m         2.89183
xdut.xlpopamp_core_0.xslicea_1.bpa         2.24719
xdut.xlpopamp_core_0.xslicea_1.enb      1.5404e-09
xdut.xlpopamp_core_0.xslicea_1.xn     3.23002e-10
xdut.xlpopamp_core_0.xslicea_1.tihi         2.63952
xdut.xlpopamp_core_0.xsliceb_0.zp_m         2.28735
xdut.xlpopamp_core_0.xsliceb_0.bnb         1.33754
xdut.xlpopamp_core_0.xsliceb_0.yp_p         2.88885
xdut.xlpopamp_core_0.xsliceb_0.bpa_r         2.34548
xdut.xlpopamp_core_0.xsliceb_0.zn_m        0.678591
xdut.xlpopamp_core_0.xsliceb_0.xp         1.19494
xdut.xlpopamp_core_0.xsliceb_0.yn_p         0.09025
xdut.xlpopamp_core_0.xsliceb_0.bna_        0.661409
xdut.xlpopamp_core_0.xsliceb_0.bpb         1.56827
xdut.xlpopamp_core_0.xsliceb_0.bna        0.686282
xdut.xlpopamp_core_0.xsliceb_0.yp_m         2.89183
xdut.xlpopamp_core_0.xsliceb_0.bpa         2.24719
xdut.xlpopamp_core_0.xsliceb_0.xn     3.23003e-10
xdut.xlpopamp_core_0.xsliceb_0.yn_m       0.0887313
xdut.xlpopamp_core_0.xsliceb_0.bpa_l         2.34548
xdut.xlpopamp_core_0.xsliceb_0.tihi         2.63952
xdut.xlpopamp_core_0.xsliceb_0.enb      1.5404e-09
out_                                       1.5
v_out#branch                      -0.000291163
v_en#branch                       -9.89928e-11
v_in#branch                       -3.24861e-12
v_avdd#branch                     -0.000128101
v_avss#branch                      1.75658e-09


No. of Data Rows : 1035

Warning: command 'plot' is not available during batch simulation, ignored!
    You may use Gnuplot instead.

slewp               =  2.274192e-06 targ=  1.253631e-05 trig=  1.026212e-05
slewm               =  1.920228e-06 targ=  3.196974e-05 trig=  3.004951e-05
slewrp = 1.125675e+06
slewrm = 1.333175e+06
slewr = 1.229425e+06
binary raw file "../out/sp2.raw"
Doing analysis at TEMP = -40.000000 and TNOM = 27.000000

Using SPARSE 1.3 as Direct Linear Solver
No. of Data Columns : 3  
Note: Starting dynamic gmin stepping
Note: Dynamic gmin stepping completed

Initial Transient Solution
--------------------------

Node                                   Voltage
----                                   -------
xdut.xlpopamp_core_0.xsliceb_1.zp_m         2.28735
xdut.xlpopamp_core_0.xsliceb_1.bnb         1.33754
avss                                         0
avdd                                         3
xdut.xlpopamp_core_0.xsliceb_1.yp_p         2.88885
xdut.xlpopamp_core_0.xsliceb_1.bpa_r         2.34548
xdut.xlpopamp_core_0.xsliceb_1.zn_m        0.678591
xdut.xlpopamp_core_0.xsliceb_1.xp         1.19494
out                                  0.0441851
xdut.xlpopamp_core_0.xsliceb_1.yn_p         0.09025
xdut.xlpopamp_core_0.xsliceb_1.bna_        0.661409
xdut.zp_p                              2.37511
xdut.xlpopamp_core_0.xsliceb_1.bpb         1.56827
xdut.xlpopamp_core_0.xsliceb_1.bna        0.686282
en                                           3
ibias                                 0.686782
xdut.xlpopamp_core_0.xsliceb_1.yp_m         2.89183
xdut.xlpopamp_core_0.xsliceb_1.bpa         2.24719
xdut.xlpopamp_core_0.xsliceb_1.xn     3.23003e-10
xdut.xlpopamp_core_0.xsliceb_1.yn_m       0.0887313
in                                        0.05
xdut.zn_p                             0.774743
xdut.xlpopamp_core_0.xsliceb_1.bpa_l         2.34548
xdut.xlpopamp_core_0.xsliceb_1.tihi         2.63952
xdut.xlpopamp_core_0.xsliceb_1.enb      1.5404e-09
xdut.xlpopamp_core_0.xslicea_0.bpb         1.56827
xdut.xlpopamp_core_0.xslicea_0.zn_m        0.678591
xdut.xlpopamp_core_0.xslicea_0.yn_m       0.0887313
xdut.xlpopamp_core_0.xslicea_0.bna        0.686282
xdut.xlpopamp_core_0.xslicea_0.bpa_r         2.34548
xdut.xlpopamp_core_0.xslicea_0.zp_m         2.28735
xdut.xlpopamp_core_0.xslicea_0.yp_p         2.88885
xdut.xlpopamp_core_0.xslicea_0.bnb         1.33754
xdut.xlpopamp_core_0.xslicea_0.xp         1.19494
xdut.xlpopamp_core_0.xslicea_0.yn_p         0.09025
xdut.xlpopamp_core_0.xslicea_0.bna_        0.661409
xdut.xlpopamp_core_0.xslicea_0.bpa_l         2.34548
xdut.xlpopamp_core_0.xslicea_0.yp_m         2.89183
xdut.xlpopamp_core_0.xslicea_0.bpa         2.24719
xdut.xlpopamp_core_0.xslicea_0.enb      1.5404e-09
xdut.xlpopamp_core_0.xslicea_0.xn     3.23002e-10
xdut.xlpopamp_core_0.xslicea_0.tihi         2.63952
xdut.xlpopamp_core_0.xslicea_1.bpb         1.56827
xdut.xlpopamp_core_0.xslicea_1.zn_m        0.678591
xdut.xlpopamp_core_0.xslicea_1.yn_m       0.0887313
xdut.xlpopamp_core_0.xslicea_1.bna        0.686282
xdut.xlpopamp_core_0.xslicea_1.bpa_r         2.34548
xdut.xlpopamp_core_0.xslicea_1.zp_m         2.28735
xdut.xlpopamp_core_0.xslicea_1.yp_p         2.88885
xdut.xlpopamp_core_0.xslicea_1.bnb         1.33754
xdut.xlpopamp_core_0.xslicea_1.xp         1.19494
xdut.xlpopamp_core_0.xslicea_1.yn_p         0.09025
xdut.xlpopamp_core_0.xslicea_1.bna_        0.661409
xdut.xlpopamp_core_0.xslicea_1.bpa_l         2.34548
xdut.xlpopamp_core_0.xslicea_1.yp_m         2.89183
xdut.xlpopamp_core_0.xslicea_1.bpa         2.24719
xdut.xlpopamp_core_0.xslicea_1.enb      1.5404e-09
xdut.xlpopamp_core_0.xslicea_1.xn     3.23002e-10
xdut.xlpopamp_core_0.xslicea_1.tihi         2.63952
xdut.xlpopamp_core_0.xsliceb_0.zp_m         2.28735
xdut.xlpopamp_core_0.xsliceb_0.bnb         1.33754
xdut.xlpopamp_core_0.xsliceb_0.yp_p         2.88885
xdut.xlpopamp_core_0.xsliceb_0.bpa_r         2.34548
xdut.xlpopamp_core_0.xsliceb_0.zn_m        0.678591
xdut.xlpopamp_core_0.xsliceb_0.xp         1.19494
xdut.xlpopamp_core_0.xsliceb_0.yn_p         0.09025
xdut.xlpopamp_core_0.xsliceb_0.bna_        0.661409
xdut.xlpopamp_core_0.xsliceb_0.bpb         1.56827
xdut.xlpopamp_core_0.xsliceb_0.bna        0.686282
xdut.xlpopamp_core_0.xsliceb_0.yp_m         2.89183
xdut.xlpopamp_core_0.xsliceb_0.bpa         2.24719
xdut.xlpopamp_core_0.xsliceb_0.xn     3.23003e-10
xdut.xlpopamp_core_0.xsliceb_0.yn_m       0.0887313
xdut.xlpopamp_core_0.xsliceb_0.bpa_l         2.34548
xdut.xlpopamp_core_0.xsliceb_0.tihi         2.63952
xdut.xlpopamp_core_0.xsliceb_0.enb      1.5404e-09
out_                                       1.5
v_out#branch                      -0.000291163
v_en#branch                       -9.89928e-11
v_in#branch                       -3.24861e-12
v_avdd#branch                     -0.000128101
v_avss#branch                      1.75658e-09


No. of Data Rows : 1035

Total analysis time (seconds) = 889.406

Total elapsed time (seconds) = 891.858 

Total DRAM available = 19163.059 MB.
DRAM currently available = 11017.828 MB.
Maximum ngspice program size =  306.938 MB.
Current ngspice program size =  224.723 MB.

Shared ngspice pages =   11.684 MB.
Text (code) pages =    6.406 MB.
Stack = 0 bytes.
Library pages =  222.004 MB.

