
Note: Compatibility modes selected: hs a

Warning: m=xx on .subckt line will override multiplier m hierarchy!


Circuit: * num: 3 corner: mos_sf vdd: 3.0 temp: -40

Doing analysis at TEMP = -40.000000 and TNOM = 27.000000

Using SPARSE 1.3 as Direct Linear Solver
Note: Starting dynamic gmin stepping
Note: Dynamic gmin stepping completed

Initial Transient Solution
--------------------------

Node                                   Voltage
----                                   -------
xdut.xlpopamp_core_0.xsliceb_1.zp_m         2.26127
xdut.xlpopamp_core_0.xsliceb_1.bnb         1.54813
avss                                         0
avdd                                         3
xdut.xlpopamp_core_0.xsliceb_1.yp_p         2.89242
xdut.xlpopamp_core_0.xsliceb_1.bpa_r         2.31436
xdut.xlpopamp_core_0.xsliceb_1.zn_m        0.757154
xdut.xlpopamp_core_0.xsliceb_1.xp         1.22581
out                                  0.0437344
xdut.xlpopamp_core_0.xsliceb_1.yn_p       0.0774993
xdut.xlpopamp_core_0.xsliceb_1.bna_        0.757263
xdut.zp_p                              2.34484
xdut.xlpopamp_core_0.xsliceb_1.bpb         1.49237
xdut.xlpopamp_core_0.xsliceb_1.bna        0.759642
en                                           3
ibias                                 0.760269
xdut.xlpopamp_core_0.xsliceb_1.yp_m         2.89535
xdut.xlpopamp_core_0.xsliceb_1.bpa         2.22103
xdut.xlpopamp_core_0.xsliceb_1.xn     6.56655e-12
xdut.xlpopamp_core_0.xsliceb_1.yn_m       0.0760388
in                                        0.05
xdut.zn_p                             0.877548
xdut.xlpopamp_core_0.xsliceb_1.bpa_l         2.31436
xdut.xlpopamp_core_0.xsliceb_1.tihi         2.61595
xdut.xlpopamp_core_0.xsliceb_1.enb     2.57612e-10
xdut.xlpopamp_core_0.xslicea_0.bpb         1.49237
xdut.xlpopamp_core_0.xslicea_0.zn_m        0.757154
xdut.xlpopamp_core_0.xslicea_0.yn_m       0.0760388
xdut.xlpopamp_core_0.xslicea_0.bna        0.759642
xdut.xlpopamp_core_0.xslicea_0.bpa_r         2.31436
xdut.xlpopamp_core_0.xslicea_0.zp_m         2.26127
xdut.xlpopamp_core_0.xslicea_0.yp_p         2.89242
xdut.xlpopamp_core_0.xslicea_0.bnb         1.54813
xdut.xlpopamp_core_0.xslicea_0.xp         1.22581
xdut.xlpopamp_core_0.xslicea_0.yn_p       0.0774993
xdut.xlpopamp_core_0.xslicea_0.bna_        0.757263
xdut.xlpopamp_core_0.xslicea_0.bpa_l         2.31436
xdut.xlpopamp_core_0.xslicea_0.yp_m         2.89535
xdut.xlpopamp_core_0.xslicea_0.bpa         2.22103
xdut.xlpopamp_core_0.xslicea_0.enb     2.57612e-10
xdut.xlpopamp_core_0.xslicea_0.xn     6.56655e-12
xdut.xlpopamp_core_0.xslicea_0.tihi         2.61595
xdut.xlpopamp_core_0.xslicea_1.bpb         1.49237
xdut.xlpopamp_core_0.xslicea_1.zn_m        0.757154
xdut.xlpopamp_core_0.xslicea_1.yn_m       0.0760388
xdut.xlpopamp_core_0.xslicea_1.bna        0.759642
xdut.xlpopamp_core_0.xslicea_1.bpa_r         2.31436
xdut.xlpopamp_core_0.xslicea_1.zp_m         2.26127
xdut.xlpopamp_core_0.xslicea_1.yp_p         2.89242
xdut.xlpopamp_core_0.xslicea_1.bnb         1.54813
xdut.xlpopamp_core_0.xslicea_1.xp         1.22581
xdut.xlpopamp_core_0.xslicea_1.yn_p       0.0774993
xdut.xlpopamp_core_0.xslicea_1.bna_        0.757263
xdut.xlpopamp_core_0.xslicea_1.bpa_l         2.31436
xdut.xlpopamp_core_0.xslicea_1.yp_m         2.89535
xdut.xlpopamp_core_0.xslicea_1.bpa         2.22103
xdut.xlpopamp_core_0.xslicea_1.enb     2.57612e-10
xdut.xlpopamp_core_0.xslicea_1.xn     6.56655e-12
xdut.xlpopamp_core_0.xslicea_1.tihi         2.61595
xdut.xlpopamp_core_0.xsliceb_0.zp_m         2.26127
xdut.xlpopamp_core_0.xsliceb_0.bnb         1.54813
xdut.xlpopamp_core_0.xsliceb_0.yp_p         2.89242
xdut.xlpopamp_core_0.xsliceb_0.bpa_r         2.31436
xdut.xlpopamp_core_0.xsliceb_0.zn_m        0.757154
xdut.xlpopamp_core_0.xsliceb_0.xp         1.22581
xdut.xlpopamp_core_0.xsliceb_0.yn_p       0.0774993
xdut.xlpopamp_core_0.xsliceb_0.bna_        0.757263
xdut.xlpopamp_core_0.xsliceb_0.bpb         1.49237
xdut.xlpopamp_core_0.xsliceb_0.bna        0.759642
xdut.xlpopamp_core_0.xsliceb_0.yp_m         2.89535
xdut.xlpopamp_core_0.xsliceb_0.bpa         2.22103
xdut.xlpopamp_core_0.xsliceb_0.xn     6.56655e-12
xdut.xlpopamp_core_0.xsliceb_0.yn_m       0.0760388
xdut.xlpopamp_core_0.xsliceb_0.bpa_l         2.31436
xdut.xlpopamp_core_0.xsliceb_0.tihi         2.61595
xdut.xlpopamp_core_0.xsliceb_0.enb     2.57612e-10
out_                                       1.5
v_out#branch                      -0.000291253
v_en#branch                       -9.89928e-11
v_in#branch                       -3.24861e-12
v_avdd#branch                     -0.000126741
v_avss#branch                      1.92303e-09


No. of Data Rows : 1036

Warning: command 'plot' is not available during batch simulation, ignored!
    You may use Gnuplot instead.

slewp               =  2.363461e-06 targ=  1.263823e-05 trig=  1.027477e-05
slewm               =  2.098397e-06 targ=  3.214853e-05 trig=  3.005013e-05
slewrp = 1.083157e+06
slewrm = 1.219979e+06
slewr = 1.151568e+06
binary raw file "../out/sp3.raw"
Doing analysis at TEMP = -40.000000 and TNOM = 27.000000

Using SPARSE 1.3 as Direct Linear Solver
No. of Data Columns : 3  
Note: Starting dynamic gmin stepping
Note: Dynamic gmin stepping completed

Initial Transient Solution
--------------------------

Node                                   Voltage
----                                   -------
xdut.xlpopamp_core_0.xsliceb_1.zp_m         2.26127
xdut.xlpopamp_core_0.xsliceb_1.bnb         1.54813
avss                                         0
avdd                                         3
xdut.xlpopamp_core_0.xsliceb_1.yp_p         2.89242
xdut.xlpopamp_core_0.xsliceb_1.bpa_r         2.31436
xdut.xlpopamp_core_0.xsliceb_1.zn_m        0.757154
xdut.xlpopamp_core_0.xsliceb_1.xp         1.22581
out                                  0.0437344
xdut.xlpopamp_core_0.xsliceb_1.yn_p       0.0774993
xdut.xlpopamp_core_0.xsliceb_1.bna_        0.757263
xdut.zp_p                              2.34484
xdut.xlpopamp_core_0.xsliceb_1.bpb         1.49237
xdut.xlpopamp_core_0.xsliceb_1.bna        0.759642
en                                           3
ibias                                 0.760269
xdut.xlpopamp_core_0.xsliceb_1.yp_m         2.89535
xdut.xlpopamp_core_0.xsliceb_1.bpa         2.22103
xdut.xlpopamp_core_0.xsliceb_1.xn     6.56655e-12
xdut.xlpopamp_core_0.xsliceb_1.yn_m       0.0760388
in                                        0.05
xdut.zn_p                             0.877548
xdut.xlpopamp_core_0.xsliceb_1.bpa_l         2.31436
xdut.xlpopamp_core_0.xsliceb_1.tihi         2.61595
xdut.xlpopamp_core_0.xsliceb_1.enb     2.57612e-10
xdut.xlpopamp_core_0.xslicea_0.bpb         1.49237
xdut.xlpopamp_core_0.xslicea_0.zn_m        0.757154
xdut.xlpopamp_core_0.xslicea_0.yn_m       0.0760388
xdut.xlpopamp_core_0.xslicea_0.bna        0.759642
xdut.xlpopamp_core_0.xslicea_0.bpa_r         2.31436
xdut.xlpopamp_core_0.xslicea_0.zp_m         2.26127
xdut.xlpopamp_core_0.xslicea_0.yp_p         2.89242
xdut.xlpopamp_core_0.xslicea_0.bnb         1.54813
xdut.xlpopamp_core_0.xslicea_0.xp         1.22581
xdut.xlpopamp_core_0.xslicea_0.yn_p       0.0774993
xdut.xlpopamp_core_0.xslicea_0.bna_        0.757263
xdut.xlpopamp_core_0.xslicea_0.bpa_l         2.31436
xdut.xlpopamp_core_0.xslicea_0.yp_m         2.89535
xdut.xlpopamp_core_0.xslicea_0.bpa         2.22103
xdut.xlpopamp_core_0.xslicea_0.enb     2.57612e-10
xdut.xlpopamp_core_0.xslicea_0.xn     6.56655e-12
xdut.xlpopamp_core_0.xslicea_0.tihi         2.61595
xdut.xlpopamp_core_0.xslicea_1.bpb         1.49237
xdut.xlpopamp_core_0.xslicea_1.zn_m        0.757154
xdut.xlpopamp_core_0.xslicea_1.yn_m       0.0760388
xdut.xlpopamp_core_0.xslicea_1.bna        0.759642
xdut.xlpopamp_core_0.xslicea_1.bpa_r         2.31436
xdut.xlpopamp_core_0.xslicea_1.zp_m         2.26127
xdut.xlpopamp_core_0.xslicea_1.yp_p         2.89242
xdut.xlpopamp_core_0.xslicea_1.bnb         1.54813
xdut.xlpopamp_core_0.xslicea_1.xp         1.22581
xdut.xlpopamp_core_0.xslicea_1.yn_p       0.0774993
xdut.xlpopamp_core_0.xslicea_1.bna_        0.757263
xdut.xlpopamp_core_0.xslicea_1.bpa_l         2.31436
xdut.xlpopamp_core_0.xslicea_1.yp_m         2.89535
xdut.xlpopamp_core_0.xslicea_1.bpa         2.22103
xdut.xlpopamp_core_0.xslicea_1.enb     2.57612e-10
xdut.xlpopamp_core_0.xslicea_1.xn     6.56655e-12
xdut.xlpopamp_core_0.xslicea_1.tihi         2.61595
xdut.xlpopamp_core_0.xsliceb_0.zp_m         2.26127
xdut.xlpopamp_core_0.xsliceb_0.bnb         1.54813
xdut.xlpopamp_core_0.xsliceb_0.yp_p         2.89242
xdut.xlpopamp_core_0.xsliceb_0.bpa_r         2.31436
xdut.xlpopamp_core_0.xsliceb_0.zn_m        0.757154
xdut.xlpopamp_core_0.xsliceb_0.xp         1.22581
xdut.xlpopamp_core_0.xsliceb_0.yn_p       0.0774993
xdut.xlpopamp_core_0.xsliceb_0.bna_        0.757263
xdut.xlpopamp_core_0.xsliceb_0.bpb         1.49237
xdut.xlpopamp_core_0.xsliceb_0.bna        0.759642
xdut.xlpopamp_core_0.xsliceb_0.yp_m         2.89535
xdut.xlpopamp_core_0.xsliceb_0.bpa         2.22103
xdut.xlpopamp_core_0.xsliceb_0.xn     6.56655e-12
xdut.xlpopamp_core_0.xsliceb_0.yn_m       0.0760388
xdut.xlpopamp_core_0.xsliceb_0.bpa_l         2.31436
xdut.xlpopamp_core_0.xsliceb_0.tihi         2.61595
xdut.xlpopamp_core_0.xsliceb_0.enb     2.57612e-10
out_                                       1.5
v_out#branch                      -0.000291253
v_en#branch                       -9.89928e-11
v_in#branch                       -3.24861e-12
v_avdd#branch                     -0.000126741
v_avss#branch                      1.92303e-09


No. of Data Rows : 1036

Total analysis time (seconds) = 949.383

Total elapsed time (seconds) = 952.179 

Total DRAM available = 19163.059 MB.
DRAM currently available = 11004.617 MB.
Maximum ngspice program size =  306.926 MB.
Current ngspice program size =  224.742 MB.

Shared ngspice pages =   11.703 MB.
Text (code) pages =    6.406 MB.
Stack = 0 bytes.
Library pages =  221.992 MB.

