
Note: Compatibility modes selected: hs a

Warning: m=xx on .subckt line will override multiplier m hierarchy!


Circuit: * num: 5 corner: mos_ss vdd: 3.0 temp: 85

Doing analysis at TEMP = 85.000000 and TNOM = 27.000000

Using SPARSE 1.3 as Direct Linear Solver
Note: Starting dynamic gmin stepping
Note: Dynamic gmin stepping completed

Initial Transient Solution
--------------------------

Node                                   Voltage
----                                   -------
xdut.xlpopamp_core_0.xsliceb_1.zp_m         2.33084
xdut.xlpopamp_core_0.xsliceb_1.bnb         1.43338
avss                                         0
avdd                                         3
xdut.xlpopamp_core_0.xsliceb_1.yp_p         2.88679
xdut.xlpopamp_core_0.xsliceb_1.bpa_r         2.35634
xdut.xlpopamp_core_0.xsliceb_1.zn_m         0.69014
xdut.xlpopamp_core_0.xsliceb_1.xp         1.21383
out                                  0.0414876
xdut.xlpopamp_core_0.xsliceb_1.yn_p       0.0833955
xdut.xlpopamp_core_0.xsliceb_1.bna_        0.719062
xdut.zp_p                              2.40184
xdut.xlpopamp_core_0.xsliceb_1.bpb         1.61286
xdut.xlpopamp_core_0.xsliceb_1.bna        0.686981
en                                           3
ibias                                 0.688052
xdut.xlpopamp_core_0.xsliceb_1.yp_m         2.89042
xdut.xlpopamp_core_0.xsliceb_1.bpa         2.27601
xdut.xlpopamp_core_0.xsliceb_1.xn     7.33361e-07
xdut.xlpopamp_core_0.xsliceb_1.yn_m       0.0820803
in                                        0.05
xdut.zn_p                             0.934674
xdut.xlpopamp_core_0.xsliceb_1.bpa_l         2.35634
xdut.xlpopamp_core_0.xsliceb_1.tihi         2.90952
xdut.xlpopamp_core_0.xsliceb_1.enb     3.18093e-09
xdut.xlpopamp_core_0.xslicea_0.bpb         1.61286
xdut.xlpopamp_core_0.xslicea_0.zn_m         0.69014
xdut.xlpopamp_core_0.xslicea_0.yn_m       0.0820803
xdut.xlpopamp_core_0.xslicea_0.bna        0.686981
xdut.xlpopamp_core_0.xslicea_0.bpa_r         2.35634
xdut.xlpopamp_core_0.xslicea_0.zp_m         2.33084
xdut.xlpopamp_core_0.xslicea_0.yp_p         2.88679
xdut.xlpopamp_core_0.xslicea_0.bnb         1.43338
xdut.xlpopamp_core_0.xslicea_0.xp         1.21383
xdut.xlpopamp_core_0.xslicea_0.yn_p       0.0833955
xdut.xlpopamp_core_0.xslicea_0.bna_        0.719062
xdut.xlpopamp_core_0.xslicea_0.bpa_l         2.35634
xdut.xlpopamp_core_0.xslicea_0.yp_m         2.89042
xdut.xlpopamp_core_0.xslicea_0.bpa         2.27601
xdut.xlpopamp_core_0.xslicea_0.enb     3.18093e-09
xdut.xlpopamp_core_0.xslicea_0.xn     7.33361e-07
xdut.xlpopamp_core_0.xslicea_0.tihi         2.90952
xdut.xlpopamp_core_0.xslicea_1.bpb         1.61286
xdut.xlpopamp_core_0.xslicea_1.zn_m         0.69014
xdut.xlpopamp_core_0.xslicea_1.yn_m       0.0820803
xdut.xlpopamp_core_0.xslicea_1.bna        0.686981
xdut.xlpopamp_core_0.xslicea_1.bpa_r         2.35634
xdut.xlpopamp_core_0.xslicea_1.zp_m         2.33084
xdut.xlpopamp_core_0.xslicea_1.yp_p         2.88679
xdut.xlpopamp_core_0.xslicea_1.bnb         1.43338
xdut.xlpopamp_core_0.xslicea_1.xp         1.21383
xdut.xlpopamp_core_0.xslicea_1.yn_p       0.0833955
xdut.xlpopamp_core_0.xslicea_1.bna_        0.719062
xdut.xlpopamp_core_0.xslicea_1.bpa_l         2.35634
xdut.xlpopamp_core_0.xslicea_1.yp_m         2.89042
xdut.xlpopamp_core_0.xslicea_1.bpa         2.27601
xdut.xlpopamp_core_0.xslicea_1.enb     3.18093e-09
xdut.xlpopamp_core_0.xslicea_1.xn     7.33361e-07
xdut.xlpopamp_core_0.xslicea_1.tihi         2.90952
xdut.xlpopamp_core_0.xsliceb_0.zp_m         2.33084
xdut.xlpopamp_core_0.xsliceb_0.bnb         1.43338
xdut.xlpopamp_core_0.xsliceb_0.yp_p         2.88679
xdut.xlpopamp_core_0.xsliceb_0.bpa_r         2.35634
xdut.xlpopamp_core_0.xsliceb_0.zn_m         0.69014
xdut.xlpopamp_core_0.xsliceb_0.xp         1.21383
xdut.xlpopamp_core_0.xsliceb_0.yn_p       0.0833955
xdut.xlpopamp_core_0.xsliceb_0.bna_        0.719062
xdut.xlpopamp_core_0.xsliceb_0.bpb         1.61286
xdut.xlpopamp_core_0.xsliceb_0.bna        0.686981
xdut.xlpopamp_core_0.xsliceb_0.yp_m         2.89042
xdut.xlpopamp_core_0.xsliceb_0.bpa         2.27601
xdut.xlpopamp_core_0.xsliceb_0.xn     7.33361e-07
xdut.xlpopamp_core_0.xsliceb_0.yn_m       0.0820803
xdut.xlpopamp_core_0.xsliceb_0.bpa_l         2.35634
xdut.xlpopamp_core_0.xsliceb_0.tihi         2.90952
xdut.xlpopamp_core_0.xsliceb_0.enb     3.18093e-09
out_                                       1.5
v_out#branch                      -0.000291702
v_en#branch                       -9.89928e-11
v_in#branch                       -3.24861e-12
v_avdd#branch                     -0.000119641
v_avss#branch                      1.86704e-09


No. of Data Rows : 1037

Warning: command 'plot' is not available during batch simulation, ignored!
    You may use Gnuplot instead.

slewp               =  2.580378e-06 targ=  1.291898e-05 trig=  1.033860e-05
slewm               =  2.245305e-06 targ=  3.230518e-05 trig=  3.005988e-05
slewrp = 9.921027e+05
slewrm = 1.140157e+06
slewr = 1.066130e+06
binary raw file "../out/sp5.raw"
Doing analysis at TEMP = 85.000000 and TNOM = 27.000000

Using SPARSE 1.3 as Direct Linear Solver
No. of Data Columns : 3  
Note: Starting dynamic gmin stepping
Note: Dynamic gmin stepping completed

Initial Transient Solution
--------------------------

Node                                   Voltage
----                                   -------
xdut.xlpopamp_core_0.xsliceb_1.zp_m         2.33084
xdut.xlpopamp_core_0.xsliceb_1.bnb         1.43338
avss                                         0
avdd                                         3
xdut.xlpopamp_core_0.xsliceb_1.yp_p         2.88679
xdut.xlpopamp_core_0.xsliceb_1.bpa_r         2.35634
xdut.xlpopamp_core_0.xsliceb_1.zn_m         0.69014
xdut.xlpopamp_core_0.xsliceb_1.xp         1.21383
out                                  0.0414876
xdut.xlpopamp_core_0.xsliceb_1.yn_p       0.0833955
xdut.xlpopamp_core_0.xsliceb_1.bna_        0.719062
xdut.zp_p                              2.40184
xdut.xlpopamp_core_0.xsliceb_1.bpb         1.61286
xdut.xlpopamp_core_0.xsliceb_1.bna        0.686981
en                                           3
ibias                                 0.688052
xdut.xlpopamp_core_0.xsliceb_1.yp_m         2.89042
xdut.xlpopamp_core_0.xsliceb_1.bpa         2.27601
xdut.xlpopamp_core_0.xsliceb_1.xn     7.33361e-07
xdut.xlpopamp_core_0.xsliceb_1.yn_m       0.0820803
in                                        0.05
xdut.zn_p                             0.934674
xdut.xlpopamp_core_0.xsliceb_1.bpa_l         2.35634
xdut.xlpopamp_core_0.xsliceb_1.tihi         2.90952
xdut.xlpopamp_core_0.xsliceb_1.enb     3.18093e-09
xdut.xlpopamp_core_0.xslicea_0.bpb         1.61286
xdut.xlpopamp_core_0.xslicea_0.zn_m         0.69014
xdut.xlpopamp_core_0.xslicea_0.yn_m       0.0820803
xdut.xlpopamp_core_0.xslicea_0.bna        0.686981
xdut.xlpopamp_core_0.xslicea_0.bpa_r         2.35634
xdut.xlpopamp_core_0.xslicea_0.zp_m         2.33084
xdut.xlpopamp_core_0.xslicea_0.yp_p         2.88679
xdut.xlpopamp_core_0.xslicea_0.bnb         1.43338
xdut.xlpopamp_core_0.xslicea_0.xp         1.21383
xdut.xlpopamp_core_0.xslicea_0.yn_p       0.0833955
xdut.xlpopamp_core_0.xslicea_0.bna_        0.719062
xdut.xlpopamp_core_0.xslicea_0.bpa_l         2.35634
xdut.xlpopamp_core_0.xslicea_0.yp_m         2.89042
xdut.xlpopamp_core_0.xslicea_0.bpa         2.27601
xdut.xlpopamp_core_0.xslicea_0.enb     3.18093e-09
xdut.xlpopamp_core_0.xslicea_0.xn     7.33361e-07
xdut.xlpopamp_core_0.xslicea_0.tihi         2.90952
xdut.xlpopamp_core_0.xslicea_1.bpb         1.61286
xdut.xlpopamp_core_0.xslicea_1.zn_m         0.69014
xdut.xlpopamp_core_0.xslicea_1.yn_m       0.0820803
xdut.xlpopamp_core_0.xslicea_1.bna        0.686981
xdut.xlpopamp_core_0.xslicea_1.bpa_r         2.35634
xdut.xlpopamp_core_0.xslicea_1.zp_m         2.33084
xdut.xlpopamp_core_0.xslicea_1.yp_p         2.88679
xdut.xlpopamp_core_0.xslicea_1.bnb         1.43338
xdut.xlpopamp_core_0.xslicea_1.xp         1.21383
xdut.xlpopamp_core_0.xslicea_1.yn_p       0.0833955
xdut.xlpopamp_core_0.xslicea_1.bna_        0.719062
xdut.xlpopamp_core_0.xslicea_1.bpa_l         2.35634
xdut.xlpopamp_core_0.xslicea_1.yp_m         2.89042
xdut.xlpopamp_core_0.xslicea_1.bpa         2.27601
xdut.xlpopamp_core_0.xslicea_1.enb     3.18093e-09
xdut.xlpopamp_core_0.xslicea_1.xn     7.33361e-07
xdut.xlpopamp_core_0.xslicea_1.tihi         2.90952
xdut.xlpopamp_core_0.xsliceb_0.zp_m         2.33084
xdut.xlpopamp_core_0.xsliceb_0.bnb         1.43338
xdut.xlpopamp_core_0.xsliceb_0.yp_p         2.88679
xdut.xlpopamp_core_0.xsliceb_0.bpa_r         2.35634
xdut.xlpopamp_core_0.xsliceb_0.zn_m         0.69014
xdut.xlpopamp_core_0.xsliceb_0.xp         1.21383
xdut.xlpopamp_core_0.xsliceb_0.yn_p       0.0833955
xdut.xlpopamp_core_0.xsliceb_0.bna_        0.719062
xdut.xlpopamp_core_0.xsliceb_0.bpb         1.61286
xdut.xlpopamp_core_0.xsliceb_0.bna        0.686981
xdut.xlpopamp_core_0.xsliceb_0.yp_m         2.89042
xdut.xlpopamp_core_0.xsliceb_0.bpa         2.27601
xdut.xlpopamp_core_0.xsliceb_0.xn     7.33361e-07
xdut.xlpopamp_core_0.xsliceb_0.yn_m       0.0820803
xdut.xlpopamp_core_0.xsliceb_0.bpa_l         2.35634
xdut.xlpopamp_core_0.xsliceb_0.tihi         2.90952
xdut.xlpopamp_core_0.xsliceb_0.enb     3.18093e-09
out_                                       1.5
v_out#branch                      -0.000291702
v_en#branch                       -9.89928e-11
v_in#branch                       -3.24861e-12
v_avdd#branch                     -0.000119641
v_avss#branch                      1.86704e-09


No. of Data Rows : 1037

Total analysis time (seconds) = 845.98

Total elapsed time (seconds) = 848.427 

Total DRAM available = 19163.059 MB.
DRAM currently available = 10942.617 MB.
Maximum ngspice program size =  306.941 MB.
Current ngspice program size =  224.887 MB.

Shared ngspice pages =   11.844 MB.
Text (code) pages =    6.406 MB.
Stack = 0 bytes.
Library pages =  222.008 MB.

