
Note: Compatibility modes selected: hs a

Warning: m=xx on .subckt line will override multiplier m hierarchy!


Circuit: * num: 6 corner: mos_ff vdd: 3.0 temp: 85

Doing analysis at TEMP = 85.000000 and TNOM = 27.000000

Using SPARSE 1.3 as Direct Linear Solver
Note: Starting dynamic gmin stepping
Note: Dynamic gmin stepping completed

Initial Transient Solution
--------------------------

Node                                   Voltage
----                                   -------
xdut.xlpopamp_core_0.xsliceb_1.zp_m         2.43262
xdut.xlpopamp_core_0.xsliceb_1.bnb         1.15206
avss                                         0
avdd                                         3
xdut.xlpopamp_core_0.xsliceb_1.yp_p         2.87379
xdut.xlpopamp_core_0.xsliceb_1.bpa_r         2.47822
xdut.xlpopamp_core_0.xsliceb_1.zn_m        0.585165
xdut.xlpopamp_core_0.xsliceb_1.xp         1.09263
out                                  0.0415266
xdut.xlpopamp_core_0.xsliceb_1.yn_p       0.0992436
xdut.xlpopamp_core_0.xsliceb_1.bna_        0.591439
xdut.zp_p                                2.522
xdut.xlpopamp_core_0.xsliceb_1.bpb         1.91309
xdut.xlpopamp_core_0.xsliceb_1.bna        0.591561
en                                           3
ibias                                 0.592391
xdut.xlpopamp_core_0.xsliceb_1.yp_m         2.87779
xdut.xlpopamp_core_0.xsliceb_1.bpa         2.37821
xdut.xlpopamp_core_0.xsliceb_1.xn     1.16473e-05
xdut.xlpopamp_core_0.xsliceb_1.yn_m       0.0976278
in                                        0.05
xdut.zn_p                             0.793354
xdut.xlpopamp_core_0.xsliceb_1.bpa_l         2.47822
xdut.xlpopamp_core_0.xsliceb_1.tihi         2.97155
xdut.xlpopamp_core_0.xsliceb_1.enb      3.1989e-08
xdut.xlpopamp_core_0.xslicea_0.bpb         1.91309
xdut.xlpopamp_core_0.xslicea_0.zn_m        0.585165
xdut.xlpopamp_core_0.xslicea_0.yn_m       0.0976278
xdut.xlpopamp_core_0.xslicea_0.bna        0.591561
xdut.xlpopamp_core_0.xslicea_0.bpa_r         2.47822
xdut.xlpopamp_core_0.xslicea_0.zp_m         2.43262
xdut.xlpopamp_core_0.xslicea_0.yp_p         2.87379
xdut.xlpopamp_core_0.xslicea_0.bnb         1.15206
xdut.xlpopamp_core_0.xslicea_0.xp         1.09263
xdut.xlpopamp_core_0.xslicea_0.yn_p       0.0992436
xdut.xlpopamp_core_0.xslicea_0.bna_        0.591439
xdut.xlpopamp_core_0.xslicea_0.bpa_l         2.47822
xdut.xlpopamp_core_0.xslicea_0.yp_m         2.87779
xdut.xlpopamp_core_0.xslicea_0.bpa         2.37821
xdut.xlpopamp_core_0.xslicea_0.enb      3.1989e-08
xdut.xlpopamp_core_0.xslicea_0.xn     1.16473e-05
xdut.xlpopamp_core_0.xslicea_0.tihi         2.97155
xdut.xlpopamp_core_0.xslicea_1.bpb         1.91309
xdut.xlpopamp_core_0.xslicea_1.zn_m        0.585165
xdut.xlpopamp_core_0.xslicea_1.yn_m       0.0976278
xdut.xlpopamp_core_0.xslicea_1.bna        0.591561
xdut.xlpopamp_core_0.xslicea_1.bpa_r         2.47822
xdut.xlpopamp_core_0.xslicea_1.zp_m         2.43262
xdut.xlpopamp_core_0.xslicea_1.yp_p         2.87379
xdut.xlpopamp_core_0.xslicea_1.bnb         1.15206
xdut.xlpopamp_core_0.xslicea_1.xp         1.09263
xdut.xlpopamp_core_0.xslicea_1.yn_p       0.0992436
xdut.xlpopamp_core_0.xslicea_1.bna_        0.591439
xdut.xlpopamp_core_0.xslicea_1.bpa_l         2.47822
xdut.xlpopamp_core_0.xslicea_1.yp_m         2.87779
xdut.xlpopamp_core_0.xslicea_1.bpa         2.37821
xdut.xlpopamp_core_0.xslicea_1.enb      3.1989e-08
xdut.xlpopamp_core_0.xslicea_1.xn     1.16473e-05
xdut.xlpopamp_core_0.xslicea_1.tihi         2.97155
xdut.xlpopamp_core_0.xsliceb_0.zp_m         2.43262
xdut.xlpopamp_core_0.xsliceb_0.bnb         1.15206
xdut.xlpopamp_core_0.xsliceb_0.yp_p         2.87379
xdut.xlpopamp_core_0.xsliceb_0.bpa_r         2.47822
xdut.xlpopamp_core_0.xsliceb_0.zn_m        0.585165
xdut.xlpopamp_core_0.xsliceb_0.xp         1.09263
xdut.xlpopamp_core_0.xsliceb_0.yn_p       0.0992436
xdut.xlpopamp_core_0.xsliceb_0.bna_        0.591439
xdut.xlpopamp_core_0.xsliceb_0.bpb         1.91309
xdut.xlpopamp_core_0.xsliceb_0.bna        0.591561
xdut.xlpopamp_core_0.xsliceb_0.yp_m         2.87779
xdut.xlpopamp_core_0.xsliceb_0.bpa         2.37821
xdut.xlpopamp_core_0.xsliceb_0.xn     1.16473e-05
xdut.xlpopamp_core_0.xsliceb_0.yn_m       0.0976278
xdut.xlpopamp_core_0.xsliceb_0.bpa_l         2.47822
xdut.xlpopamp_core_0.xsliceb_0.tihi         2.97155
xdut.xlpopamp_core_0.xsliceb_0.enb      3.1989e-08
out_                                       1.5
v_out#branch                      -0.000291695
v_en#branch                       -9.89928e-11
v_in#branch                       -3.24861e-12
v_avdd#branch                     -0.000120982
v_avss#branch                      1.64344e-09


No. of Data Rows : 1035

Warning: command 'plot' is not available during batch simulation, ignored!
    You may use Gnuplot instead.

slewp               =  2.367986e-06 targ=  1.268406e-05 trig=  1.031608e-05
slewm               =  1.996496e-06 targ=  3.205382e-05 trig=  3.005732e-05
slewrp = 1.081087e+06
slewrm = 1.282246e+06
slewr = 1.181667e+06
binary raw file "../out/sp6.raw"
Doing analysis at TEMP = 85.000000 and TNOM = 27.000000

Using SPARSE 1.3 as Direct Linear Solver
No. of Data Columns : 3  
Note: Starting dynamic gmin stepping
Note: Dynamic gmin stepping completed

Initial Transient Solution
--------------------------

Node                                   Voltage
----                                   -------
xdut.xlpopamp_core_0.xsliceb_1.zp_m         2.43262
xdut.xlpopamp_core_0.xsliceb_1.bnb         1.15206
avss                                         0
avdd                                         3
xdut.xlpopamp_core_0.xsliceb_1.yp_p         2.87379
xdut.xlpopamp_core_0.xsliceb_1.bpa_r         2.47822
xdut.xlpopamp_core_0.xsliceb_1.zn_m        0.585165
xdut.xlpopamp_core_0.xsliceb_1.xp         1.09263
out                                  0.0415266
xdut.xlpopamp_core_0.xsliceb_1.yn_p       0.0992436
xdut.xlpopamp_core_0.xsliceb_1.bna_        0.591439
xdut.zp_p                                2.522
xdut.xlpopamp_core_0.xsliceb_1.bpb         1.91309
xdut.xlpopamp_core_0.xsliceb_1.bna        0.591561
en                                           3
ibias                                 0.592391
xdut.xlpopamp_core_0.xsliceb_1.yp_m         2.87779
xdut.xlpopamp_core_0.xsliceb_1.bpa         2.37821
xdut.xlpopamp_core_0.xsliceb_1.xn     1.16473e-05
xdut.xlpopamp_core_0.xsliceb_1.yn_m       0.0976278
in                                        0.05
xdut.zn_p                             0.793354
xdut.xlpopamp_core_0.xsliceb_1.bpa_l         2.47822
xdut.xlpopamp_core_0.xsliceb_1.tihi         2.97155
xdut.xlpopamp_core_0.xsliceb_1.enb      3.1989e-08
xdut.xlpopamp_core_0.xslicea_0.bpb         1.91309
xdut.xlpopamp_core_0.xslicea_0.zn_m        0.585165
xdut.xlpopamp_core_0.xslicea_0.yn_m       0.0976278
xdut.xlpopamp_core_0.xslicea_0.bna        0.591561
xdut.xlpopamp_core_0.xslicea_0.bpa_r         2.47822
xdut.xlpopamp_core_0.xslicea_0.zp_m         2.43262
xdut.xlpopamp_core_0.xslicea_0.yp_p         2.87379
xdut.xlpopamp_core_0.xslicea_0.bnb         1.15206
xdut.xlpopamp_core_0.xslicea_0.xp         1.09263
xdut.xlpopamp_core_0.xslicea_0.yn_p       0.0992436
xdut.xlpopamp_core_0.xslicea_0.bna_        0.591439
xdut.xlpopamp_core_0.xslicea_0.bpa_l         2.47822
xdut.xlpopamp_core_0.xslicea_0.yp_m         2.87779
xdut.xlpopamp_core_0.xslicea_0.bpa         2.37821
xdut.xlpopamp_core_0.xslicea_0.enb      3.1989e-08
xdut.xlpopamp_core_0.xslicea_0.xn     1.16473e-05
xdut.xlpopamp_core_0.xslicea_0.tihi         2.97155
xdut.xlpopamp_core_0.xslicea_1.bpb         1.91309
xdut.xlpopamp_core_0.xslicea_1.zn_m        0.585165
xdut.xlpopamp_core_0.xslicea_1.yn_m       0.0976278
xdut.xlpopamp_core_0.xslicea_1.bna        0.591561
xdut.xlpopamp_core_0.xslicea_1.bpa_r         2.47822
xdut.xlpopamp_core_0.xslicea_1.zp_m         2.43262
xdut.xlpopamp_core_0.xslicea_1.yp_p         2.87379
xdut.xlpopamp_core_0.xslicea_1.bnb         1.15206
xdut.xlpopamp_core_0.xslicea_1.xp         1.09263
xdut.xlpopamp_core_0.xslicea_1.yn_p       0.0992436
xdut.xlpopamp_core_0.xslicea_1.bna_        0.591439
xdut.xlpopamp_core_0.xslicea_1.bpa_l         2.47822
xdut.xlpopamp_core_0.xslicea_1.yp_m         2.87779
xdut.xlpopamp_core_0.xslicea_1.bpa         2.37821
xdut.xlpopamp_core_0.xslicea_1.enb      3.1989e-08
xdut.xlpopamp_core_0.xslicea_1.xn     1.16473e-05
xdut.xlpopamp_core_0.xslicea_1.tihi         2.97155
xdut.xlpopamp_core_0.xsliceb_0.zp_m         2.43262
xdut.xlpopamp_core_0.xsliceb_0.bnb         1.15206
xdut.xlpopamp_core_0.xsliceb_0.yp_p         2.87379
xdut.xlpopamp_core_0.xsliceb_0.bpa_r         2.47822
xdut.xlpopamp_core_0.xsliceb_0.zn_m        0.585165
xdut.xlpopamp_core_0.xsliceb_0.xp         1.09263
xdut.xlpopamp_core_0.xsliceb_0.yn_p       0.0992436
xdut.xlpopamp_core_0.xsliceb_0.bna_        0.591439
xdut.xlpopamp_core_0.xsliceb_0.bpb         1.91309
xdut.xlpopamp_core_0.xsliceb_0.bna        0.591561
xdut.xlpopamp_core_0.xsliceb_0.yp_m         2.87779
xdut.xlpopamp_core_0.xsliceb_0.bpa         2.37821
xdut.xlpopamp_core_0.xsliceb_0.xn     1.16473e-05
xdut.xlpopamp_core_0.xsliceb_0.yn_m       0.0976278
xdut.xlpopamp_core_0.xsliceb_0.bpa_l         2.47822
xdut.xlpopamp_core_0.xsliceb_0.tihi         2.97155
xdut.xlpopamp_core_0.xsliceb_0.enb      3.1989e-08
out_                                       1.5
v_out#branch                      -0.000291695
v_en#branch                       -9.89928e-11
v_in#branch                       -3.24861e-12
v_avdd#branch                     -0.000120982
v_avss#branch                      1.64344e-09


No. of Data Rows : 1035

Total analysis time (seconds) = 852.686

Total elapsed time (seconds) = 855.097 

Total DRAM available = 19163.059 MB.
DRAM currently available = 8262.777 MB.
Maximum ngspice program size =  306.941 MB.
Current ngspice program size =  224.938 MB.

Shared ngspice pages =   11.859 MB.
Text (code) pages =    6.406 MB.
Stack = 0 bytes.
Library pages =  222.008 MB.

