
Note: Compatibility modes selected: hs a

Warning: m=xx on .subckt line will override multiplier m hierarchy!


Circuit: * num: 7 corner: mos_sf vdd: 3.0 temp: 85

Doing analysis at TEMP = 85.000000 and TNOM = 27.000000

Using SPARSE 1.3 as Direct Linear Solver
Note: Starting dynamic gmin stepping
Note: Dynamic gmin stepping completed

Initial Transient Solution
--------------------------

Node                                   Voltage
----                                   -------
xdut.xlpopamp_core_0.xsliceb_1.zp_m         2.40731
xdut.xlpopamp_core_0.xsliceb_1.bnb         1.36355
avss                                         0
avdd                                         3
xdut.xlpopamp_core_0.xsliceb_1.yp_p         2.87716
xdut.xlpopamp_core_0.xsliceb_1.bpa_r         2.44787
xdut.xlpopamp_core_0.xsliceb_1.zn_m        0.664117
xdut.xlpopamp_core_0.xsliceb_1.xp         1.12304
out                                  0.0411522
xdut.xlpopamp_core_0.xsliceb_1.yn_p         0.08734
xdut.xlpopamp_core_0.xsliceb_1.bna_        0.687438
xdut.zp_p                              2.49239
xdut.xlpopamp_core_0.xsliceb_1.bpb         1.83859
xdut.xlpopamp_core_0.xsliceb_1.bna        0.663667
en                                           3
ibias                                 0.664674
xdut.xlpopamp_core_0.xsliceb_1.yp_m         2.88106
xdut.xlpopamp_core_0.xsliceb_1.bpa         2.35288
xdut.xlpopamp_core_0.xsliceb_1.xn     1.44684e-06
xdut.xlpopamp_core_0.xsliceb_1.yn_m       0.0858322
in                                        0.05
xdut.zn_p                             0.901334
xdut.xlpopamp_core_0.xsliceb_1.bpa_l         2.44787
xdut.xlpopamp_core_0.xsliceb_1.tihi         2.95982
xdut.xlpopamp_core_0.xsliceb_1.enb     1.61188e-08
xdut.xlpopamp_core_0.xslicea_0.bpb         1.83859
xdut.xlpopamp_core_0.xslicea_0.zn_m        0.664117
xdut.xlpopamp_core_0.xslicea_0.yn_m       0.0858322
xdut.xlpopamp_core_0.xslicea_0.bna        0.663667
xdut.xlpopamp_core_0.xslicea_0.bpa_r         2.44787
xdut.xlpopamp_core_0.xslicea_0.zp_m         2.40731
xdut.xlpopamp_core_0.xslicea_0.yp_p         2.87716
xdut.xlpopamp_core_0.xslicea_0.bnb         1.36355
xdut.xlpopamp_core_0.xslicea_0.xp         1.12304
xdut.xlpopamp_core_0.xslicea_0.yn_p         0.08734
xdut.xlpopamp_core_0.xslicea_0.bna_        0.687438
xdut.xlpopamp_core_0.xslicea_0.bpa_l         2.44787
xdut.xlpopamp_core_0.xslicea_0.yp_m         2.88106
xdut.xlpopamp_core_0.xslicea_0.bpa         2.35288
xdut.xlpopamp_core_0.xslicea_0.enb     1.61188e-08
xdut.xlpopamp_core_0.xslicea_0.xn     1.44684e-06
xdut.xlpopamp_core_0.xslicea_0.tihi         2.95982
xdut.xlpopamp_core_0.xslicea_1.bpb         1.83859
xdut.xlpopamp_core_0.xslicea_1.zn_m        0.664117
xdut.xlpopamp_core_0.xslicea_1.yn_m       0.0858322
xdut.xlpopamp_core_0.xslicea_1.bna        0.663667
xdut.xlpopamp_core_0.xslicea_1.bpa_r         2.44787
xdut.xlpopamp_core_0.xslicea_1.zp_m         2.40731
xdut.xlpopamp_core_0.xslicea_1.yp_p         2.87716
xdut.xlpopamp_core_0.xslicea_1.bnb         1.36355
xdut.xlpopamp_core_0.xslicea_1.xp         1.12304
xdut.xlpopamp_core_0.xslicea_1.yn_p         0.08734
xdut.xlpopamp_core_0.xslicea_1.bna_        0.687438
xdut.xlpopamp_core_0.xslicea_1.bpa_l         2.44787
xdut.xlpopamp_core_0.xslicea_1.yp_m         2.88106
xdut.xlpopamp_core_0.xslicea_1.bpa         2.35288
xdut.xlpopamp_core_0.xslicea_1.enb     1.61188e-08
xdut.xlpopamp_core_0.xslicea_1.xn     1.44684e-06
xdut.xlpopamp_core_0.xslicea_1.tihi         2.95982
xdut.xlpopamp_core_0.xsliceb_0.zp_m         2.40731
xdut.xlpopamp_core_0.xsliceb_0.bnb         1.36355
xdut.xlpopamp_core_0.xsliceb_0.yp_p         2.87716
xdut.xlpopamp_core_0.xsliceb_0.bpa_r         2.44787
xdut.xlpopamp_core_0.xsliceb_0.zn_m        0.664117
xdut.xlpopamp_core_0.xsliceb_0.xp         1.12304
xdut.xlpopamp_core_0.xsliceb_0.yn_p         0.08734
xdut.xlpopamp_core_0.xsliceb_0.bna_        0.687438
xdut.xlpopamp_core_0.xsliceb_0.bpb         1.83859
xdut.xlpopamp_core_0.xsliceb_0.bna        0.663667
xdut.xlpopamp_core_0.xsliceb_0.yp_m         2.88106
xdut.xlpopamp_core_0.xsliceb_0.bpa         2.35288
xdut.xlpopamp_core_0.xsliceb_0.xn     1.44684e-06
xdut.xlpopamp_core_0.xsliceb_0.yn_m       0.0858322
xdut.xlpopamp_core_0.xsliceb_0.bpa_l         2.44787
xdut.xlpopamp_core_0.xsliceb_0.tihi         2.95982
xdut.xlpopamp_core_0.xsliceb_0.enb     1.61188e-08
out_                                       1.5
v_out#branch                       -0.00029177
v_en#branch                       -9.89928e-11
v_in#branch                       -3.24861e-12
v_avdd#branch                     -0.000120227
v_avss#branch                      1.81473e-09


No. of Data Rows : 1036

Warning: command 'plot' is not available during batch simulation, ignored!
    You may use Gnuplot instead.

slewp               =  2.464634e-06 targ=  1.279690e-05 trig=  1.033227e-05
slewm               =  2.158677e-06 targ=  3.221664e-05 trig=  3.005796e-05
slewrp = 1.038694e+06
slewrm = 1.185912e+06
slewr = 1.112303e+06
binary raw file "../out/sp7.raw"
Doing analysis at TEMP = 85.000000 and TNOM = 27.000000

Using SPARSE 1.3 as Direct Linear Solver
No. of Data Columns : 3  
Note: Starting dynamic gmin stepping
Note: Dynamic gmin stepping completed

Initial Transient Solution
--------------------------

Node                                   Voltage
----                                   -------
xdut.xlpopamp_core_0.xsliceb_1.zp_m         2.40731
xdut.xlpopamp_core_0.xsliceb_1.bnb         1.36355
avss                                         0
avdd                                         3
xdut.xlpopamp_core_0.xsliceb_1.yp_p         2.87716
xdut.xlpopamp_core_0.xsliceb_1.bpa_r         2.44787
xdut.xlpopamp_core_0.xsliceb_1.zn_m        0.664117
xdut.xlpopamp_core_0.xsliceb_1.xp         1.12304
out                                  0.0411522
xdut.xlpopamp_core_0.xsliceb_1.yn_p         0.08734
xdut.xlpopamp_core_0.xsliceb_1.bna_        0.687438
xdut.zp_p                              2.49239
xdut.xlpopamp_core_0.xsliceb_1.bpb         1.83859
xdut.xlpopamp_core_0.xsliceb_1.bna        0.663667
en                                           3
ibias                                 0.664674
xdut.xlpopamp_core_0.xsliceb_1.yp_m         2.88106
xdut.xlpopamp_core_0.xsliceb_1.bpa         2.35288
xdut.xlpopamp_core_0.xsliceb_1.xn     1.44684e-06
xdut.xlpopamp_core_0.xsliceb_1.yn_m       0.0858322
in                                        0.05
xdut.zn_p                             0.901334
xdut.xlpopamp_core_0.xsliceb_1.bpa_l         2.44787
xdut.xlpopamp_core_0.xsliceb_1.tihi         2.95982
xdut.xlpopamp_core_0.xsliceb_1.enb     1.61188e-08
xdut.xlpopamp_core_0.xslicea_0.bpb         1.83859
xdut.xlpopamp_core_0.xslicea_0.zn_m        0.664117
xdut.xlpopamp_core_0.xslicea_0.yn_m       0.0858322
xdut.xlpopamp_core_0.xslicea_0.bna        0.663667
xdut.xlpopamp_core_0.xslicea_0.bpa_r         2.44787
xdut.xlpopamp_core_0.xslicea_0.zp_m         2.40731
xdut.xlpopamp_core_0.xslicea_0.yp_p         2.87716
xdut.xlpopamp_core_0.xslicea_0.bnb         1.36355
xdut.xlpopamp_core_0.xslicea_0.xp         1.12304
xdut.xlpopamp_core_0.xslicea_0.yn_p         0.08734
xdut.xlpopamp_core_0.xslicea_0.bna_        0.687438
xdut.xlpopamp_core_0.xslicea_0.bpa_l         2.44787
xdut.xlpopamp_core_0.xslicea_0.yp_m         2.88106
xdut.xlpopamp_core_0.xslicea_0.bpa         2.35288
xdut.xlpopamp_core_0.xslicea_0.enb     1.61188e-08
xdut.xlpopamp_core_0.xslicea_0.xn     1.44684e-06
xdut.xlpopamp_core_0.xslicea_0.tihi         2.95982
xdut.xlpopamp_core_0.xslicea_1.bpb         1.83859
xdut.xlpopamp_core_0.xslicea_1.zn_m        0.664117
xdut.xlpopamp_core_0.xslicea_1.yn_m       0.0858322
xdut.xlpopamp_core_0.xslicea_1.bna        0.663667
xdut.xlpopamp_core_0.xslicea_1.bpa_r         2.44787
xdut.xlpopamp_core_0.xslicea_1.zp_m         2.40731
xdut.xlpopamp_core_0.xslicea_1.yp_p         2.87716
xdut.xlpopamp_core_0.xslicea_1.bnb         1.36355
xdut.xlpopamp_core_0.xslicea_1.xp         1.12304
xdut.xlpopamp_core_0.xslicea_1.yn_p         0.08734
xdut.xlpopamp_core_0.xslicea_1.bna_        0.687438
xdut.xlpopamp_core_0.xslicea_1.bpa_l         2.44787
xdut.xlpopamp_core_0.xslicea_1.yp_m         2.88106
xdut.xlpopamp_core_0.xslicea_1.bpa         2.35288
xdut.xlpopamp_core_0.xslicea_1.enb     1.61188e-08
xdut.xlpopamp_core_0.xslicea_1.xn     1.44684e-06
xdut.xlpopamp_core_0.xslicea_1.tihi         2.95982
xdut.xlpopamp_core_0.xsliceb_0.zp_m         2.40731
xdut.xlpopamp_core_0.xsliceb_0.bnb         1.36355
xdut.xlpopamp_core_0.xsliceb_0.yp_p         2.87716
xdut.xlpopamp_core_0.xsliceb_0.bpa_r         2.44787
xdut.xlpopamp_core_0.xsliceb_0.zn_m        0.664117
xdut.xlpopamp_core_0.xsliceb_0.xp         1.12304
xdut.xlpopamp_core_0.xsliceb_0.yn_p         0.08734
xdut.xlpopamp_core_0.xsliceb_0.bna_        0.687438
xdut.xlpopamp_core_0.xsliceb_0.bpb         1.83859
xdut.xlpopamp_core_0.xsliceb_0.bna        0.663667
xdut.xlpopamp_core_0.xsliceb_0.yp_m         2.88106
xdut.xlpopamp_core_0.xsliceb_0.bpa         2.35288
xdut.xlpopamp_core_0.xsliceb_0.xn     1.44684e-06
xdut.xlpopamp_core_0.xsliceb_0.yn_m       0.0858322
xdut.xlpopamp_core_0.xsliceb_0.bpa_l         2.44787
xdut.xlpopamp_core_0.xsliceb_0.tihi         2.95982
xdut.xlpopamp_core_0.xsliceb_0.enb     1.61188e-08
out_                                       1.5
v_out#branch                       -0.00029177
v_en#branch                       -9.89928e-11
v_in#branch                       -3.24861e-12
v_avdd#branch                     -0.000120227
v_avss#branch                      1.81473e-09


No. of Data Rows : 1036

Total analysis time (seconds) = 1139.96

Total elapsed time (seconds) = 1143.036 

Total DRAM available = 19163.059 MB.
DRAM currently available = 7875.402 MB.
Maximum ngspice program size =  306.938 MB.
Current ngspice program size =  224.777 MB.

Shared ngspice pages =   11.699 MB.
Text (code) pages =    6.406 MB.
Stack = 0 bytes.
Library pages =  222.004 MB.

