
Note: Compatibility modes selected: hs a

Warning: m=xx on .subckt line will override multiplier m hierarchy!


Circuit: * num: 8 corner: mos_fs vdd: 3.0 temp: 85

Doing analysis at TEMP = 85.000000 and TNOM = 27.000000

Using SPARSE 1.3 as Direct Linear Solver
Note: Starting dynamic gmin stepping
Note: Dynamic gmin stepping completed

Initial Transient Solution
--------------------------

Node                                   Voltage
----                                   -------
xdut.xlpopamp_core_0.xsliceb_1.zp_m         2.35646
xdut.xlpopamp_core_0.xsliceb_1.bnb         1.22265
avss                                         0
avdd                                         3
xdut.xlpopamp_core_0.xsliceb_1.yp_p         2.88367
xdut.xlpopamp_core_0.xsliceb_1.bpa_r         2.38676
xdut.xlpopamp_core_0.xsliceb_1.zn_m        0.611298
xdut.xlpopamp_core_0.xsliceb_1.xp         1.18411
out                                  0.0417835
xdut.xlpopamp_core_0.xsliceb_1.yn_p       0.0950466
xdut.xlpopamp_core_0.xsliceb_1.bna_        0.623491
xdut.zp_p                              2.43148
xdut.xlpopamp_core_0.xsliceb_1.bpb         1.68813
xdut.xlpopamp_core_0.xsliceb_1.bna        0.615948
en                                           3
ibias                                 0.616833
xdut.xlpopamp_core_0.xsliceb_1.yp_m          2.8874
xdut.xlpopamp_core_0.xsliceb_1.bpa         2.30156
xdut.xlpopamp_core_0.xsliceb_1.xn     5.80331e-06
xdut.xlpopamp_core_0.xsliceb_1.yn_m       0.0936117
in                                        0.05
xdut.zn_p                             0.827514
xdut.xlpopamp_core_0.xsliceb_1.bpa_l         2.38676
xdut.xlpopamp_core_0.xsliceb_1.tihi         2.92823
xdut.xlpopamp_core_0.xsliceb_1.enb     3.97864e-09
xdut.xlpopamp_core_0.xslicea_0.bpb         1.68813
xdut.xlpopamp_core_0.xslicea_0.zn_m        0.611298
xdut.xlpopamp_core_0.xslicea_0.yn_m       0.0936117
xdut.xlpopamp_core_0.xslicea_0.bna        0.615948
xdut.xlpopamp_core_0.xslicea_0.bpa_r         2.38676
xdut.xlpopamp_core_0.xslicea_0.zp_m         2.35646
xdut.xlpopamp_core_0.xslicea_0.yp_p         2.88367
xdut.xlpopamp_core_0.xslicea_0.bnb         1.22265
xdut.xlpopamp_core_0.xslicea_0.xp         1.18411
xdut.xlpopamp_core_0.xslicea_0.yn_p       0.0950466
xdut.xlpopamp_core_0.xslicea_0.bna_        0.623491
xdut.xlpopamp_core_0.xslicea_0.bpa_l         2.38676
xdut.xlpopamp_core_0.xslicea_0.yp_m          2.8874
xdut.xlpopamp_core_0.xslicea_0.bpa         2.30156
xdut.xlpopamp_core_0.xslicea_0.enb     3.97864e-09
xdut.xlpopamp_core_0.xslicea_0.xn     5.80331e-06
xdut.xlpopamp_core_0.xslicea_0.tihi         2.92823
xdut.xlpopamp_core_0.xslicea_1.bpb         1.68813
xdut.xlpopamp_core_0.xslicea_1.zn_m        0.611298
xdut.xlpopamp_core_0.xslicea_1.yn_m       0.0936117
xdut.xlpopamp_core_0.xslicea_1.bna        0.615948
xdut.xlpopamp_core_0.xslicea_1.bpa_r         2.38676
xdut.xlpopamp_core_0.xslicea_1.zp_m         2.35646
xdut.xlpopamp_core_0.xslicea_1.yp_p         2.88367
xdut.xlpopamp_core_0.xslicea_1.bnb         1.22265
xdut.xlpopamp_core_0.xslicea_1.xp         1.18411
xdut.xlpopamp_core_0.xslicea_1.yn_p       0.0950466
xdut.xlpopamp_core_0.xslicea_1.bna_        0.623491
xdut.xlpopamp_core_0.xslicea_1.bpa_l         2.38676
xdut.xlpopamp_core_0.xslicea_1.yp_m          2.8874
xdut.xlpopamp_core_0.xslicea_1.bpa         2.30156
xdut.xlpopamp_core_0.xslicea_1.enb     3.97864e-09
xdut.xlpopamp_core_0.xslicea_1.xn     5.80331e-06
xdut.xlpopamp_core_0.xslicea_1.tihi         2.92823
xdut.xlpopamp_core_0.xsliceb_0.zp_m         2.35646
xdut.xlpopamp_core_0.xsliceb_0.bnb         1.22265
xdut.xlpopamp_core_0.xsliceb_0.yp_p         2.88367
xdut.xlpopamp_core_0.xsliceb_0.bpa_r         2.38676
xdut.xlpopamp_core_0.xsliceb_0.zn_m        0.611298
xdut.xlpopamp_core_0.xsliceb_0.xp         1.18411
xdut.xlpopamp_core_0.xsliceb_0.yn_p       0.0950466
xdut.xlpopamp_core_0.xsliceb_0.bna_        0.623491
xdut.xlpopamp_core_0.xsliceb_0.bpb         1.68813
xdut.xlpopamp_core_0.xsliceb_0.bna        0.615948
xdut.xlpopamp_core_0.xsliceb_0.yp_m          2.8874
xdut.xlpopamp_core_0.xsliceb_0.bpa         2.30156
xdut.xlpopamp_core_0.xsliceb_0.xn     5.80331e-06
xdut.xlpopamp_core_0.xsliceb_0.yn_m       0.0936117
xdut.xlpopamp_core_0.xsliceb_0.bpa_l         2.38676
xdut.xlpopamp_core_0.xsliceb_0.tihi         2.92823
xdut.xlpopamp_core_0.xsliceb_0.enb     3.97864e-09
out_                                       1.5
v_out#branch                      -0.000291643
v_en#branch                       -9.89928e-11
v_in#branch                       -3.24861e-12
v_avdd#branch                     -0.000120399
v_avss#branch                      1.69607e-09


No. of Data Rows : 1035

Warning: command 'plot' is not available during batch simulation, ignored!
    You may use Gnuplot instead.

slewp               =  2.478972e-06 targ=  1.280072e-05 trig=  1.032175e-05
slewm               =  2.063206e-06 targ=  3.212231e-05 trig=  3.005911e-05
slewrp = 1.032686e+06
slewrm = 1.240787e+06
slewr = 1.136737e+06
No such file or directory
No such file or directory
../data/tb_lpopamp_buf_tran_step_large_cc.dat8: No such file or directory
binary raw file "../out/sp8.raw"
Doing analysis at TEMP = 85.000000 and TNOM = 27.000000

Using SPARSE 1.3 as Direct Linear Solver
No. of Data Columns : 3  
Note: Starting dynamic gmin stepping
Note: Dynamic gmin stepping completed

Initial Transient Solution
--------------------------

Node                                   Voltage
----                                   -------
xdut.xlpopamp_core_0.xsliceb_1.zp_m         2.35646
xdut.xlpopamp_core_0.xsliceb_1.bnb         1.22265
avss                                         0
avdd                                         3
xdut.xlpopamp_core_0.xsliceb_1.yp_p         2.88367
xdut.xlpopamp_core_0.xsliceb_1.bpa_r         2.38676
xdut.xlpopamp_core_0.xsliceb_1.zn_m        0.611298
xdut.xlpopamp_core_0.xsliceb_1.xp         1.18411
out                                  0.0417835
xdut.xlpopamp_core_0.xsliceb_1.yn_p       0.0950466
xdut.xlpopamp_core_0.xsliceb_1.bna_        0.623491
xdut.zp_p                              2.43148
xdut.xlpopamp_core_0.xsliceb_1.bpb         1.68813
xdut.xlpopamp_core_0.xsliceb_1.bna        0.615948
en                                           3
ibias                                 0.616833
xdut.xlpopamp_core_0.xsliceb_1.yp_m          2.8874
xdut.xlpopamp_core_0.xsliceb_1.bpa         2.30156
xdut.xlpopamp_core_0.xsliceb_1.xn     5.80331e-06
xdut.xlpopamp_core_0.xsliceb_1.yn_m       0.0936117
in                                        0.05
xdut.zn_p                             0.827514
xdut.xlpopamp_core_0.xsliceb_1.bpa_l         2.38676
xdut.xlpopamp_core_0.xsliceb_1.tihi         2.92823
xdut.xlpopamp_core_0.xsliceb_1.enb     3.97864e-09
xdut.xlpopamp_core_0.xslicea_0.bpb         1.68813
xdut.xlpopamp_core_0.xslicea_0.zn_m        0.611298
xdut.xlpopamp_core_0.xslicea_0.yn_m       0.0936117
xdut.xlpopamp_core_0.xslicea_0.bna        0.615948
xdut.xlpopamp_core_0.xslicea_0.bpa_r         2.38676
xdut.xlpopamp_core_0.xslicea_0.zp_m         2.35646
xdut.xlpopamp_core_0.xslicea_0.yp_p         2.88367
xdut.xlpopamp_core_0.xslicea_0.bnb         1.22265
xdut.xlpopamp_core_0.xslicea_0.xp         1.18411
xdut.xlpopamp_core_0.xslicea_0.yn_p       0.0950466
xdut.xlpopamp_core_0.xslicea_0.bna_        0.623491
xdut.xlpopamp_core_0.xslicea_0.bpa_l         2.38676
xdut.xlpopamp_core_0.xslicea_0.yp_m          2.8874
xdut.xlpopamp_core_0.xslicea_0.bpa         2.30156
xdut.xlpopamp_core_0.xslicea_0.enb     3.97864e-09
xdut.xlpopamp_core_0.xslicea_0.xn     5.80331e-06
xdut.xlpopamp_core_0.xslicea_0.tihi         2.92823
xdut.xlpopamp_core_0.xslicea_1.bpb         1.68813
xdut.xlpopamp_core_0.xslicea_1.zn_m        0.611298
xdut.xlpopamp_core_0.xslicea_1.yn_m       0.0936117
xdut.xlpopamp_core_0.xslicea_1.bna        0.615948
xdut.xlpopamp_core_0.xslicea_1.bpa_r         2.38676
xdut.xlpopamp_core_0.xslicea_1.zp_m         2.35646
xdut.xlpopamp_core_0.xslicea_1.yp_p         2.88367
xdut.xlpopamp_core_0.xslicea_1.bnb         1.22265
xdut.xlpopamp_core_0.xslicea_1.xp         1.18411
xdut.xlpopamp_core_0.xslicea_1.yn_p       0.0950466
xdut.xlpopamp_core_0.xslicea_1.bna_        0.623491
xdut.xlpopamp_core_0.xslicea_1.bpa_l         2.38676
xdut.xlpopamp_core_0.xslicea_1.yp_m          2.8874
xdut.xlpopamp_core_0.xslicea_1.bpa         2.30156
xdut.xlpopamp_core_0.xslicea_1.enb     3.97864e-09
xdut.xlpopamp_core_0.xslicea_1.xn     5.80331e-06
xdut.xlpopamp_core_0.xslicea_1.tihi         2.92823
xdut.xlpopamp_core_0.xsliceb_0.zp_m         2.35646
xdut.xlpopamp_core_0.xsliceb_0.bnb         1.22265
xdut.xlpopamp_core_0.xsliceb_0.yp_p         2.88367
xdut.xlpopamp_core_0.xsliceb_0.bpa_r         2.38676
xdut.xlpopamp_core_0.xsliceb_0.zn_m        0.611298
xdut.xlpopamp_core_0.xsliceb_0.xp         1.18411
xdut.xlpopamp_core_0.xsliceb_0.yn_p       0.0950466
xdut.xlpopamp_core_0.xsliceb_0.bna_        0.623491
xdut.xlpopamp_core_0.xsliceb_0.bpb         1.68813
xdut.xlpopamp_core_0.xsliceb_0.bna        0.615948
xdut.xlpopamp_core_0.xsliceb_0.yp_m          2.8874
xdut.xlpopamp_core_0.xsliceb_0.bpa         2.30156
xdut.xlpopamp_core_0.xsliceb_0.xn     5.80331e-06
xdut.xlpopamp_core_0.xsliceb_0.yn_m       0.0936117
xdut.xlpopamp_core_0.xsliceb_0.bpa_l         2.38676
xdut.xlpopamp_core_0.xsliceb_0.tihi         2.92823
xdut.xlpopamp_core_0.xsliceb_0.enb     3.97864e-09
out_                                       1.5
v_out#branch                      -0.000291643
v_en#branch                       -9.89928e-11
v_in#branch                       -3.24861e-12
v_avdd#branch                     -0.000120399
v_avss#branch                      1.69607e-09


No. of Data Rows : 1035

Total analysis time (seconds) = 932.165

Total elapsed time (seconds) = 934.767 

Total DRAM available = 19163.051 MB.
DRAM currently available = 8724.262 MB.
Maximum ngspice program size =  306.934 MB.
Current ngspice program size =  225.090 MB.

Shared ngspice pages =   12.047 MB.
Text (code) pages =    6.406 MB.
Stack = 0 bytes.
Library pages =  222.000 MB.

