
Note: Compatibility modes selected: hs a

Warning: m=xx on .subckt line will override multiplier m hierarchy!


Circuit: * num: 11 corner: mos_sf vdd: 3.6 temp: -40

Doing analysis at TEMP = -40.000000 and TNOM = 27.000000

Using SPARSE 1.3 as Direct Linear Solver
Note: Starting dynamic gmin stepping
Note: Dynamic gmin stepping completed

No. of Data Rows : 91

No. of Data Rows : 1
onoise_10k = 0.000000e+00
onoise_total = 0.000000e+00

Warning: command 'plot' is not available during batch simulation, ignored!
    You may use Gnuplot instead.

./data/tb_lpopamp_buf_noise_cc_onoise.dat11: No such file or directory
binary raw file "./out/sp11.raw"
Doing analysis at TEMP = -40.000000 and TNOM = 27.000000

Using SPARSE 1.3 as Direct Linear Solver

Total analysis time (seconds) = 433.295

Total elapsed time (seconds) = 436.141 

Total DRAM available = 19163.059 MB.
DRAM currently available = 8739.809 MB.
Maximum ngspice program size =  289.594 MB.
Current ngspice program size =  208.461 MB.

Shared ngspice pages =   12.016 MB.
Text (code) pages =    6.406 MB.
Stack = 0 bytes.
Library pages =  204.660 MB.

