
Note: Compatibility modes selected: hs a

Warning: m=xx on .subckt line will override multiplier m hierarchy!


Circuit: * num: 13 corner: mos_ss vdd: 3.6 temp: 85

Doing analysis at TEMP = 85.000000 and TNOM = 27.000000

Using SPARSE 1.3 as Direct Linear Solver
Note: Starting dynamic gmin stepping
Note: Dynamic gmin stepping completed

No. of Data Rows : 91

No. of Data Rows : 1
onoise_10k = 0.000000e+00
onoise_total = 0.000000e+00

Warning: command 'plot' is not available during batch simulation, ignored!
    You may use Gnuplot instead.

./data/tb_lpopamp_buf_noise_cc_onoise.dat13: No such file or directory
binary raw file "./out/sp13.raw"
Doing analysis at TEMP = 85.000000 and TNOM = 27.000000

Using SPARSE 1.3 as Direct Linear Solver

Total analysis time (seconds) = 362.725

Total elapsed time (seconds) = 365.563 

Total DRAM available = 19163.059 MB.
DRAM currently available = 8526.566 MB.
Maximum ngspice program size =  289.602 MB.
Current ngspice program size =  208.426 MB.

Shared ngspice pages =   11.980 MB.
Text (code) pages =    6.406 MB.
Stack = 0 bytes.
Library pages =  204.668 MB.

