
Note: Compatibility modes selected: hs a

Warning: m=xx on .subckt line will override multiplier m hierarchy!


Circuit: * num: 15 corner: mos_sf vdd: 3.6 temp: 85

Doing analysis at TEMP = 85.000000 and TNOM = 27.000000

Using SPARSE 1.3 as Direct Linear Solver
Note: Starting dynamic gmin stepping
Note: Dynamic gmin stepping completed

No. of Data Rows : 91

No. of Data Rows : 1
onoise_10k = 0.000000e+00
onoise_total = 0.000000e+00

Warning: command 'plot' is not available during batch simulation, ignored!
    You may use Gnuplot instead.

./data/tb_lpopamp_buf_noise_cc_onoise.dat15: No such file or directory
binary raw file "./out/sp15.raw"
Doing analysis at TEMP = 85.000000 and TNOM = 27.000000

Using SPARSE 1.3 as Direct Linear Solver

Total analysis time (seconds) = 431.296

Total elapsed time (seconds) = 434.115 

Total DRAM available = 19163.059 MB.
DRAM currently available = 8584.809 MB.
Maximum ngspice program size =  289.609 MB.
Current ngspice program size =  208.559 MB.

Shared ngspice pages =   12.109 MB.
Text (code) pages =    6.406 MB.
Stack = 0 bytes.
Library pages =  204.676 MB.

