
Note: Compatibility modes selected: hs a

Warning: m=xx on .subckt line will override multiplier m hierarchy!


Circuit: * num: 4 corner: mos_fs vdd: 3.0 temp: -40

Doing analysis at TEMP = -40.000000 and TNOM = 27.000000

Using SPARSE 1.3 as Direct Linear Solver
Note: Starting dynamic gmin stepping
Note: Dynamic gmin stepping completed

No. of Data Rows : 91

No. of Data Rows : 1
onoise_10k = 0.000000e+00
onoise_total = 0.000000e+00

Warning: command 'plot' is not available during batch simulation, ignored!
    You may use Gnuplot instead.

./data/tb_lpopamp_buf_noise_cc_onoise.dat4: No such file or directory
binary raw file "./out/sp4.raw"
Doing analysis at TEMP = -40.000000 and TNOM = 27.000000

Using SPARSE 1.3 as Direct Linear Solver

Total analysis time (seconds) = 418.081

Total elapsed time (seconds) = 420.899 

Total DRAM available = 19163.059 MB.
DRAM currently available = 8786.672 MB.
Maximum ngspice program size =  289.598 MB.
Current ngspice program size =  208.684 MB.

Shared ngspice pages =   12.238 MB.
Text (code) pages =    6.406 MB.
Stack = 0 bytes.
Library pages =  204.664 MB.

