
Note: Compatibility modes selected: hs a

Warning: m=xx on .subckt line will override multiplier m hierarchy!


Circuit: * num: 0 corner: mos_tt vdd: 3.3 temp: 25

Option cshunt: 890 capacitors added with 1e-15 F each
Doing analysis at TEMP = 25.000000 and TNOM = 27.000000

Using SPARSE 1.3 as Direct Linear Solver
Note: Starting dynamic gmin stepping
Note: Dynamic gmin stepping completed

Initial Transient Solution
--------------------------

Node                                   Voltage
----                                   -------
xdut.xlpopamp_core_0.xsliceb_1.zp_m         2.57985
xdut.xlpopamp_core_0.xsliceb_1.bnb         1.39121
avss                                         0
avdd                                       3.3
xdut.xlpopamp_core_0.xsliceb_1.yp_p         3.17045
xdut.xlpopamp_core_0.xsliceb_1.bpa_r         2.64658
xdut.xlpopamp_core_0.xsliceb_1.zn_m        0.684561
xdut.xlpopamp_core_0.xsliceb_1.xp         2.48806
out                                    1.64864
xdut.xlpopamp_core_0.xsliceb_1.yn_p       0.0844343
xdut.xlpopamp_core_0.xsliceb_1.bna_        0.693316
xdut.zp_p                              2.64562
xdut.xlpopamp_core_0.xsliceb_1.bpb         1.88091
xdut.xlpopamp_core_0.xsliceb_1.bna         0.68962
en                                         3.3
ibias                                 0.690285
xdut.xlpopamp_core_0.xsliceb_1.yp_m         3.17188
xdut.xlpopamp_core_0.xsliceb_1.bpa         2.55739
xdut.xlpopamp_core_0.xsliceb_1.xn        0.900551
xdut.xlpopamp_core_0.xsliceb_1.yn_m       0.0839302
in                                        1.65
xdut.zn_p                             0.670031
xdut.xlpopamp_core_0.xsliceb_1.bpa_l         2.64658
xdut.xlpopamp_core_0.xsliceb_1.tihi         3.06203
xdut.xlpopamp_core_0.xsliceb_1.enb     8.05939e-10
xdut.xlpopamp_core_0.xslicea_0.bpb         1.88091
xdut.xlpopamp_core_0.xslicea_0.zn_m        0.684561
xdut.xlpopamp_core_0.xslicea_0.yn_m       0.0839302
xdut.xlpopamp_core_0.xslicea_0.bna         0.68962
xdut.xlpopamp_core_0.xslicea_0.bpa_r         2.64658
xdut.xlpopamp_core_0.xslicea_0.zp_m         2.57985
xdut.xlpopamp_core_0.xslicea_0.yp_p         3.17045
xdut.xlpopamp_core_0.xslicea_0.bnb         1.39121
xdut.xlpopamp_core_0.xslicea_0.xp         2.48806
xdut.xlpopamp_core_0.xslicea_0.yn_p       0.0844343
xdut.xlpopamp_core_0.xslicea_0.bna_        0.693316
xdut.xlpopamp_core_0.xslicea_0.bpa_l         2.64658
xdut.xlpopamp_core_0.xslicea_0.yp_m         3.17188
xdut.xlpopamp_core_0.xslicea_0.bpa         2.55739
xdut.xlpopamp_core_0.xslicea_0.enb     8.05939e-10
xdut.xlpopamp_core_0.xslicea_0.xn        0.900551
xdut.xlpopamp_core_0.xslicea_0.tihi         3.06203
xdut.xlpopamp_core_0.xslicea_1.bpb         1.88091
xdut.xlpopamp_core_0.xslicea_1.zn_m        0.684561
xdut.xlpopamp_core_0.xslicea_1.yn_m       0.0839302
xdut.xlpopamp_core_0.xslicea_1.bna         0.68962
xdut.xlpopamp_core_0.xslicea_1.bpa_r         2.64658
xdut.xlpopamp_core_0.xslicea_1.zp_m         2.57985
xdut.xlpopamp_core_0.xslicea_1.yp_p         3.17045
xdut.xlpopamp_core_0.xslicea_1.bnb         1.39121
xdut.xlpopamp_core_0.xslicea_1.xp         2.48806
xdut.xlpopamp_core_0.xslicea_1.yn_p       0.0844343
xdut.xlpopamp_core_0.xslicea_1.bna_        0.693316
xdut.xlpopamp_core_0.xslicea_1.bpa_l         2.64658
xdut.xlpopamp_core_0.xslicea_1.yp_m         3.17188
xdut.xlpopamp_core_0.xslicea_1.bpa         2.55739
xdut.xlpopamp_core_0.xslicea_1.enb     8.05939e-10
xdut.xlpopamp_core_0.xslicea_1.xn        0.900551
xdut.xlpopamp_core_0.xslicea_1.tihi         3.06203
xdut.xlpopamp_core_0.xsliceb_0.zp_m         2.57985
xdut.xlpopamp_core_0.xsliceb_0.bnb         1.39121
xdut.xlpopamp_core_0.xsliceb_0.yp_p         3.17045
xdut.xlpopamp_core_0.xsliceb_0.bpa_r         2.64658
xdut.xlpopamp_core_0.xsliceb_0.zn_m        0.684561
xdut.xlpopamp_core_0.xsliceb_0.xp         2.48806
xdut.xlpopamp_core_0.xsliceb_0.yn_p       0.0844343
xdut.xlpopamp_core_0.xsliceb_0.bna_        0.693316
xdut.xlpopamp_core_0.xsliceb_0.bpb         1.88091
xdut.xlpopamp_core_0.xsliceb_0.bna         0.68962
xdut.xlpopamp_core_0.xsliceb_0.yp_m         3.17188
xdut.xlpopamp_core_0.xsliceb_0.bpa         2.55739
xdut.xlpopamp_core_0.xsliceb_0.xn        0.900551
xdut.xlpopamp_core_0.xsliceb_0.yn_m       0.0839302
xdut.xlpopamp_core_0.xsliceb_0.bpa_l         2.64658
xdut.xlpopamp_core_0.xsliceb_0.tihi         3.06203
xdut.xlpopamp_core_0.xsliceb_0.enb     8.05939e-10
enb                                          0
out_                                      1.65
v_out#branch                      -2.72738e-07
v_enb#branch                                 0
v_en#branch                       -1.08953e-10
v_in#branch                       -1.07255e-10
v_avdd#branch                     -0.000176408
v_avss#branch                      2.10437e-09

