
Note: Compatibility modes selected: hs a

Warning: m=xx on .subckt line will override multiplier m hierarchy!


Circuit: * num: 1 corner: mos_ss vdd: 3.0 temp: -40

Doing analysis at TEMP = -40.000000 and TNOM = 27.000000

Using SPARSE 1.3 as Direct Linear Solver
Note: Starting dynamic gmin stepping
Note: Dynamic gmin stepping completed

Initial Transient Solution
--------------------------

Node                                   Voltage
----                                   -------
xdut.xlpopamp_core_0.xsliceb_1.zp_m         2.16088
xdut.xlpopamp_core_0.xsliceb_1.bnb         1.61785
avss                                         0
avdd                                         3
xdut.xlpopamp_core_0.xsliceb_1.yp_p         2.88757
xdut.xlpopamp_core_0.xsliceb_1.bpa_r         2.22052
xdut.xlpopamp_core_0.xsliceb_1.zn_m        0.781466
xdut.xlpopamp_core_0.xsliceb_1.xp         2.36736
out                                    1.44872
xdut.xlpopamp_core_0.xsliceb_1.yn_p       0.0719699
xdut.xlpopamp_core_0.xsliceb_1.bna_        0.788895
xdut.zp_p                              2.22475
xdut.xlpopamp_core_0.xsliceb_1.bpb         1.26231
xdut.xlpopamp_core_0.xsliceb_1.bna        0.783397
en                                           3
ibias                                 0.784073
xdut.xlpopamp_core_0.xsliceb_1.yp_m          2.8887
xdut.xlpopamp_core_0.xsliceb_1.bpa         2.14162
xdut.xlpopamp_core_0.xsliceb_1.xn         0.63783
xdut.xlpopamp_core_0.xsliceb_1.yn_m       0.0715167
in                                        1.45
xdut.zn_p                             0.769239
xdut.xlpopamp_core_0.xsliceb_1.bpa_l         2.22052
xdut.xlpopamp_core_0.xsliceb_1.tihi         2.54509
xdut.xlpopamp_core_0.xsliceb_1.enb      2.7087e-12
xdut.xlpopamp_core_0.xslicea_0.bpb         1.26231
xdut.xlpopamp_core_0.xslicea_0.zn_m        0.781466
xdut.xlpopamp_core_0.xslicea_0.yn_m       0.0715167
xdut.xlpopamp_core_0.xslicea_0.bna        0.783397
xdut.xlpopamp_core_0.xslicea_0.bpa_r         2.22052
xdut.xlpopamp_core_0.xslicea_0.zp_m         2.16088
xdut.xlpopamp_core_0.xslicea_0.yp_p         2.88757
xdut.xlpopamp_core_0.xslicea_0.bnb         1.61785
xdut.xlpopamp_core_0.xslicea_0.xp         2.36736
xdut.xlpopamp_core_0.xslicea_0.yn_p       0.0719699
xdut.xlpopamp_core_0.xslicea_0.bna_        0.788895
xdut.xlpopamp_core_0.xslicea_0.bpa_l         2.22052
xdut.xlpopamp_core_0.xslicea_0.yp_m          2.8887
xdut.xlpopamp_core_0.xslicea_0.bpa         2.14162
xdut.xlpopamp_core_0.xslicea_0.enb      2.7087e-12
xdut.xlpopamp_core_0.xslicea_0.xn         0.63783
xdut.xlpopamp_core_0.xslicea_0.tihi         2.54509
xdut.xlpopamp_core_0.xslicea_1.bpb         1.26231
xdut.xlpopamp_core_0.xslicea_1.zn_m        0.781466
xdut.xlpopamp_core_0.xslicea_1.yn_m       0.0715167
xdut.xlpopamp_core_0.xslicea_1.bna        0.783397
xdut.xlpopamp_core_0.xslicea_1.bpa_r         2.22052
xdut.xlpopamp_core_0.xslicea_1.zp_m         2.16088
xdut.xlpopamp_core_0.xslicea_1.yp_p         2.88757
xdut.xlpopamp_core_0.xslicea_1.bnb         1.61785
xdut.xlpopamp_core_0.xslicea_1.xp         2.36736
xdut.xlpopamp_core_0.xslicea_1.yn_p       0.0719699
xdut.xlpopamp_core_0.xslicea_1.bna_        0.788895
xdut.xlpopamp_core_0.xslicea_1.bpa_l         2.22052
xdut.xlpopamp_core_0.xslicea_1.yp_m          2.8887
xdut.xlpopamp_core_0.xslicea_1.bpa         2.14162
xdut.xlpopamp_core_0.xslicea_1.enb      2.7087e-12
xdut.xlpopamp_core_0.xslicea_1.xn         0.63783
xdut.xlpopamp_core_0.xslicea_1.tihi         2.54509
xdut.xlpopamp_core_0.xsliceb_0.zp_m         2.16088
xdut.xlpopamp_core_0.xsliceb_0.bnb         1.61785
xdut.xlpopamp_core_0.xsliceb_0.yp_p         2.88757
xdut.xlpopamp_core_0.xsliceb_0.bpa_r         2.22052
xdut.xlpopamp_core_0.xsliceb_0.zn_m        0.781466
xdut.xlpopamp_core_0.xsliceb_0.xp         2.36736
xdut.xlpopamp_core_0.xsliceb_0.yn_p       0.0719699
xdut.xlpopamp_core_0.xsliceb_0.bna_        0.788895
xdut.xlpopamp_core_0.xsliceb_0.bpb         1.26231
xdut.xlpopamp_core_0.xsliceb_0.bna        0.783397
xdut.xlpopamp_core_0.xsliceb_0.yp_m          2.8887
xdut.xlpopamp_core_0.xsliceb_0.bpa         2.14162
xdut.xlpopamp_core_0.xsliceb_0.xn         0.63783
xdut.xlpopamp_core_0.xsliceb_0.yn_m       0.0715167
xdut.xlpopamp_core_0.xsliceb_0.bpa_l         2.22052
xdut.xlpopamp_core_0.xsliceb_0.tihi         2.54509
xdut.xlpopamp_core_0.xsliceb_0.enb      2.7087e-12
enb                                          0
out_                                       1.5
v_out#branch                       -1.0255e-05
v_enb#branch                                 0
v_en#branch                       -9.89928e-11
v_in#branch                       -9.42264e-11
v_avdd#branch                      -0.00016611
v_avss#branch                      2.18587e-09


No. of Data Rows : 1023

Warning: command 'plot' is not available during batch simulation, ignored!
    You may use Gnuplot instead.

../data/tb_lpopamp_buf_tran_sine_cc.dat1: No such file or directory
binary raw file "../out/sp1.raw"
Doing analysis at TEMP = -40.000000 and TNOM = 27.000000

Using SPARSE 1.3 as Direct Linear Solver
No. of Data Columns : 3  
Note: Starting dynamic gmin stepping
Note: Dynamic gmin stepping completed

Initial Transient Solution
--------------------------

Node                                   Voltage
----                                   -------
xdut.xlpopamp_core_0.xsliceb_1.zp_m         2.16088
xdut.xlpopamp_core_0.xsliceb_1.bnb         1.61785
avss                                         0
avdd                                         3
xdut.xlpopamp_core_0.xsliceb_1.yp_p         2.88757
xdut.xlpopamp_core_0.xsliceb_1.bpa_r         2.22052
xdut.xlpopamp_core_0.xsliceb_1.zn_m        0.781466
xdut.xlpopamp_core_0.xsliceb_1.xp         2.36736
out                                    1.44872
xdut.xlpopamp_core_0.xsliceb_1.yn_p       0.0719699
xdut.xlpopamp_core_0.xsliceb_1.bna_        0.788895
xdut.zp_p                              2.22475
xdut.xlpopamp_core_0.xsliceb_1.bpb         1.26231
xdut.xlpopamp_core_0.xsliceb_1.bna        0.783397
en                                           3
ibias                                 0.784073
xdut.xlpopamp_core_0.xsliceb_1.yp_m          2.8887
xdut.xlpopamp_core_0.xsliceb_1.bpa         2.14162
xdut.xlpopamp_core_0.xsliceb_1.xn         0.63783
xdut.xlpopamp_core_0.xsliceb_1.yn_m       0.0715167
in                                        1.45
xdut.zn_p                             0.769239
xdut.xlpopamp_core_0.xsliceb_1.bpa_l         2.22052
xdut.xlpopamp_core_0.xsliceb_1.tihi         2.54509
xdut.xlpopamp_core_0.xsliceb_1.enb      2.7087e-12
xdut.xlpopamp_core_0.xslicea_0.bpb         1.26231
xdut.xlpopamp_core_0.xslicea_0.zn_m        0.781466
xdut.xlpopamp_core_0.xslicea_0.yn_m       0.0715167
xdut.xlpopamp_core_0.xslicea_0.bna        0.783397
xdut.xlpopamp_core_0.xslicea_0.bpa_r         2.22052
xdut.xlpopamp_core_0.xslicea_0.zp_m         2.16088
xdut.xlpopamp_core_0.xslicea_0.yp_p         2.88757
xdut.xlpopamp_core_0.xslicea_0.bnb         1.61785
xdut.xlpopamp_core_0.xslicea_0.xp         2.36736
xdut.xlpopamp_core_0.xslicea_0.yn_p       0.0719699
xdut.xlpopamp_core_0.xslicea_0.bna_        0.788895
xdut.xlpopamp_core_0.xslicea_0.bpa_l         2.22052
xdut.xlpopamp_core_0.xslicea_0.yp_m          2.8887
xdut.xlpopamp_core_0.xslicea_0.bpa         2.14162
xdut.xlpopamp_core_0.xslicea_0.enb      2.7087e-12
xdut.xlpopamp_core_0.xslicea_0.xn         0.63783
xdut.xlpopamp_core_0.xslicea_0.tihi         2.54509
xdut.xlpopamp_core_0.xslicea_1.bpb         1.26231
xdut.xlpopamp_core_0.xslicea_1.zn_m        0.781466
xdut.xlpopamp_core_0.xslicea_1.yn_m       0.0715167
xdut.xlpopamp_core_0.xslicea_1.bna        0.783397
xdut.xlpopamp_core_0.xslicea_1.bpa_r         2.22052
xdut.xlpopamp_core_0.xslicea_1.zp_m         2.16088
xdut.xlpopamp_core_0.xslicea_1.yp_p         2.88757
xdut.xlpopamp_core_0.xslicea_1.bnb         1.61785
xdut.xlpopamp_core_0.xslicea_1.xp         2.36736
xdut.xlpopamp_core_0.xslicea_1.yn_p       0.0719699
xdut.xlpopamp_core_0.xslicea_1.bna_        0.788895
xdut.xlpopamp_core_0.xslicea_1.bpa_l         2.22052
xdut.xlpopamp_core_0.xslicea_1.yp_m          2.8887
xdut.xlpopamp_core_0.xslicea_1.bpa         2.14162
xdut.xlpopamp_core_0.xslicea_1.enb      2.7087e-12
xdut.xlpopamp_core_0.xslicea_1.xn         0.63783
xdut.xlpopamp_core_0.xslicea_1.tihi         2.54509
xdut.xlpopamp_core_0.xsliceb_0.zp_m         2.16088
xdut.xlpopamp_core_0.xsliceb_0.bnb         1.61785
xdut.xlpopamp_core_0.xsliceb_0.yp_p         2.88757
xdut.xlpopamp_core_0.xsliceb_0.bpa_r         2.22052
xdut.xlpopamp_core_0.xsliceb_0.zn_m        0.781466
xdut.xlpopamp_core_0.xsliceb_0.xp         2.36736
xdut.xlpopamp_core_0.xsliceb_0.yn_p       0.0719699
xdut.xlpopamp_core_0.xsliceb_0.bna_        0.788895
xdut.xlpopamp_core_0.xsliceb_0.bpb         1.26231
xdut.xlpopamp_core_0.xsliceb_0.bna        0.783397
xdut.xlpopamp_core_0.xsliceb_0.yp_m          2.8887
xdut.xlpopamp_core_0.xsliceb_0.bpa         2.14162
xdut.xlpopamp_core_0.xsliceb_0.xn         0.63783
xdut.xlpopamp_core_0.xsliceb_0.yn_m       0.0715167
xdut.xlpopamp_core_0.xsliceb_0.bpa_l         2.22052
xdut.xlpopamp_core_0.xsliceb_0.tihi         2.54509
xdut.xlpopamp_core_0.xsliceb_0.enb      2.7087e-12
enb                                          0
out_                                       1.5
v_out#branch                       -1.0255e-05
v_enb#branch                                 0
v_en#branch                       -9.89928e-11
v_in#branch                       -9.42264e-11
v_avdd#branch                      -0.00016611
v_avss#branch                      2.18587e-09


No. of Data Rows : 1023

Total analysis time (seconds) = 1082.58

Total elapsed time (seconds) = 1085.305 

Total DRAM available = 19163.051 MB.
DRAM currently available = 10414.789 MB.
Maximum ngspice program size =  306.930 MB.
Current ngspice program size =  224.906 MB.

Shared ngspice pages =   11.871 MB.
Text (code) pages =    6.406 MB.
Stack = 0 bytes.
Library pages =  221.996 MB.

