
Note: Compatibility modes selected: hs a

Warning: m=xx on .subckt line will override multiplier m hierarchy!


Circuit: * num: 10 corner: mos_ff vdd: 3.6 temp: -40

Doing analysis at TEMP = -40.000000 and TNOM = 27.000000

Using SPARSE 1.3 as Direct Linear Solver
Note: Starting dynamic gmin stepping
Note: Dynamic gmin stepping completed

Initial Transient Solution
--------------------------

Node                                   Voltage
----                                   -------
xdut.xlpopamp_core_0.xsliceb_1.zp_m         2.86588
xdut.xlpopamp_core_0.xsliceb_1.bnb          1.3387
avss                                         0
avdd                                       3.6
xdut.xlpopamp_core_0.xsliceb_1.yp_p         3.47366
xdut.xlpopamp_core_0.xsliceb_1.bpa_r         2.94496
xdut.xlpopamp_core_0.xsliceb_1.zn_m        0.677594
xdut.xlpopamp_core_0.xsliceb_1.xp           2.638
out                                    1.74922
xdut.xlpopamp_core_0.xsliceb_1.yn_p       0.0891405
xdut.xlpopamp_core_0.xsliceb_1.bna_        0.662083
xdut.zp_p                              2.94318
xdut.xlpopamp_core_0.xsliceb_1.bpb         2.16728
xdut.xlpopamp_core_0.xsliceb_1.bna        0.686282
en                                         3.6
ibias                                 0.686675
xdut.xlpopamp_core_0.xsliceb_1.yp_m         3.47513
xdut.xlpopamp_core_0.xsliceb_1.bpa          2.8464
xdut.xlpopamp_core_0.xsliceb_1.xn         1.00576
xdut.xlpopamp_core_0.xsliceb_1.yn_m       0.0886877
in                                        1.75
xdut.zn_p                             0.645801
xdut.xlpopamp_core_0.xsliceb_1.bpa_l         2.94496
xdut.xlpopamp_core_0.xsliceb_1.tihi         3.23333
xdut.xlpopamp_core_0.xsliceb_1.enb     5.29099e-09
xdut.xlpopamp_core_0.xslicea_0.bpb         2.16728
xdut.xlpopamp_core_0.xslicea_0.zn_m        0.677594
xdut.xlpopamp_core_0.xslicea_0.yn_m       0.0886877
xdut.xlpopamp_core_0.xslicea_0.bna        0.686282
xdut.xlpopamp_core_0.xslicea_0.bpa_r         2.94496
xdut.xlpopamp_core_0.xslicea_0.zp_m         2.86588
xdut.xlpopamp_core_0.xslicea_0.yp_p         3.47366
xdut.xlpopamp_core_0.xslicea_0.bnb          1.3387
xdut.xlpopamp_core_0.xslicea_0.xp           2.638
xdut.xlpopamp_core_0.xslicea_0.yn_p       0.0891405
xdut.xlpopamp_core_0.xslicea_0.bna_        0.662083
xdut.xlpopamp_core_0.xslicea_0.bpa_l         2.94496
xdut.xlpopamp_core_0.xslicea_0.yp_m         3.47513
xdut.xlpopamp_core_0.xslicea_0.bpa          2.8464
xdut.xlpopamp_core_0.xslicea_0.enb     5.29099e-09
xdut.xlpopamp_core_0.xslicea_0.xn         1.00576
xdut.xlpopamp_core_0.xslicea_0.tihi         3.23333
xdut.xlpopamp_core_0.xslicea_1.bpb         2.16728
xdut.xlpopamp_core_0.xslicea_1.zn_m        0.677594
xdut.xlpopamp_core_0.xslicea_1.yn_m       0.0886877
xdut.xlpopamp_core_0.xslicea_1.bna        0.686282
xdut.xlpopamp_core_0.xslicea_1.bpa_r         2.94496
xdut.xlpopamp_core_0.xslicea_1.zp_m         2.86588
xdut.xlpopamp_core_0.xslicea_1.yp_p         3.47366
xdut.xlpopamp_core_0.xslicea_1.bnb          1.3387
xdut.xlpopamp_core_0.xslicea_1.xp           2.638
xdut.xlpopamp_core_0.xslicea_1.yn_p       0.0891405
xdut.xlpopamp_core_0.xslicea_1.bna_        0.662083
xdut.xlpopamp_core_0.xslicea_1.bpa_l         2.94496
xdut.xlpopamp_core_0.xslicea_1.yp_m         3.47513
xdut.xlpopamp_core_0.xslicea_1.bpa          2.8464
xdut.xlpopamp_core_0.xslicea_1.enb     5.29099e-09
xdut.xlpopamp_core_0.xslicea_1.xn         1.00576
xdut.xlpopamp_core_0.xslicea_1.tihi         3.23333
xdut.xlpopamp_core_0.xsliceb_0.zp_m         2.86588
xdut.xlpopamp_core_0.xsliceb_0.bnb          1.3387
xdut.xlpopamp_core_0.xsliceb_0.yp_p         3.47366
xdut.xlpopamp_core_0.xsliceb_0.bpa_r         2.94496
xdut.xlpopamp_core_0.xsliceb_0.zn_m        0.677594
xdut.xlpopamp_core_0.xsliceb_0.xp           2.638
xdut.xlpopamp_core_0.xsliceb_0.yn_p       0.0891405
xdut.xlpopamp_core_0.xsliceb_0.bna_        0.662083
xdut.xlpopamp_core_0.xsliceb_0.bpb         2.16728
xdut.xlpopamp_core_0.xsliceb_0.bna        0.686282
xdut.xlpopamp_core_0.xsliceb_0.yp_m         3.47513
xdut.xlpopamp_core_0.xsliceb_0.bpa          2.8464
xdut.xlpopamp_core_0.xsliceb_0.xn         1.00576
xdut.xlpopamp_core_0.xsliceb_0.yn_m       0.0886877
xdut.xlpopamp_core_0.xsliceb_0.bpa_l         2.94496
xdut.xlpopamp_core_0.xsliceb_0.tihi         3.23333
xdut.xlpopamp_core_0.xsliceb_0.enb     5.29099e-09
enb                                          0
out_                                       1.8
v_out#branch                       -1.0155e-05
v_enb#branch                                 0
v_en#branch                       -1.18902e-10
v_in#branch                       -1.13622e-10
v_avdd#branch                     -0.000183015
v_avss#branch                       2.1444e-09


No. of Data Rows : 1022

Warning: command 'plot' is not available during batch simulation, ignored!
    You may use Gnuplot instead.

../data/tb_lpopamp_buf_tran_sine_cc.dat10: No such file or directory
binary raw file "../out/sp10.raw"
Doing analysis at TEMP = -40.000000 and TNOM = 27.000000

Using SPARSE 1.3 as Direct Linear Solver
No. of Data Columns : 3  
Note: Starting dynamic gmin stepping
Note: Dynamic gmin stepping completed

Initial Transient Solution
--------------------------

Node                                   Voltage
----                                   -------
xdut.xlpopamp_core_0.xsliceb_1.zp_m         2.86588
xdut.xlpopamp_core_0.xsliceb_1.bnb          1.3387
avss                                         0
avdd                                       3.6
xdut.xlpopamp_core_0.xsliceb_1.yp_p         3.47366
xdut.xlpopamp_core_0.xsliceb_1.bpa_r         2.94496
xdut.xlpopamp_core_0.xsliceb_1.zn_m        0.677594
xdut.xlpopamp_core_0.xsliceb_1.xp           2.638
out                                    1.74922
xdut.xlpopamp_core_0.xsliceb_1.yn_p       0.0891405
xdut.xlpopamp_core_0.xsliceb_1.bna_        0.662083
xdut.zp_p                              2.94318
xdut.xlpopamp_core_0.xsliceb_1.bpb         2.16728
xdut.xlpopamp_core_0.xsliceb_1.bna        0.686282
en                                         3.6
ibias                                 0.686675
xdut.xlpopamp_core_0.xsliceb_1.yp_m         3.47513
xdut.xlpopamp_core_0.xsliceb_1.bpa          2.8464
xdut.xlpopamp_core_0.xsliceb_1.xn         1.00576
xdut.xlpopamp_core_0.xsliceb_1.yn_m       0.0886877
in                                        1.75
xdut.zn_p                             0.645801
xdut.xlpopamp_core_0.xsliceb_1.bpa_l         2.94496
xdut.xlpopamp_core_0.xsliceb_1.tihi         3.23333
xdut.xlpopamp_core_0.xsliceb_1.enb     5.29099e-09
xdut.xlpopamp_core_0.xslicea_0.bpb         2.16728
xdut.xlpopamp_core_0.xslicea_0.zn_m        0.677594
xdut.xlpopamp_core_0.xslicea_0.yn_m       0.0886877
xdut.xlpopamp_core_0.xslicea_0.bna        0.686282
xdut.xlpopamp_core_0.xslicea_0.bpa_r         2.94496
xdut.xlpopamp_core_0.xslicea_0.zp_m         2.86588
xdut.xlpopamp_core_0.xslicea_0.yp_p         3.47366
xdut.xlpopamp_core_0.xslicea_0.bnb          1.3387
xdut.xlpopamp_core_0.xslicea_0.xp           2.638
xdut.xlpopamp_core_0.xslicea_0.yn_p       0.0891405
xdut.xlpopamp_core_0.xslicea_0.bna_        0.662083
xdut.xlpopamp_core_0.xslicea_0.bpa_l         2.94496
xdut.xlpopamp_core_0.xslicea_0.yp_m         3.47513
xdut.xlpopamp_core_0.xslicea_0.bpa          2.8464
xdut.xlpopamp_core_0.xslicea_0.enb     5.29099e-09
xdut.xlpopamp_core_0.xslicea_0.xn         1.00576
xdut.xlpopamp_core_0.xslicea_0.tihi         3.23333
xdut.xlpopamp_core_0.xslicea_1.bpb         2.16728
xdut.xlpopamp_core_0.xslicea_1.zn_m        0.677594
xdut.xlpopamp_core_0.xslicea_1.yn_m       0.0886877
xdut.xlpopamp_core_0.xslicea_1.bna        0.686282
xdut.xlpopamp_core_0.xslicea_1.bpa_r         2.94496
xdut.xlpopamp_core_0.xslicea_1.zp_m         2.86588
xdut.xlpopamp_core_0.xslicea_1.yp_p         3.47366
xdut.xlpopamp_core_0.xslicea_1.bnb          1.3387
xdut.xlpopamp_core_0.xslicea_1.xp           2.638
xdut.xlpopamp_core_0.xslicea_1.yn_p       0.0891405
xdut.xlpopamp_core_0.xslicea_1.bna_        0.662083
xdut.xlpopamp_core_0.xslicea_1.bpa_l         2.94496
xdut.xlpopamp_core_0.xslicea_1.yp_m         3.47513
xdut.xlpopamp_core_0.xslicea_1.bpa          2.8464
xdut.xlpopamp_core_0.xslicea_1.enb     5.29099e-09
xdut.xlpopamp_core_0.xslicea_1.xn         1.00576
xdut.xlpopamp_core_0.xslicea_1.tihi         3.23333
xdut.xlpopamp_core_0.xsliceb_0.zp_m         2.86588
xdut.xlpopamp_core_0.xsliceb_0.bnb          1.3387
xdut.xlpopamp_core_0.xsliceb_0.yp_p         3.47366
xdut.xlpopamp_core_0.xsliceb_0.bpa_r         2.94496
xdut.xlpopamp_core_0.xsliceb_0.zn_m        0.677594
xdut.xlpopamp_core_0.xsliceb_0.xp           2.638
xdut.xlpopamp_core_0.xsliceb_0.yn_p       0.0891405
xdut.xlpopamp_core_0.xsliceb_0.bna_        0.662083
xdut.xlpopamp_core_0.xsliceb_0.bpb         2.16728
xdut.xlpopamp_core_0.xsliceb_0.bna        0.686282
xdut.xlpopamp_core_0.xsliceb_0.yp_m         3.47513
xdut.xlpopamp_core_0.xsliceb_0.bpa          2.8464
xdut.xlpopamp_core_0.xsliceb_0.xn         1.00576
xdut.xlpopamp_core_0.xsliceb_0.yn_m       0.0886877
xdut.xlpopamp_core_0.xsliceb_0.bpa_l         2.94496
xdut.xlpopamp_core_0.xsliceb_0.tihi         3.23333
xdut.xlpopamp_core_0.xsliceb_0.enb     5.29099e-09
enb                                          0
out_                                       1.8
v_out#branch                       -1.0155e-05
v_enb#branch                                 0
v_en#branch                       -1.18902e-10
v_in#branch                       -1.13622e-10
v_avdd#branch                     -0.000183015
v_avss#branch                       2.1444e-09


No. of Data Rows : 1022

Total analysis time (seconds) = 906.743

Total elapsed time (seconds) = 909.346 

Total DRAM available = 19163.051 MB.
DRAM currently available = 8677.949 MB.
Maximum ngspice program size =  306.922 MB.
Current ngspice program size =  224.797 MB.

Shared ngspice pages =   11.777 MB.
Text (code) pages =    6.406 MB.
Stack = 0 bytes.
Library pages =  221.988 MB.

