
Note: Compatibility modes selected: hs a

Warning: m=xx on .subckt line will override multiplier m hierarchy!


Circuit: * num: 11 corner: mos_sf vdd: 3.6 temp: -40

Doing analysis at TEMP = -40.000000 and TNOM = 27.000000

Using SPARSE 1.3 as Direct Linear Solver
Note: Starting dynamic gmin stepping
Note: Dynamic gmin stepping completed

Initial Transient Solution
--------------------------

Node                                   Voltage
----                                   -------
xdut.xlpopamp_core_0.xsliceb_1.zp_m         2.83974
xdut.xlpopamp_core_0.xsliceb_1.bnb         1.54928
avss                                         0
avdd                                       3.6
xdut.xlpopamp_core_0.xsliceb_1.yp_p         3.47725
xdut.xlpopamp_core_0.xsliceb_1.bpa_r         2.91383
xdut.xlpopamp_core_0.xsliceb_1.zn_m        0.756094
xdut.xlpopamp_core_0.xsliceb_1.xp          2.6649
out                                    1.74909
xdut.xlpopamp_core_0.xsliceb_1.yn_p       0.0763538
xdut.xlpopamp_core_0.xsliceb_1.bna_        0.757933
xdut.zp_p                              2.91324
xdut.xlpopamp_core_0.xsliceb_1.bpb         2.09138
xdut.xlpopamp_core_0.xsliceb_1.bna        0.759642
en                                         3.6
ibias                                 0.760122
xdut.xlpopamp_core_0.xsliceb_1.yp_m         3.47864
xdut.xlpopamp_core_0.xsliceb_1.bpa         2.82026
xdut.xlpopamp_core_0.xsliceb_1.xn        0.920323
xdut.xlpopamp_core_0.xsliceb_1.yn_m       0.0759791
in                                        1.75
xdut.zn_p                             0.740742
xdut.xlpopamp_core_0.xsliceb_1.bpa_l         2.91383
xdut.xlpopamp_core_0.xsliceb_1.tihi          3.2097
xdut.xlpopamp_core_0.xsliceb_1.enb      1.2285e-09
xdut.xlpopamp_core_0.xslicea_0.bpb         2.09138
xdut.xlpopamp_core_0.xslicea_0.zn_m        0.756094
xdut.xlpopamp_core_0.xslicea_0.yn_m       0.0759791
xdut.xlpopamp_core_0.xslicea_0.bna        0.759642
xdut.xlpopamp_core_0.xslicea_0.bpa_r         2.91383
xdut.xlpopamp_core_0.xslicea_0.zp_m         2.83974
xdut.xlpopamp_core_0.xslicea_0.yp_p         3.47725
xdut.xlpopamp_core_0.xslicea_0.bnb         1.54928
xdut.xlpopamp_core_0.xslicea_0.xp          2.6649
xdut.xlpopamp_core_0.xslicea_0.yn_p       0.0763538
xdut.xlpopamp_core_0.xslicea_0.bna_        0.757933
xdut.xlpopamp_core_0.xslicea_0.bpa_l         2.91383
xdut.xlpopamp_core_0.xslicea_0.yp_m         3.47864
xdut.xlpopamp_core_0.xslicea_0.bpa         2.82026
xdut.xlpopamp_core_0.xslicea_0.enb      1.2285e-09
xdut.xlpopamp_core_0.xslicea_0.xn        0.920323
xdut.xlpopamp_core_0.xslicea_0.tihi          3.2097
xdut.xlpopamp_core_0.xslicea_1.bpb         2.09138
xdut.xlpopamp_core_0.xslicea_1.zn_m        0.756094
xdut.xlpopamp_core_0.xslicea_1.yn_m       0.0759791
xdut.xlpopamp_core_0.xslicea_1.bna        0.759642
xdut.xlpopamp_core_0.xslicea_1.bpa_r         2.91383
xdut.xlpopamp_core_0.xslicea_1.zp_m         2.83974
xdut.xlpopamp_core_0.xslicea_1.yp_p         3.47725
xdut.xlpopamp_core_0.xslicea_1.bnb         1.54928
xdut.xlpopamp_core_0.xslicea_1.xp          2.6649
xdut.xlpopamp_core_0.xslicea_1.yn_p       0.0763538
xdut.xlpopamp_core_0.xslicea_1.bna_        0.757933
xdut.xlpopamp_core_0.xslicea_1.bpa_l         2.91383
xdut.xlpopamp_core_0.xslicea_1.yp_m         3.47864
xdut.xlpopamp_core_0.xslicea_1.bpa         2.82026
xdut.xlpopamp_core_0.xslicea_1.enb      1.2285e-09
xdut.xlpopamp_core_0.xslicea_1.xn        0.920323
xdut.xlpopamp_core_0.xslicea_1.tihi          3.2097
xdut.xlpopamp_core_0.xsliceb_0.zp_m         2.83974
xdut.xlpopamp_core_0.xsliceb_0.bnb         1.54928
xdut.xlpopamp_core_0.xsliceb_0.yp_p         3.47725
xdut.xlpopamp_core_0.xsliceb_0.bpa_r         2.91383
xdut.xlpopamp_core_0.xsliceb_0.zn_m        0.756094
xdut.xlpopamp_core_0.xsliceb_0.xp          2.6649
xdut.xlpopamp_core_0.xsliceb_0.yn_p       0.0763538
xdut.xlpopamp_core_0.xsliceb_0.bna_        0.757933
xdut.xlpopamp_core_0.xsliceb_0.bpb         2.09138
xdut.xlpopamp_core_0.xsliceb_0.bna        0.759642
xdut.xlpopamp_core_0.xsliceb_0.yp_m         3.47864
xdut.xlpopamp_core_0.xsliceb_0.bpa         2.82026
xdut.xlpopamp_core_0.xsliceb_0.xn        0.920323
xdut.xlpopamp_core_0.xsliceb_0.yn_m       0.0759791
xdut.xlpopamp_core_0.xsliceb_0.bpa_l         2.91383
xdut.xlpopamp_core_0.xsliceb_0.tihi          3.2097
xdut.xlpopamp_core_0.xsliceb_0.enb      1.2285e-09
enb                                          0
out_                                       1.8
v_out#branch                      -1.01811e-05
v_enb#branch                                 0
v_en#branch                       -1.18902e-10
v_in#branch                       -1.13622e-10
v_avdd#branch                     -0.000179827
v_avss#branch                      2.30228e-09


No. of Data Rows : 1022

Warning: command 'plot' is not available during batch simulation, ignored!
    You may use Gnuplot instead.

../data/tb_lpopamp_buf_tran_sine_cc.dat11: No such file or directory
binary raw file "../out/sp11.raw"
Doing analysis at TEMP = -40.000000 and TNOM = 27.000000

Using SPARSE 1.3 as Direct Linear Solver
No. of Data Columns : 3  
Note: Starting dynamic gmin stepping
Note: Dynamic gmin stepping completed

Initial Transient Solution
--------------------------

Node                                   Voltage
----                                   -------
xdut.xlpopamp_core_0.xsliceb_1.zp_m         2.83974
xdut.xlpopamp_core_0.xsliceb_1.bnb         1.54928
avss                                         0
avdd                                       3.6
xdut.xlpopamp_core_0.xsliceb_1.yp_p         3.47725
xdut.xlpopamp_core_0.xsliceb_1.bpa_r         2.91383
xdut.xlpopamp_core_0.xsliceb_1.zn_m        0.756094
xdut.xlpopamp_core_0.xsliceb_1.xp          2.6649
out                                    1.74909
xdut.xlpopamp_core_0.xsliceb_1.yn_p       0.0763538
xdut.xlpopamp_core_0.xsliceb_1.bna_        0.757933
xdut.zp_p                              2.91324
xdut.xlpopamp_core_0.xsliceb_1.bpb         2.09138
xdut.xlpopamp_core_0.xsliceb_1.bna        0.759642
en                                         3.6
ibias                                 0.760122
xdut.xlpopamp_core_0.xsliceb_1.yp_m         3.47864
xdut.xlpopamp_core_0.xsliceb_1.bpa         2.82026
xdut.xlpopamp_core_0.xsliceb_1.xn        0.920323
xdut.xlpopamp_core_0.xsliceb_1.yn_m       0.0759791
in                                        1.75
xdut.zn_p                             0.740742
xdut.xlpopamp_core_0.xsliceb_1.bpa_l         2.91383
xdut.xlpopamp_core_0.xsliceb_1.tihi          3.2097
xdut.xlpopamp_core_0.xsliceb_1.enb      1.2285e-09
xdut.xlpopamp_core_0.xslicea_0.bpb         2.09138
xdut.xlpopamp_core_0.xslicea_0.zn_m        0.756094
xdut.xlpopamp_core_0.xslicea_0.yn_m       0.0759791
xdut.xlpopamp_core_0.xslicea_0.bna        0.759642
xdut.xlpopamp_core_0.xslicea_0.bpa_r         2.91383
xdut.xlpopamp_core_0.xslicea_0.zp_m         2.83974
xdut.xlpopamp_core_0.xslicea_0.yp_p         3.47725
xdut.xlpopamp_core_0.xslicea_0.bnb         1.54928
xdut.xlpopamp_core_0.xslicea_0.xp          2.6649
xdut.xlpopamp_core_0.xslicea_0.yn_p       0.0763538
xdut.xlpopamp_core_0.xslicea_0.bna_        0.757933
xdut.xlpopamp_core_0.xslicea_0.bpa_l         2.91383
xdut.xlpopamp_core_0.xslicea_0.yp_m         3.47864
xdut.xlpopamp_core_0.xslicea_0.bpa         2.82026
xdut.xlpopamp_core_0.xslicea_0.enb      1.2285e-09
xdut.xlpopamp_core_0.xslicea_0.xn        0.920323
xdut.xlpopamp_core_0.xslicea_0.tihi          3.2097
xdut.xlpopamp_core_0.xslicea_1.bpb         2.09138
xdut.xlpopamp_core_0.xslicea_1.zn_m        0.756094
xdut.xlpopamp_core_0.xslicea_1.yn_m       0.0759791
xdut.xlpopamp_core_0.xslicea_1.bna        0.759642
xdut.xlpopamp_core_0.xslicea_1.bpa_r         2.91383
xdut.xlpopamp_core_0.xslicea_1.zp_m         2.83974
xdut.xlpopamp_core_0.xslicea_1.yp_p         3.47725
xdut.xlpopamp_core_0.xslicea_1.bnb         1.54928
xdut.xlpopamp_core_0.xslicea_1.xp          2.6649
xdut.xlpopamp_core_0.xslicea_1.yn_p       0.0763538
xdut.xlpopamp_core_0.xslicea_1.bna_        0.757933
xdut.xlpopamp_core_0.xslicea_1.bpa_l         2.91383
xdut.xlpopamp_core_0.xslicea_1.yp_m         3.47864
xdut.xlpopamp_core_0.xslicea_1.bpa         2.82026
xdut.xlpopamp_core_0.xslicea_1.enb      1.2285e-09
xdut.xlpopamp_core_0.xslicea_1.xn        0.920323
xdut.xlpopamp_core_0.xslicea_1.tihi          3.2097
xdut.xlpopamp_core_0.xsliceb_0.zp_m         2.83974
xdut.xlpopamp_core_0.xsliceb_0.bnb         1.54928
xdut.xlpopamp_core_0.xsliceb_0.yp_p         3.47725
xdut.xlpopamp_core_0.xsliceb_0.bpa_r         2.91383
xdut.xlpopamp_core_0.xsliceb_0.zn_m        0.756094
xdut.xlpopamp_core_0.xsliceb_0.xp          2.6649
xdut.xlpopamp_core_0.xsliceb_0.yn_p       0.0763538
xdut.xlpopamp_core_0.xsliceb_0.bna_        0.757933
xdut.xlpopamp_core_0.xsliceb_0.bpb         2.09138
xdut.xlpopamp_core_0.xsliceb_0.bna        0.759642
xdut.xlpopamp_core_0.xsliceb_0.yp_m         3.47864
xdut.xlpopamp_core_0.xsliceb_0.bpa         2.82026
xdut.xlpopamp_core_0.xsliceb_0.xn        0.920323
xdut.xlpopamp_core_0.xsliceb_0.yn_m       0.0759791
xdut.xlpopamp_core_0.xsliceb_0.bpa_l         2.91383
xdut.xlpopamp_core_0.xsliceb_0.tihi          3.2097
xdut.xlpopamp_core_0.xsliceb_0.enb      1.2285e-09
enb                                          0
out_                                       1.8
v_out#branch                      -1.01811e-05
v_enb#branch                                 0
v_en#branch                       -1.18902e-10
v_in#branch                       -1.13622e-10
v_avdd#branch                     -0.000179827
v_avss#branch                      2.30228e-09


No. of Data Rows : 1022

Total analysis time (seconds) = 892.71

Total elapsed time (seconds) = 895.254 

Total DRAM available = 19163.051 MB.
DRAM currently available = 8691.668 MB.
Maximum ngspice program size =  306.934 MB.
Current ngspice program size =  224.984 MB.

Shared ngspice pages =   11.949 MB.
Text (code) pages =    6.406 MB.
Stack = 0 bytes.
Library pages =  222.000 MB.

