
Note: Compatibility modes selected: hs a

Warning: m=xx on .subckt line will override multiplier m hierarchy!


Circuit: * num: 13 corner: mos_ss vdd: 3.6 temp: 85

Doing analysis at TEMP = 85.000000 and TNOM = 27.000000

Using SPARSE 1.3 as Direct Linear Solver
Note: Starting dynamic gmin stepping
Note: Dynamic gmin stepping completed

Initial Transient Solution
--------------------------

Node                                   Voltage
----                                   -------
xdut.xlpopamp_core_0.xsliceb_1.zp_m         2.90077
xdut.xlpopamp_core_0.xsliceb_1.bnb         1.43477
avss                                         0
avdd                                       3.6
xdut.xlpopamp_core_0.xsliceb_1.yp_p         3.46658
xdut.xlpopamp_core_0.xsliceb_1.bpa_r         2.95584
xdut.xlpopamp_core_0.xsliceb_1.zn_m        0.689024
xdut.xlpopamp_core_0.xsliceb_1.xp         2.63447
out                                    1.74862
xdut.xlpopamp_core_0.xsliceb_1.yn_p       0.0821719
xdut.xlpopamp_core_0.xsliceb_1.bna_        0.719842
xdut.zp_p                              2.95976
xdut.xlpopamp_core_0.xsliceb_1.bpb         2.21184
xdut.xlpopamp_core_0.xsliceb_1.bna        0.686981
en                                         3.6
ibias                                 0.687821
xdut.xlpopamp_core_0.xsliceb_1.yp_m         3.46818
xdut.xlpopamp_core_0.xsliceb_1.bpa         2.87511
xdut.xlpopamp_core_0.xsliceb_1.xn        0.970703
xdut.xlpopamp_core_0.xsliceb_1.yn_m       0.0818069
in                                        1.75
xdut.zn_p                             0.695343
xdut.xlpopamp_core_0.xsliceb_1.bpa_l         2.95584
xdut.xlpopamp_core_0.xsliceb_1.tihi         3.50016
xdut.xlpopamp_core_0.xsliceb_1.enb     3.59335e-09
xdut.xlpopamp_core_0.xslicea_0.bpb         2.21184
xdut.xlpopamp_core_0.xslicea_0.zn_m        0.689024
xdut.xlpopamp_core_0.xslicea_0.yn_m       0.0818069
xdut.xlpopamp_core_0.xslicea_0.bna        0.686981
xdut.xlpopamp_core_0.xslicea_0.bpa_r         2.95584
xdut.xlpopamp_core_0.xslicea_0.zp_m         2.90077
xdut.xlpopamp_core_0.xslicea_0.yp_p         3.46658
xdut.xlpopamp_core_0.xslicea_0.bnb         1.43477
xdut.xlpopamp_core_0.xslicea_0.xp         2.63447
xdut.xlpopamp_core_0.xslicea_0.yn_p       0.0821719
xdut.xlpopamp_core_0.xslicea_0.bna_        0.719842
xdut.xlpopamp_core_0.xslicea_0.bpa_l         2.95584
xdut.xlpopamp_core_0.xslicea_0.yp_m         3.46818
xdut.xlpopamp_core_0.xslicea_0.bpa         2.87511
xdut.xlpopamp_core_0.xslicea_0.enb     3.59335e-09
xdut.xlpopamp_core_0.xslicea_0.xn        0.970703
xdut.xlpopamp_core_0.xslicea_0.tihi         3.50016
xdut.xlpopamp_core_0.xslicea_1.bpb         2.21184
xdut.xlpopamp_core_0.xslicea_1.zn_m        0.689024
xdut.xlpopamp_core_0.xslicea_1.yn_m       0.0818069
xdut.xlpopamp_core_0.xslicea_1.bna        0.686981
xdut.xlpopamp_core_0.xslicea_1.bpa_r         2.95584
xdut.xlpopamp_core_0.xslicea_1.zp_m         2.90077
xdut.xlpopamp_core_0.xslicea_1.yp_p         3.46658
xdut.xlpopamp_core_0.xslicea_1.bnb         1.43477
xdut.xlpopamp_core_0.xslicea_1.xp         2.63447
xdut.xlpopamp_core_0.xslicea_1.yn_p       0.0821719
xdut.xlpopamp_core_0.xslicea_1.bna_        0.719842
xdut.xlpopamp_core_0.xslicea_1.bpa_l         2.95584
xdut.xlpopamp_core_0.xslicea_1.yp_m         3.46818
xdut.xlpopamp_core_0.xslicea_1.bpa         2.87511
xdut.xlpopamp_core_0.xslicea_1.enb     3.59335e-09
xdut.xlpopamp_core_0.xslicea_1.xn        0.970703
xdut.xlpopamp_core_0.xslicea_1.tihi         3.50016
xdut.xlpopamp_core_0.xsliceb_0.zp_m         2.90077
xdut.xlpopamp_core_0.xsliceb_0.bnb         1.43477
xdut.xlpopamp_core_0.xsliceb_0.yp_p         3.46658
xdut.xlpopamp_core_0.xsliceb_0.bpa_r         2.95584
xdut.xlpopamp_core_0.xsliceb_0.zn_m        0.689024
xdut.xlpopamp_core_0.xsliceb_0.xp         2.63447
xdut.xlpopamp_core_0.xsliceb_0.yn_p       0.0821719
xdut.xlpopamp_core_0.xsliceb_0.bna_        0.719842
xdut.xlpopamp_core_0.xsliceb_0.bpb         2.21184
xdut.xlpopamp_core_0.xsliceb_0.bna        0.686981
xdut.xlpopamp_core_0.xsliceb_0.yp_m         3.46818
xdut.xlpopamp_core_0.xsliceb_0.bpa         2.87511
xdut.xlpopamp_core_0.xsliceb_0.xn        0.970703
xdut.xlpopamp_core_0.xsliceb_0.yn_m       0.0818069
xdut.xlpopamp_core_0.xsliceb_0.bpa_l         2.95584
xdut.xlpopamp_core_0.xsliceb_0.tihi         3.50016
xdut.xlpopamp_core_0.xsliceb_0.enb     3.59335e-09
enb                                          0
out_                                       1.8
v_out#branch                      -1.02759e-05
v_enb#branch                                 0
v_en#branch                       -1.18902e-10
v_in#branch                       -1.13622e-10
v_avdd#branch                     -0.000169467
v_avss#branch                      2.23134e-09


No. of Data Rows : 1021

Warning: command 'plot' is not available during batch simulation, ignored!
    You may use Gnuplot instead.

../data/tb_lpopamp_buf_tran_sine_cc.dat13: No such file or directory
binary raw file "../out/sp13.raw"
Doing analysis at TEMP = 85.000000 and TNOM = 27.000000

Using SPARSE 1.3 as Direct Linear Solver
No. of Data Columns : 3  
Note: Starting dynamic gmin stepping
Note: Dynamic gmin stepping completed

Initial Transient Solution
--------------------------

Node                                   Voltage
----                                   -------
xdut.xlpopamp_core_0.xsliceb_1.zp_m         2.90077
xdut.xlpopamp_core_0.xsliceb_1.bnb         1.43477
avss                                         0
avdd                                       3.6
xdut.xlpopamp_core_0.xsliceb_1.yp_p         3.46658
xdut.xlpopamp_core_0.xsliceb_1.bpa_r         2.95584
xdut.xlpopamp_core_0.xsliceb_1.zn_m        0.689024
xdut.xlpopamp_core_0.xsliceb_1.xp         2.63447
out                                    1.74862
xdut.xlpopamp_core_0.xsliceb_1.yn_p       0.0821719
xdut.xlpopamp_core_0.xsliceb_1.bna_        0.719842
xdut.zp_p                              2.95976
xdut.xlpopamp_core_0.xsliceb_1.bpb         2.21184
xdut.xlpopamp_core_0.xsliceb_1.bna        0.686981
en                                         3.6
ibias                                 0.687821
xdut.xlpopamp_core_0.xsliceb_1.yp_m         3.46818
xdut.xlpopamp_core_0.xsliceb_1.bpa         2.87511
xdut.xlpopamp_core_0.xsliceb_1.xn        0.970703
xdut.xlpopamp_core_0.xsliceb_1.yn_m       0.0818069
in                                        1.75
xdut.zn_p                             0.695343
xdut.xlpopamp_core_0.xsliceb_1.bpa_l         2.95584
xdut.xlpopamp_core_0.xsliceb_1.tihi         3.50016
xdut.xlpopamp_core_0.xsliceb_1.enb     3.59335e-09
xdut.xlpopamp_core_0.xslicea_0.bpb         2.21184
xdut.xlpopamp_core_0.xslicea_0.zn_m        0.689024
xdut.xlpopamp_core_0.xslicea_0.yn_m       0.0818069
xdut.xlpopamp_core_0.xslicea_0.bna        0.686981
xdut.xlpopamp_core_0.xslicea_0.bpa_r         2.95584
xdut.xlpopamp_core_0.xslicea_0.zp_m         2.90077
xdut.xlpopamp_core_0.xslicea_0.yp_p         3.46658
xdut.xlpopamp_core_0.xslicea_0.bnb         1.43477
xdut.xlpopamp_core_0.xslicea_0.xp         2.63447
xdut.xlpopamp_core_0.xslicea_0.yn_p       0.0821719
xdut.xlpopamp_core_0.xslicea_0.bna_        0.719842
xdut.xlpopamp_core_0.xslicea_0.bpa_l         2.95584
xdut.xlpopamp_core_0.xslicea_0.yp_m         3.46818
xdut.xlpopamp_core_0.xslicea_0.bpa         2.87511
xdut.xlpopamp_core_0.xslicea_0.enb     3.59335e-09
xdut.xlpopamp_core_0.xslicea_0.xn        0.970703
xdut.xlpopamp_core_0.xslicea_0.tihi         3.50016
xdut.xlpopamp_core_0.xslicea_1.bpb         2.21184
xdut.xlpopamp_core_0.xslicea_1.zn_m        0.689024
xdut.xlpopamp_core_0.xslicea_1.yn_m       0.0818069
xdut.xlpopamp_core_0.xslicea_1.bna        0.686981
xdut.xlpopamp_core_0.xslicea_1.bpa_r         2.95584
xdut.xlpopamp_core_0.xslicea_1.zp_m         2.90077
xdut.xlpopamp_core_0.xslicea_1.yp_p         3.46658
xdut.xlpopamp_core_0.xslicea_1.bnb         1.43477
xdut.xlpopamp_core_0.xslicea_1.xp         2.63447
xdut.xlpopamp_core_0.xslicea_1.yn_p       0.0821719
xdut.xlpopamp_core_0.xslicea_1.bna_        0.719842
xdut.xlpopamp_core_0.xslicea_1.bpa_l         2.95584
xdut.xlpopamp_core_0.xslicea_1.yp_m         3.46818
xdut.xlpopamp_core_0.xslicea_1.bpa         2.87511
xdut.xlpopamp_core_0.xslicea_1.enb     3.59335e-09
xdut.xlpopamp_core_0.xslicea_1.xn        0.970703
xdut.xlpopamp_core_0.xslicea_1.tihi         3.50016
xdut.xlpopamp_core_0.xsliceb_0.zp_m         2.90077
xdut.xlpopamp_core_0.xsliceb_0.bnb         1.43477
xdut.xlpopamp_core_0.xsliceb_0.yp_p         3.46658
xdut.xlpopamp_core_0.xsliceb_0.bpa_r         2.95584
xdut.xlpopamp_core_0.xsliceb_0.zn_m        0.689024
xdut.xlpopamp_core_0.xsliceb_0.xp         2.63447
xdut.xlpopamp_core_0.xsliceb_0.yn_p       0.0821719
xdut.xlpopamp_core_0.xsliceb_0.bna_        0.719842
xdut.xlpopamp_core_0.xsliceb_0.bpb         2.21184
xdut.xlpopamp_core_0.xsliceb_0.bna        0.686981
xdut.xlpopamp_core_0.xsliceb_0.yp_m         3.46818
xdut.xlpopamp_core_0.xsliceb_0.bpa         2.87511
xdut.xlpopamp_core_0.xsliceb_0.xn        0.970703
xdut.xlpopamp_core_0.xsliceb_0.yn_m       0.0818069
xdut.xlpopamp_core_0.xsliceb_0.bpa_l         2.95584
xdut.xlpopamp_core_0.xsliceb_0.tihi         3.50016
xdut.xlpopamp_core_0.xsliceb_0.enb     3.59335e-09
enb                                          0
out_                                       1.8
v_out#branch                      -1.02759e-05
v_enb#branch                                 0
v_en#branch                       -1.18902e-10
v_in#branch                       -1.13622e-10
v_avdd#branch                     -0.000169467
v_avss#branch                      2.23134e-09


No. of Data Rows : 1021

Total analysis time (seconds) = 757.794

Total elapsed time (seconds) = 760.383 

Total DRAM available = 19163.051 MB.
DRAM currently available = 8689.785 MB.
Maximum ngspice program size =  306.926 MB.
Current ngspice program size =  224.887 MB.

Shared ngspice pages =   11.855 MB.
Text (code) pages =    6.406 MB.
Stack = 0 bytes.
Library pages =  221.992 MB.

