
Note: Compatibility modes selected: hs a

Warning: m=xx on .subckt line will override multiplier m hierarchy!


Circuit: * num: 14 corner: mos_ff vdd: 3.6 temp: 85

Doing analysis at TEMP = 85.000000 and TNOM = 27.000000

Using SPARSE 1.3 as Direct Linear Solver
Note: Starting dynamic gmin stepping
Note: Dynamic gmin stepping completed

Initial Transient Solution
--------------------------

Node                                   Voltage
----                                   -------
xdut.xlpopamp_core_0.xsliceb_1.zp_m         3.00306
xdut.xlpopamp_core_0.xsliceb_1.bnb         1.15361
avss                                         0
avdd                                       3.6
xdut.xlpopamp_core_0.xsliceb_1.yp_p         3.45358
xdut.xlpopamp_core_0.xsliceb_1.bpa_r         3.07769
xdut.xlpopamp_core_0.xsliceb_1.zn_m        0.584016
xdut.xlpopamp_core_0.xsliceb_1.xp         2.52994
out                                    1.74871
xdut.xlpopamp_core_0.xsliceb_1.yn_p       0.0979368
xdut.xlpopamp_core_0.xsliceb_1.bna_        0.592298
xdut.zp_p                              3.07963
xdut.xlpopamp_core_0.xsliceb_1.bpb         2.51201
xdut.xlpopamp_core_0.xsliceb_1.bna        0.591561
en                                         3.6
ibias                                  0.59223
xdut.xlpopamp_core_0.xsliceb_1.yp_m         3.45546
xdut.xlpopamp_core_0.xsliceb_1.bpa         2.97721
xdut.xlpopamp_core_0.xsliceb_1.xn         1.08224
xdut.xlpopamp_core_0.xsliceb_1.yn_m       0.0974405
in                                        1.75
xdut.zn_p                             0.569549
xdut.xlpopamp_core_0.xsliceb_1.bpa_l         3.07769
xdut.xlpopamp_core_0.xsliceb_1.tihi         3.56675
xdut.xlpopamp_core_0.xsliceb_1.enb     6.22876e-08
xdut.xlpopamp_core_0.xslicea_0.bpb         2.51201
xdut.xlpopamp_core_0.xslicea_0.zn_m        0.584016
xdut.xlpopamp_core_0.xslicea_0.yn_m       0.0974405
xdut.xlpopamp_core_0.xslicea_0.bna        0.591561
xdut.xlpopamp_core_0.xslicea_0.bpa_r         3.07769
xdut.xlpopamp_core_0.xslicea_0.zp_m         3.00306
xdut.xlpopamp_core_0.xslicea_0.yp_p         3.45358
xdut.xlpopamp_core_0.xslicea_0.bnb         1.15361
xdut.xlpopamp_core_0.xslicea_0.xp         2.52994
xdut.xlpopamp_core_0.xslicea_0.yn_p       0.0979368
xdut.xlpopamp_core_0.xslicea_0.bna_        0.592298
xdut.xlpopamp_core_0.xslicea_0.bpa_l         3.07769
xdut.xlpopamp_core_0.xslicea_0.yp_m         3.45546
xdut.xlpopamp_core_0.xslicea_0.bpa         2.97721
xdut.xlpopamp_core_0.xslicea_0.enb     6.22876e-08
xdut.xlpopamp_core_0.xslicea_0.xn         1.08224
xdut.xlpopamp_core_0.xslicea_0.tihi         3.56675
xdut.xlpopamp_core_0.xslicea_1.bpb         2.51201
xdut.xlpopamp_core_0.xslicea_1.zn_m        0.584016
xdut.xlpopamp_core_0.xslicea_1.yn_m       0.0974405
xdut.xlpopamp_core_0.xslicea_1.bna        0.591561
xdut.xlpopamp_core_0.xslicea_1.bpa_r         3.07769
xdut.xlpopamp_core_0.xslicea_1.zp_m         3.00306
xdut.xlpopamp_core_0.xslicea_1.yp_p         3.45358
xdut.xlpopamp_core_0.xslicea_1.bnb         1.15361
xdut.xlpopamp_core_0.xslicea_1.xp         2.52994
xdut.xlpopamp_core_0.xslicea_1.yn_p       0.0979368
xdut.xlpopamp_core_0.xslicea_1.bna_        0.592298
xdut.xlpopamp_core_0.xslicea_1.bpa_l         3.07769
xdut.xlpopamp_core_0.xslicea_1.yp_m         3.45546
xdut.xlpopamp_core_0.xslicea_1.bpa         2.97721
xdut.xlpopamp_core_0.xslicea_1.enb     6.22876e-08
xdut.xlpopamp_core_0.xslicea_1.xn         1.08224
xdut.xlpopamp_core_0.xslicea_1.tihi         3.56675
xdut.xlpopamp_core_0.xsliceb_0.zp_m         3.00306
xdut.xlpopamp_core_0.xsliceb_0.bnb         1.15361
xdut.xlpopamp_core_0.xsliceb_0.yp_p         3.45358
xdut.xlpopamp_core_0.xsliceb_0.bpa_r         3.07769
xdut.xlpopamp_core_0.xsliceb_0.zn_m        0.584016
xdut.xlpopamp_core_0.xsliceb_0.xp         2.52994
xdut.xlpopamp_core_0.xsliceb_0.yn_p       0.0979368
xdut.xlpopamp_core_0.xsliceb_0.bna_        0.592298
xdut.xlpopamp_core_0.xsliceb_0.bpb         2.51201
xdut.xlpopamp_core_0.xsliceb_0.bna        0.591561
xdut.xlpopamp_core_0.xsliceb_0.yp_m         3.45546
xdut.xlpopamp_core_0.xsliceb_0.bpa         2.97721
xdut.xlpopamp_core_0.xsliceb_0.xn         1.08224
xdut.xlpopamp_core_0.xsliceb_0.yn_m       0.0974405
xdut.xlpopamp_core_0.xsliceb_0.bpa_l         3.07769
xdut.xlpopamp_core_0.xsliceb_0.tihi         3.56675
xdut.xlpopamp_core_0.xsliceb_0.enb     6.22876e-08
enb                                          0
out_                                       1.8
v_out#branch                      -1.02574e-05
v_enb#branch                                 0
v_en#branch                       -1.18902e-10
v_in#branch                       -1.13622e-10
v_avdd#branch                     -0.000173565
v_avss#branch                      2.01991e-09


No. of Data Rows : 1022

Warning: command 'plot' is not available during batch simulation, ignored!
    You may use Gnuplot instead.

../data/tb_lpopamp_buf_tran_sine_cc.dat14: No such file or directory
binary raw file "../out/sp14.raw"
Doing analysis at TEMP = 85.000000 and TNOM = 27.000000

Using SPARSE 1.3 as Direct Linear Solver
No. of Data Columns : 3  
Note: Starting dynamic gmin stepping
Note: Dynamic gmin stepping completed

Initial Transient Solution
--------------------------

Node                                   Voltage
----                                   -------
xdut.xlpopamp_core_0.xsliceb_1.zp_m         3.00306
xdut.xlpopamp_core_0.xsliceb_1.bnb         1.15361
avss                                         0
avdd                                       3.6
xdut.xlpopamp_core_0.xsliceb_1.yp_p         3.45358
xdut.xlpopamp_core_0.xsliceb_1.bpa_r         3.07769
xdut.xlpopamp_core_0.xsliceb_1.zn_m        0.584016
xdut.xlpopamp_core_0.xsliceb_1.xp         2.52994
out                                    1.74871
xdut.xlpopamp_core_0.xsliceb_1.yn_p       0.0979368
xdut.xlpopamp_core_0.xsliceb_1.bna_        0.592298
xdut.zp_p                              3.07963
xdut.xlpopamp_core_0.xsliceb_1.bpb         2.51201
xdut.xlpopamp_core_0.xsliceb_1.bna        0.591561
en                                         3.6
ibias                                  0.59223
xdut.xlpopamp_core_0.xsliceb_1.yp_m         3.45546
xdut.xlpopamp_core_0.xsliceb_1.bpa         2.97721
xdut.xlpopamp_core_0.xsliceb_1.xn         1.08224
xdut.xlpopamp_core_0.xsliceb_1.yn_m       0.0974405
in                                        1.75
xdut.zn_p                             0.569549
xdut.xlpopamp_core_0.xsliceb_1.bpa_l         3.07769
xdut.xlpopamp_core_0.xsliceb_1.tihi         3.56675
xdut.xlpopamp_core_0.xsliceb_1.enb     6.22876e-08
xdut.xlpopamp_core_0.xslicea_0.bpb         2.51201
xdut.xlpopamp_core_0.xslicea_0.zn_m        0.584016
xdut.xlpopamp_core_0.xslicea_0.yn_m       0.0974405
xdut.xlpopamp_core_0.xslicea_0.bna        0.591561
xdut.xlpopamp_core_0.xslicea_0.bpa_r         3.07769
xdut.xlpopamp_core_0.xslicea_0.zp_m         3.00306
xdut.xlpopamp_core_0.xslicea_0.yp_p         3.45358
xdut.xlpopamp_core_0.xslicea_0.bnb         1.15361
xdut.xlpopamp_core_0.xslicea_0.xp         2.52994
xdut.xlpopamp_core_0.xslicea_0.yn_p       0.0979368
xdut.xlpopamp_core_0.xslicea_0.bna_        0.592298
xdut.xlpopamp_core_0.xslicea_0.bpa_l         3.07769
xdut.xlpopamp_core_0.xslicea_0.yp_m         3.45546
xdut.xlpopamp_core_0.xslicea_0.bpa         2.97721
xdut.xlpopamp_core_0.xslicea_0.enb     6.22876e-08
xdut.xlpopamp_core_0.xslicea_0.xn         1.08224
xdut.xlpopamp_core_0.xslicea_0.tihi         3.56675
xdut.xlpopamp_core_0.xslicea_1.bpb         2.51201
xdut.xlpopamp_core_0.xslicea_1.zn_m        0.584016
xdut.xlpopamp_core_0.xslicea_1.yn_m       0.0974405
xdut.xlpopamp_core_0.xslicea_1.bna        0.591561
xdut.xlpopamp_core_0.xslicea_1.bpa_r         3.07769
xdut.xlpopamp_core_0.xslicea_1.zp_m         3.00306
xdut.xlpopamp_core_0.xslicea_1.yp_p         3.45358
xdut.xlpopamp_core_0.xslicea_1.bnb         1.15361
xdut.xlpopamp_core_0.xslicea_1.xp         2.52994
xdut.xlpopamp_core_0.xslicea_1.yn_p       0.0979368
xdut.xlpopamp_core_0.xslicea_1.bna_        0.592298
xdut.xlpopamp_core_0.xslicea_1.bpa_l         3.07769
xdut.xlpopamp_core_0.xslicea_1.yp_m         3.45546
xdut.xlpopamp_core_0.xslicea_1.bpa         2.97721
xdut.xlpopamp_core_0.xslicea_1.enb     6.22876e-08
xdut.xlpopamp_core_0.xslicea_1.xn         1.08224
xdut.xlpopamp_core_0.xslicea_1.tihi         3.56675
xdut.xlpopamp_core_0.xsliceb_0.zp_m         3.00306
xdut.xlpopamp_core_0.xsliceb_0.bnb         1.15361
xdut.xlpopamp_core_0.xsliceb_0.yp_p         3.45358
xdut.xlpopamp_core_0.xsliceb_0.bpa_r         3.07769
xdut.xlpopamp_core_0.xsliceb_0.zn_m        0.584016
xdut.xlpopamp_core_0.xsliceb_0.xp         2.52994
xdut.xlpopamp_core_0.xsliceb_0.yn_p       0.0979368
xdut.xlpopamp_core_0.xsliceb_0.bna_        0.592298
xdut.xlpopamp_core_0.xsliceb_0.bpb         2.51201
xdut.xlpopamp_core_0.xsliceb_0.bna        0.591561
xdut.xlpopamp_core_0.xsliceb_0.yp_m         3.45546
xdut.xlpopamp_core_0.xsliceb_0.bpa         2.97721
xdut.xlpopamp_core_0.xsliceb_0.xn         1.08224
xdut.xlpopamp_core_0.xsliceb_0.yn_m       0.0974405
xdut.xlpopamp_core_0.xsliceb_0.bpa_l         3.07769
xdut.xlpopamp_core_0.xsliceb_0.tihi         3.56675
xdut.xlpopamp_core_0.xsliceb_0.enb     6.22876e-08
enb                                          0
out_                                       1.8
v_out#branch                      -1.02574e-05
v_enb#branch                                 0
v_en#branch                       -1.18902e-10
v_in#branch                       -1.13622e-10
v_avdd#branch                     -0.000173565
v_avss#branch                      2.01991e-09


No. of Data Rows : 1022

Total analysis time (seconds) = 884.052

Total elapsed time (seconds) = 886.596 

Total DRAM available = 19163.051 MB.
DRAM currently available = 8656.387 MB.
Maximum ngspice program size =  306.930 MB.
Current ngspice program size =  225.125 MB.

Shared ngspice pages =   12.055 MB.
Text (code) pages =    6.406 MB.
Stack = 0 bytes.
Library pages =  221.996 MB.

