
Note: Compatibility modes selected: hs a

Warning: m=xx on .subckt line will override multiplier m hierarchy!


Circuit: * num: 15 corner: mos_sf vdd: 3.6 temp: 85

Doing analysis at TEMP = 85.000000 and TNOM = 27.000000

Using SPARSE 1.3 as Direct Linear Solver
Note: Starting dynamic gmin stepping
Note: Dynamic gmin stepping completed

Initial Transient Solution
--------------------------

Node                                   Voltage
----                                   -------
xdut.xlpopamp_core_0.xsliceb_1.zp_m         2.97771
xdut.xlpopamp_core_0.xsliceb_1.bnb         1.36506
avss                                         0
avdd                                       3.6
xdut.xlpopamp_core_0.xsliceb_1.yp_p           3.457
xdut.xlpopamp_core_0.xsliceb_1.bpa_r         3.04736
xdut.xlpopamp_core_0.xsliceb_1.zn_m        0.662944
xdut.xlpopamp_core_0.xsliceb_1.xp          2.5563
out                                    1.74859
xdut.xlpopamp_core_0.xsliceb_1.yn_p       0.0860354
xdut.xlpopamp_core_0.xsliceb_1.bna_        0.688282
xdut.zp_p                              3.05051
xdut.xlpopamp_core_0.xsliceb_1.bpb         2.43756
xdut.xlpopamp_core_0.xsliceb_1.bna        0.663667
en                                         3.6
ibias                                 0.664464
xdut.xlpopamp_core_0.xsliceb_1.yp_m         3.45878
xdut.xlpopamp_core_0.xsliceb_1.bpa         2.95192
xdut.xlpopamp_core_0.xsliceb_1.xn        0.998199
xdut.xlpopamp_core_0.xsliceb_1.yn_m       0.0856207
in                                        1.75
xdut.zn_p                             0.664551
xdut.xlpopamp_core_0.xsliceb_1.bpa_l         3.04736
xdut.xlpopamp_core_0.xsliceb_1.tihi         3.55379
xdut.xlpopamp_core_0.xsliceb_1.enb     3.20888e-08
xdut.xlpopamp_core_0.xslicea_0.bpb         2.43756
xdut.xlpopamp_core_0.xslicea_0.zn_m        0.662944
xdut.xlpopamp_core_0.xslicea_0.yn_m       0.0856207
xdut.xlpopamp_core_0.xslicea_0.bna        0.663667
xdut.xlpopamp_core_0.xslicea_0.bpa_r         3.04736
xdut.xlpopamp_core_0.xslicea_0.zp_m         2.97771
xdut.xlpopamp_core_0.xslicea_0.yp_p           3.457
xdut.xlpopamp_core_0.xslicea_0.bnb         1.36506
xdut.xlpopamp_core_0.xslicea_0.xp          2.5563
xdut.xlpopamp_core_0.xslicea_0.yn_p       0.0860354
xdut.xlpopamp_core_0.xslicea_0.bna_        0.688282
xdut.xlpopamp_core_0.xslicea_0.bpa_l         3.04736
xdut.xlpopamp_core_0.xslicea_0.yp_m         3.45878
xdut.xlpopamp_core_0.xslicea_0.bpa         2.95192
xdut.xlpopamp_core_0.xslicea_0.enb     3.20888e-08
xdut.xlpopamp_core_0.xslicea_0.xn        0.998199
xdut.xlpopamp_core_0.xslicea_0.tihi         3.55379
xdut.xlpopamp_core_0.xslicea_1.bpb         2.43756
xdut.xlpopamp_core_0.xslicea_1.zn_m        0.662944
xdut.xlpopamp_core_0.xslicea_1.yn_m       0.0856207
xdut.xlpopamp_core_0.xslicea_1.bna        0.663667
xdut.xlpopamp_core_0.xslicea_1.bpa_r         3.04736
xdut.xlpopamp_core_0.xslicea_1.zp_m         2.97771
xdut.xlpopamp_core_0.xslicea_1.yp_p           3.457
xdut.xlpopamp_core_0.xslicea_1.bnb         1.36506
xdut.xlpopamp_core_0.xslicea_1.xp          2.5563
xdut.xlpopamp_core_0.xslicea_1.yn_p       0.0860354
xdut.xlpopamp_core_0.xslicea_1.bna_        0.688282
xdut.xlpopamp_core_0.xslicea_1.bpa_l         3.04736
xdut.xlpopamp_core_0.xslicea_1.yp_m         3.45878
xdut.xlpopamp_core_0.xslicea_1.bpa         2.95192
xdut.xlpopamp_core_0.xslicea_1.enb     3.20888e-08
xdut.xlpopamp_core_0.xslicea_1.xn        0.998199
xdut.xlpopamp_core_0.xslicea_1.tihi         3.55379
xdut.xlpopamp_core_0.xsliceb_0.zp_m         2.97771
xdut.xlpopamp_core_0.xsliceb_0.bnb         1.36506
xdut.xlpopamp_core_0.xsliceb_0.yp_p           3.457
xdut.xlpopamp_core_0.xsliceb_0.bpa_r         3.04736
xdut.xlpopamp_core_0.xsliceb_0.zn_m        0.662944
xdut.xlpopamp_core_0.xsliceb_0.xp          2.5563
xdut.xlpopamp_core_0.xsliceb_0.yn_p       0.0860354
xdut.xlpopamp_core_0.xsliceb_0.bna_        0.688282
xdut.xlpopamp_core_0.xsliceb_0.bpb         2.43756
xdut.xlpopamp_core_0.xsliceb_0.bna        0.663667
xdut.xlpopamp_core_0.xsliceb_0.yp_m         3.45878
xdut.xlpopamp_core_0.xsliceb_0.bpa         2.95192
xdut.xlpopamp_core_0.xsliceb_0.xn        0.998199
xdut.xlpopamp_core_0.xsliceb_0.yn_m       0.0856207
xdut.xlpopamp_core_0.xsliceb_0.bpa_l         3.04736
xdut.xlpopamp_core_0.xsliceb_0.tihi         3.55379
xdut.xlpopamp_core_0.xsliceb_0.enb     3.20888e-08
enb                                          0
out_                                       1.8
v_out#branch                      -1.02822e-05
v_enb#branch                                 0
v_en#branch                       -1.18902e-10
v_in#branch                       -1.13622e-10
v_avdd#branch                     -0.000171276
v_avss#branch                      2.18239e-09


No. of Data Rows : 1024

Warning: command 'plot' is not available during batch simulation, ignored!
    You may use Gnuplot instead.

../data/tb_lpopamp_buf_tran_sine_cc.dat15: No such file or directory
binary raw file "../out/sp15.raw"
Doing analysis at TEMP = 85.000000 and TNOM = 27.000000

Using SPARSE 1.3 as Direct Linear Solver
No. of Data Columns : 3  
Note: Starting dynamic gmin stepping
Note: Dynamic gmin stepping completed

Initial Transient Solution
--------------------------

Node                                   Voltage
----                                   -------
xdut.xlpopamp_core_0.xsliceb_1.zp_m         2.97771
xdut.xlpopamp_core_0.xsliceb_1.bnb         1.36506
avss                                         0
avdd                                       3.6
xdut.xlpopamp_core_0.xsliceb_1.yp_p           3.457
xdut.xlpopamp_core_0.xsliceb_1.bpa_r         3.04736
xdut.xlpopamp_core_0.xsliceb_1.zn_m        0.662944
xdut.xlpopamp_core_0.xsliceb_1.xp          2.5563
out                                    1.74859
xdut.xlpopamp_core_0.xsliceb_1.yn_p       0.0860354
xdut.xlpopamp_core_0.xsliceb_1.bna_        0.688282
xdut.zp_p                              3.05051
xdut.xlpopamp_core_0.xsliceb_1.bpb         2.43756
xdut.xlpopamp_core_0.xsliceb_1.bna        0.663667
en                                         3.6
ibias                                 0.664464
xdut.xlpopamp_core_0.xsliceb_1.yp_m         3.45878
xdut.xlpopamp_core_0.xsliceb_1.bpa         2.95192
xdut.xlpopamp_core_0.xsliceb_1.xn        0.998199
xdut.xlpopamp_core_0.xsliceb_1.yn_m       0.0856207
in                                        1.75
xdut.zn_p                             0.664551
xdut.xlpopamp_core_0.xsliceb_1.bpa_l         3.04736
xdut.xlpopamp_core_0.xsliceb_1.tihi         3.55379
xdut.xlpopamp_core_0.xsliceb_1.enb     3.20888e-08
xdut.xlpopamp_core_0.xslicea_0.bpb         2.43756
xdut.xlpopamp_core_0.xslicea_0.zn_m        0.662944
xdut.xlpopamp_core_0.xslicea_0.yn_m       0.0856207
xdut.xlpopamp_core_0.xslicea_0.bna        0.663667
xdut.xlpopamp_core_0.xslicea_0.bpa_r         3.04736
xdut.xlpopamp_core_0.xslicea_0.zp_m         2.97771
xdut.xlpopamp_core_0.xslicea_0.yp_p           3.457
xdut.xlpopamp_core_0.xslicea_0.bnb         1.36506
xdut.xlpopamp_core_0.xslicea_0.xp          2.5563
xdut.xlpopamp_core_0.xslicea_0.yn_p       0.0860354
xdut.xlpopamp_core_0.xslicea_0.bna_        0.688282
xdut.xlpopamp_core_0.xslicea_0.bpa_l         3.04736
xdut.xlpopamp_core_0.xslicea_0.yp_m         3.45878
xdut.xlpopamp_core_0.xslicea_0.bpa         2.95192
xdut.xlpopamp_core_0.xslicea_0.enb     3.20888e-08
xdut.xlpopamp_core_0.xslicea_0.xn        0.998199
xdut.xlpopamp_core_0.xslicea_0.tihi         3.55379
xdut.xlpopamp_core_0.xslicea_1.bpb         2.43756
xdut.xlpopamp_core_0.xslicea_1.zn_m        0.662944
xdut.xlpopamp_core_0.xslicea_1.yn_m       0.0856207
xdut.xlpopamp_core_0.xslicea_1.bna        0.663667
xdut.xlpopamp_core_0.xslicea_1.bpa_r         3.04736
xdut.xlpopamp_core_0.xslicea_1.zp_m         2.97771
xdut.xlpopamp_core_0.xslicea_1.yp_p           3.457
xdut.xlpopamp_core_0.xslicea_1.bnb         1.36506
xdut.xlpopamp_core_0.xslicea_1.xp          2.5563
xdut.xlpopamp_core_0.xslicea_1.yn_p       0.0860354
xdut.xlpopamp_core_0.xslicea_1.bna_        0.688282
xdut.xlpopamp_core_0.xslicea_1.bpa_l         3.04736
xdut.xlpopamp_core_0.xslicea_1.yp_m         3.45878
xdut.xlpopamp_core_0.xslicea_1.bpa         2.95192
xdut.xlpopamp_core_0.xslicea_1.enb     3.20888e-08
xdut.xlpopamp_core_0.xslicea_1.xn        0.998199
xdut.xlpopamp_core_0.xslicea_1.tihi         3.55379
xdut.xlpopamp_core_0.xsliceb_0.zp_m         2.97771
xdut.xlpopamp_core_0.xsliceb_0.bnb         1.36506
xdut.xlpopamp_core_0.xsliceb_0.yp_p           3.457
xdut.xlpopamp_core_0.xsliceb_0.bpa_r         3.04736
xdut.xlpopamp_core_0.xsliceb_0.zn_m        0.662944
xdut.xlpopamp_core_0.xsliceb_0.xp          2.5563
xdut.xlpopamp_core_0.xsliceb_0.yn_p       0.0860354
xdut.xlpopamp_core_0.xsliceb_0.bna_        0.688282
xdut.xlpopamp_core_0.xsliceb_0.bpb         2.43756
xdut.xlpopamp_core_0.xsliceb_0.bna        0.663667
xdut.xlpopamp_core_0.xsliceb_0.yp_m         3.45878
xdut.xlpopamp_core_0.xsliceb_0.bpa         2.95192
xdut.xlpopamp_core_0.xsliceb_0.xn        0.998199
xdut.xlpopamp_core_0.xsliceb_0.yn_m       0.0856207
xdut.xlpopamp_core_0.xsliceb_0.bpa_l         3.04736
xdut.xlpopamp_core_0.xsliceb_0.tihi         3.55379
xdut.xlpopamp_core_0.xsliceb_0.enb     3.20888e-08
enb                                          0
out_                                       1.8
v_out#branch                      -1.02822e-05
v_enb#branch                                 0
v_en#branch                       -1.18902e-10
v_in#branch                       -1.13622e-10
v_avdd#branch                     -0.000171276
v_avss#branch                      2.18239e-09


No. of Data Rows : 1024

Total analysis time (seconds) = 937.714

Total elapsed time (seconds) = 940.250 

Total DRAM available = 19163.051 MB.
DRAM currently available = 8593.266 MB.
Maximum ngspice program size =  306.930 MB.
Current ngspice program size =  224.969 MB.

Shared ngspice pages =   11.934 MB.
Text (code) pages =    6.406 MB.
Stack = 0 bytes.
Library pages =  221.996 MB.

