
Note: Compatibility modes selected: hs a

Warning: m=xx on .subckt line will override multiplier m hierarchy!


Circuit: * num: 16 corner: mos_fs vdd: 3.6 temp: 85

Doing analysis at TEMP = 85.000000 and TNOM = 27.000000

Using SPARSE 1.3 as Direct Linear Solver
Note: Starting dynamic gmin stepping
Note: Dynamic gmin stepping completed

Initial Transient Solution
--------------------------

Node                                   Voltage
----                                   -------
xdut.xlpopamp_core_0.xsliceb_1.zp_m         2.92643
xdut.xlpopamp_core_0.xsliceb_1.bnb         1.22407
avss                                         0
avdd                                       3.6
xdut.xlpopamp_core_0.xsliceb_1.yp_p          3.4634
xdut.xlpopamp_core_0.xsliceb_1.bpa_r         2.98625
xdut.xlpopamp_core_0.xsliceb_1.zn_m        0.610178
xdut.xlpopamp_core_0.xsliceb_1.xp          2.6088
out                                    1.74872
xdut.xlpopamp_core_0.xsliceb_1.yn_p       0.0938023
xdut.xlpopamp_core_0.xsliceb_1.bna_        0.624282
xdut.zp_p                              2.98892
xdut.xlpopamp_core_0.xsliceb_1.bpb          2.2871
xdut.xlpopamp_core_0.xsliceb_1.bna        0.615948
en                                         3.6
ibias                                 0.616658
xdut.xlpopamp_core_0.xsliceb_1.yp_m         3.46511
xdut.xlpopamp_core_0.xsliceb_1.bpa         2.90062
xdut.xlpopamp_core_0.xsliceb_1.xn         1.05406
xdut.xlpopamp_core_0.xsliceb_1.yn_m       0.0933553
in                                        1.75
xdut.zn_p                             0.600786
xdut.xlpopamp_core_0.xsliceb_1.bpa_l         2.98625
xdut.xlpopamp_core_0.xsliceb_1.tihi         3.51969
xdut.xlpopamp_core_0.xsliceb_1.enb     5.55692e-09
xdut.xlpopamp_core_0.xslicea_0.bpb          2.2871
xdut.xlpopamp_core_0.xslicea_0.zn_m        0.610178
xdut.xlpopamp_core_0.xslicea_0.yn_m       0.0933553
xdut.xlpopamp_core_0.xslicea_0.bna        0.615948
xdut.xlpopamp_core_0.xslicea_0.bpa_r         2.98625
xdut.xlpopamp_core_0.xslicea_0.zp_m         2.92643
xdut.xlpopamp_core_0.xslicea_0.yp_p          3.4634
xdut.xlpopamp_core_0.xslicea_0.bnb         1.22407
xdut.xlpopamp_core_0.xslicea_0.xp          2.6088
xdut.xlpopamp_core_0.xslicea_0.yn_p       0.0938023
xdut.xlpopamp_core_0.xslicea_0.bna_        0.624282
xdut.xlpopamp_core_0.xslicea_0.bpa_l         2.98625
xdut.xlpopamp_core_0.xslicea_0.yp_m         3.46511
xdut.xlpopamp_core_0.xslicea_0.bpa         2.90062
xdut.xlpopamp_core_0.xslicea_0.enb     5.55692e-09
xdut.xlpopamp_core_0.xslicea_0.xn         1.05406
xdut.xlpopamp_core_0.xslicea_0.tihi         3.51969
xdut.xlpopamp_core_0.xslicea_1.bpb          2.2871
xdut.xlpopamp_core_0.xslicea_1.zn_m        0.610178
xdut.xlpopamp_core_0.xslicea_1.yn_m       0.0933553
xdut.xlpopamp_core_0.xslicea_1.bna        0.615948
xdut.xlpopamp_core_0.xslicea_1.bpa_r         2.98625
xdut.xlpopamp_core_0.xslicea_1.zp_m         2.92643
xdut.xlpopamp_core_0.xslicea_1.yp_p          3.4634
xdut.xlpopamp_core_0.xslicea_1.bnb         1.22407
xdut.xlpopamp_core_0.xslicea_1.xp          2.6088
xdut.xlpopamp_core_0.xslicea_1.yn_p       0.0938023
xdut.xlpopamp_core_0.xslicea_1.bna_        0.624282
xdut.xlpopamp_core_0.xslicea_1.bpa_l         2.98625
xdut.xlpopamp_core_0.xslicea_1.yp_m         3.46511
xdut.xlpopamp_core_0.xslicea_1.bpa         2.90062
xdut.xlpopamp_core_0.xslicea_1.enb     5.55692e-09
xdut.xlpopamp_core_0.xslicea_1.xn         1.05406
xdut.xlpopamp_core_0.xslicea_1.tihi         3.51969
xdut.xlpopamp_core_0.xsliceb_0.zp_m         2.92643
xdut.xlpopamp_core_0.xsliceb_0.bnb         1.22407
xdut.xlpopamp_core_0.xsliceb_0.yp_p          3.4634
xdut.xlpopamp_core_0.xsliceb_0.bpa_r         2.98625
xdut.xlpopamp_core_0.xsliceb_0.zn_m        0.610178
xdut.xlpopamp_core_0.xsliceb_0.xp          2.6088
xdut.xlpopamp_core_0.xsliceb_0.yn_p       0.0938023
xdut.xlpopamp_core_0.xsliceb_0.bna_        0.624282
xdut.xlpopamp_core_0.xsliceb_0.bpb          2.2871
xdut.xlpopamp_core_0.xsliceb_0.bna        0.615948
xdut.xlpopamp_core_0.xsliceb_0.yp_m         3.46511
xdut.xlpopamp_core_0.xsliceb_0.bpa         2.90062
xdut.xlpopamp_core_0.xsliceb_0.xn         1.05406
xdut.xlpopamp_core_0.xsliceb_0.yn_m       0.0933553
xdut.xlpopamp_core_0.xsliceb_0.bpa_l         2.98625
xdut.xlpopamp_core_0.xsliceb_0.tihi         3.51969
xdut.xlpopamp_core_0.xsliceb_0.enb     5.55692e-09
enb                                          0
out_                                       1.8
v_out#branch                      -1.02559e-05
v_enb#branch                                 0
v_en#branch                       -1.18902e-10
v_in#branch                       -1.13622e-10
v_avdd#branch                     -0.000171691
v_avss#branch                      2.06874e-09


No. of Data Rows : 1023

Warning: command 'plot' is not available during batch simulation, ignored!
    You may use Gnuplot instead.

../data/tb_lpopamp_buf_tran_sine_cc.dat16: No such file or directory
binary raw file "../out/sp16.raw"
Doing analysis at TEMP = 85.000000 and TNOM = 27.000000

Using SPARSE 1.3 as Direct Linear Solver
No. of Data Columns : 3  
Note: Starting dynamic gmin stepping
Note: Dynamic gmin stepping completed

Initial Transient Solution
--------------------------

Node                                   Voltage
----                                   -------
xdut.xlpopamp_core_0.xsliceb_1.zp_m         2.92643
xdut.xlpopamp_core_0.xsliceb_1.bnb         1.22407
avss                                         0
avdd                                       3.6
xdut.xlpopamp_core_0.xsliceb_1.yp_p          3.4634
xdut.xlpopamp_core_0.xsliceb_1.bpa_r         2.98625
xdut.xlpopamp_core_0.xsliceb_1.zn_m        0.610178
xdut.xlpopamp_core_0.xsliceb_1.xp          2.6088
out                                    1.74872
xdut.xlpopamp_core_0.xsliceb_1.yn_p       0.0938023
xdut.xlpopamp_core_0.xsliceb_1.bna_        0.624282
xdut.zp_p                              2.98892
xdut.xlpopamp_core_0.xsliceb_1.bpb          2.2871
xdut.xlpopamp_core_0.xsliceb_1.bna        0.615948
en                                         3.6
ibias                                 0.616658
xdut.xlpopamp_core_0.xsliceb_1.yp_m         3.46511
xdut.xlpopamp_core_0.xsliceb_1.bpa         2.90062
xdut.xlpopamp_core_0.xsliceb_1.xn         1.05406
xdut.xlpopamp_core_0.xsliceb_1.yn_m       0.0933553
in                                        1.75
xdut.zn_p                             0.600786
xdut.xlpopamp_core_0.xsliceb_1.bpa_l         2.98625
xdut.xlpopamp_core_0.xsliceb_1.tihi         3.51969
xdut.xlpopamp_core_0.xsliceb_1.enb     5.55692e-09
xdut.xlpopamp_core_0.xslicea_0.bpb          2.2871
xdut.xlpopamp_core_0.xslicea_0.zn_m        0.610178
xdut.xlpopamp_core_0.xslicea_0.yn_m       0.0933553
xdut.xlpopamp_core_0.xslicea_0.bna        0.615948
xdut.xlpopamp_core_0.xslicea_0.bpa_r         2.98625
xdut.xlpopamp_core_0.xslicea_0.zp_m         2.92643
xdut.xlpopamp_core_0.xslicea_0.yp_p          3.4634
xdut.xlpopamp_core_0.xslicea_0.bnb         1.22407
xdut.xlpopamp_core_0.xslicea_0.xp          2.6088
xdut.xlpopamp_core_0.xslicea_0.yn_p       0.0938023
xdut.xlpopamp_core_0.xslicea_0.bna_        0.624282
xdut.xlpopamp_core_0.xslicea_0.bpa_l         2.98625
xdut.xlpopamp_core_0.xslicea_0.yp_m         3.46511
xdut.xlpopamp_core_0.xslicea_0.bpa         2.90062
xdut.xlpopamp_core_0.xslicea_0.enb     5.55692e-09
xdut.xlpopamp_core_0.xslicea_0.xn         1.05406
xdut.xlpopamp_core_0.xslicea_0.tihi         3.51969
xdut.xlpopamp_core_0.xslicea_1.bpb          2.2871
xdut.xlpopamp_core_0.xslicea_1.zn_m        0.610178
xdut.xlpopamp_core_0.xslicea_1.yn_m       0.0933553
xdut.xlpopamp_core_0.xslicea_1.bna        0.615948
xdut.xlpopamp_core_0.xslicea_1.bpa_r         2.98625
xdut.xlpopamp_core_0.xslicea_1.zp_m         2.92643
xdut.xlpopamp_core_0.xslicea_1.yp_p          3.4634
xdut.xlpopamp_core_0.xslicea_1.bnb         1.22407
xdut.xlpopamp_core_0.xslicea_1.xp          2.6088
xdut.xlpopamp_core_0.xslicea_1.yn_p       0.0938023
xdut.xlpopamp_core_0.xslicea_1.bna_        0.624282
xdut.xlpopamp_core_0.xslicea_1.bpa_l         2.98625
xdut.xlpopamp_core_0.xslicea_1.yp_m         3.46511
xdut.xlpopamp_core_0.xslicea_1.bpa         2.90062
xdut.xlpopamp_core_0.xslicea_1.enb     5.55692e-09
xdut.xlpopamp_core_0.xslicea_1.xn         1.05406
xdut.xlpopamp_core_0.xslicea_1.tihi         3.51969
xdut.xlpopamp_core_0.xsliceb_0.zp_m         2.92643
xdut.xlpopamp_core_0.xsliceb_0.bnb         1.22407
xdut.xlpopamp_core_0.xsliceb_0.yp_p          3.4634
xdut.xlpopamp_core_0.xsliceb_0.bpa_r         2.98625
xdut.xlpopamp_core_0.xsliceb_0.zn_m        0.610178
xdut.xlpopamp_core_0.xsliceb_0.xp          2.6088
xdut.xlpopamp_core_0.xsliceb_0.yn_p       0.0938023
xdut.xlpopamp_core_0.xsliceb_0.bna_        0.624282
xdut.xlpopamp_core_0.xsliceb_0.bpb          2.2871
xdut.xlpopamp_core_0.xsliceb_0.bna        0.615948
xdut.xlpopamp_core_0.xsliceb_0.yp_m         3.46511
xdut.xlpopamp_core_0.xsliceb_0.bpa         2.90062
xdut.xlpopamp_core_0.xsliceb_0.xn         1.05406
xdut.xlpopamp_core_0.xsliceb_0.yn_m       0.0933553
xdut.xlpopamp_core_0.xsliceb_0.bpa_l         2.98625
xdut.xlpopamp_core_0.xsliceb_0.tihi         3.51969
xdut.xlpopamp_core_0.xsliceb_0.enb     5.55692e-09
enb                                          0
out_                                       1.8
v_out#branch                      -1.02559e-05
v_enb#branch                                 0
v_en#branch                       -1.18902e-10
v_in#branch                       -1.13622e-10
v_avdd#branch                     -0.000171691
v_avss#branch                      2.06874e-09


No. of Data Rows : 1023

Total analysis time (seconds) = 859.513

Total elapsed time (seconds) = 862.047 

Total DRAM available = 19163.051 MB.
DRAM currently available = 8678.512 MB.
Maximum ngspice program size =  306.938 MB.
Current ngspice program size =  224.910 MB.

Shared ngspice pages =   11.871 MB.
Text (code) pages =    6.406 MB.
Stack = 0 bytes.
Library pages =  222.004 MB.

