
Note: Compatibility modes selected: hs a

Warning: m=xx on .subckt line will override multiplier m hierarchy!


Circuit: * num: 2 corner: mos_ff vdd: 3.0 temp: -40

Doing analysis at TEMP = -40.000000 and TNOM = 27.000000

Using SPARSE 1.3 as Direct Linear Solver
Note: Starting dynamic gmin stepping
Note: Dynamic gmin stepping completed

Initial Transient Solution
--------------------------

Node                                   Voltage
----                                   -------
xdut.xlpopamp_core_0.xsliceb_1.zp_m         2.26615
xdut.xlpopamp_core_0.xsliceb_1.bnb         1.33754
avss                                         0
avdd                                         3
xdut.xlpopamp_core_0.xsliceb_1.yp_p         2.87384
xdut.xlpopamp_core_0.xsliceb_1.bpa_r         2.34548
xdut.xlpopamp_core_0.xsliceb_1.zn_m        0.676843
xdut.xlpopamp_core_0.xsliceb_1.xp         2.26586
out                                    1.44889
xdut.xlpopamp_core_0.xsliceb_1.yn_p       0.0888266
xdut.xlpopamp_core_0.xsliceb_1.bna_        0.661409
xdut.zp_p                               2.3475
xdut.xlpopamp_core_0.xsliceb_1.bpb         1.56827
xdut.xlpopamp_core_0.xsliceb_1.bna        0.686282
en                                           3
ibias                                 0.686782
xdut.xlpopamp_core_0.xsliceb_1.yp_m         2.87514
xdut.xlpopamp_core_0.xsliceb_1.bpa         2.24719
xdut.xlpopamp_core_0.xsliceb_1.xn        0.748157
xdut.xlpopamp_core_0.xsliceb_1.yn_m       0.0882541
in                                        1.45
xdut.zn_p                             0.643679
xdut.xlpopamp_core_0.xsliceb_1.bpa_l         2.34548
xdut.xlpopamp_core_0.xsliceb_1.tihi         2.63951
xdut.xlpopamp_core_0.xsliceb_1.enb      1.5404e-09
xdut.xlpopamp_core_0.xslicea_0.bpb         1.56827
xdut.xlpopamp_core_0.xslicea_0.zn_m        0.676843
xdut.xlpopamp_core_0.xslicea_0.yn_m       0.0882541
xdut.xlpopamp_core_0.xslicea_0.bna        0.686282
xdut.xlpopamp_core_0.xslicea_0.bpa_r         2.34548
xdut.xlpopamp_core_0.xslicea_0.zp_m         2.26615
xdut.xlpopamp_core_0.xslicea_0.yp_p         2.87384
xdut.xlpopamp_core_0.xslicea_0.bnb         1.33754
xdut.xlpopamp_core_0.xslicea_0.xp         2.26586
xdut.xlpopamp_core_0.xslicea_0.yn_p       0.0888266
xdut.xlpopamp_core_0.xslicea_0.bna_        0.661409
xdut.xlpopamp_core_0.xslicea_0.bpa_l         2.34548
xdut.xlpopamp_core_0.xslicea_0.yp_m         2.87514
xdut.xlpopamp_core_0.xslicea_0.bpa         2.24719
xdut.xlpopamp_core_0.xslicea_0.enb      1.5404e-09
xdut.xlpopamp_core_0.xslicea_0.xn        0.748157
xdut.xlpopamp_core_0.xslicea_0.tihi         2.63951
xdut.xlpopamp_core_0.xslicea_1.bpb         1.56827
xdut.xlpopamp_core_0.xslicea_1.zn_m        0.676843
xdut.xlpopamp_core_0.xslicea_1.yn_m       0.0882541
xdut.xlpopamp_core_0.xslicea_1.bna        0.686282
xdut.xlpopamp_core_0.xslicea_1.bpa_r         2.34548
xdut.xlpopamp_core_0.xslicea_1.zp_m         2.26615
xdut.xlpopamp_core_0.xslicea_1.yp_p         2.87384
xdut.xlpopamp_core_0.xslicea_1.bnb         1.33754
xdut.xlpopamp_core_0.xslicea_1.xp         2.26586
xdut.xlpopamp_core_0.xslicea_1.yn_p       0.0888266
xdut.xlpopamp_core_0.xslicea_1.bna_        0.661409
xdut.xlpopamp_core_0.xslicea_1.bpa_l         2.34548
xdut.xlpopamp_core_0.xslicea_1.yp_m         2.87514
xdut.xlpopamp_core_0.xslicea_1.bpa         2.24719
xdut.xlpopamp_core_0.xslicea_1.enb      1.5404e-09
xdut.xlpopamp_core_0.xslicea_1.xn        0.748157
xdut.xlpopamp_core_0.xslicea_1.tihi         2.63951
xdut.xlpopamp_core_0.xsliceb_0.zp_m         2.26615
xdut.xlpopamp_core_0.xsliceb_0.bnb         1.33754
xdut.xlpopamp_core_0.xsliceb_0.yp_p         2.87384
xdut.xlpopamp_core_0.xsliceb_0.bpa_r         2.34548
xdut.xlpopamp_core_0.xsliceb_0.zn_m        0.676843
xdut.xlpopamp_core_0.xsliceb_0.xp         2.26586
xdut.xlpopamp_core_0.xsliceb_0.yn_p       0.0888266
xdut.xlpopamp_core_0.xsliceb_0.bna_        0.661409
xdut.xlpopamp_core_0.xsliceb_0.bpb         1.56827
xdut.xlpopamp_core_0.xsliceb_0.bna        0.686282
xdut.xlpopamp_core_0.xsliceb_0.yp_m         2.87514
xdut.xlpopamp_core_0.xsliceb_0.bpa         2.24719
xdut.xlpopamp_core_0.xsliceb_0.xn        0.748157
xdut.xlpopamp_core_0.xsliceb_0.yn_m       0.0882541
xdut.xlpopamp_core_0.xsliceb_0.bpa_l         2.34548
xdut.xlpopamp_core_0.xsliceb_0.tihi         2.63951
xdut.xlpopamp_core_0.xsliceb_0.enb      1.5404e-09
enb                                          0
out_                                       1.5
v_out#branch                      -1.02213e-05
v_enb#branch                                 0
v_en#branch                       -9.89928e-11
v_in#branch                       -9.42264e-11
v_avdd#branch                     -0.000171693
v_avss#branch                      1.97514e-09


No. of Data Rows : 1022

Warning: command 'plot' is not available during batch simulation, ignored!
    You may use Gnuplot instead.

../data/tb_lpopamp_buf_tran_sine_cc.dat2: No such file or directory
binary raw file "../out/sp2.raw"
Doing analysis at TEMP = -40.000000 and TNOM = 27.000000

Using SPARSE 1.3 as Direct Linear Solver
No. of Data Columns : 3  
Note: Starting dynamic gmin stepping
Note: Dynamic gmin stepping completed

Initial Transient Solution
--------------------------

Node                                   Voltage
----                                   -------
xdut.xlpopamp_core_0.xsliceb_1.zp_m         2.26615
xdut.xlpopamp_core_0.xsliceb_1.bnb         1.33754
avss                                         0
avdd                                         3
xdut.xlpopamp_core_0.xsliceb_1.yp_p         2.87384
xdut.xlpopamp_core_0.xsliceb_1.bpa_r         2.34548
xdut.xlpopamp_core_0.xsliceb_1.zn_m        0.676843
xdut.xlpopamp_core_0.xsliceb_1.xp         2.26586
out                                    1.44889
xdut.xlpopamp_core_0.xsliceb_1.yn_p       0.0888266
xdut.xlpopamp_core_0.xsliceb_1.bna_        0.661409
xdut.zp_p                               2.3475
xdut.xlpopamp_core_0.xsliceb_1.bpb         1.56827
xdut.xlpopamp_core_0.xsliceb_1.bna        0.686282
en                                           3
ibias                                 0.686782
xdut.xlpopamp_core_0.xsliceb_1.yp_m         2.87514
xdut.xlpopamp_core_0.xsliceb_1.bpa         2.24719
xdut.xlpopamp_core_0.xsliceb_1.xn        0.748157
xdut.xlpopamp_core_0.xsliceb_1.yn_m       0.0882541
in                                        1.45
xdut.zn_p                             0.643679
xdut.xlpopamp_core_0.xsliceb_1.bpa_l         2.34548
xdut.xlpopamp_core_0.xsliceb_1.tihi         2.63951
xdut.xlpopamp_core_0.xsliceb_1.enb      1.5404e-09
xdut.xlpopamp_core_0.xslicea_0.bpb         1.56827
xdut.xlpopamp_core_0.xslicea_0.zn_m        0.676843
xdut.xlpopamp_core_0.xslicea_0.yn_m       0.0882541
xdut.xlpopamp_core_0.xslicea_0.bna        0.686282
xdut.xlpopamp_core_0.xslicea_0.bpa_r         2.34548
xdut.xlpopamp_core_0.xslicea_0.zp_m         2.26615
xdut.xlpopamp_core_0.xslicea_0.yp_p         2.87384
xdut.xlpopamp_core_0.xslicea_0.bnb         1.33754
xdut.xlpopamp_core_0.xslicea_0.xp         2.26586
xdut.xlpopamp_core_0.xslicea_0.yn_p       0.0888266
xdut.xlpopamp_core_0.xslicea_0.bna_        0.661409
xdut.xlpopamp_core_0.xslicea_0.bpa_l         2.34548
xdut.xlpopamp_core_0.xslicea_0.yp_m         2.87514
xdut.xlpopamp_core_0.xslicea_0.bpa         2.24719
xdut.xlpopamp_core_0.xslicea_0.enb      1.5404e-09
xdut.xlpopamp_core_0.xslicea_0.xn        0.748157
xdut.xlpopamp_core_0.xslicea_0.tihi         2.63951
xdut.xlpopamp_core_0.xslicea_1.bpb         1.56827
xdut.xlpopamp_core_0.xslicea_1.zn_m        0.676843
xdut.xlpopamp_core_0.xslicea_1.yn_m       0.0882541
xdut.xlpopamp_core_0.xslicea_1.bna        0.686282
xdut.xlpopamp_core_0.xslicea_1.bpa_r         2.34548
xdut.xlpopamp_core_0.xslicea_1.zp_m         2.26615
xdut.xlpopamp_core_0.xslicea_1.yp_p         2.87384
xdut.xlpopamp_core_0.xslicea_1.bnb         1.33754
xdut.xlpopamp_core_0.xslicea_1.xp         2.26586
xdut.xlpopamp_core_0.xslicea_1.yn_p       0.0888266
xdut.xlpopamp_core_0.xslicea_1.bna_        0.661409
xdut.xlpopamp_core_0.xslicea_1.bpa_l         2.34548
xdut.xlpopamp_core_0.xslicea_1.yp_m         2.87514
xdut.xlpopamp_core_0.xslicea_1.bpa         2.24719
xdut.xlpopamp_core_0.xslicea_1.enb      1.5404e-09
xdut.xlpopamp_core_0.xslicea_1.xn        0.748157
xdut.xlpopamp_core_0.xslicea_1.tihi         2.63951
xdut.xlpopamp_core_0.xsliceb_0.zp_m         2.26615
xdut.xlpopamp_core_0.xsliceb_0.bnb         1.33754
xdut.xlpopamp_core_0.xsliceb_0.yp_p         2.87384
xdut.xlpopamp_core_0.xsliceb_0.bpa_r         2.34548
xdut.xlpopamp_core_0.xsliceb_0.zn_m        0.676843
xdut.xlpopamp_core_0.xsliceb_0.xp         2.26586
xdut.xlpopamp_core_0.xsliceb_0.yn_p       0.0888266
xdut.xlpopamp_core_0.xsliceb_0.bna_        0.661409
xdut.xlpopamp_core_0.xsliceb_0.bpb         1.56827
xdut.xlpopamp_core_0.xsliceb_0.bna        0.686282
xdut.xlpopamp_core_0.xsliceb_0.yp_m         2.87514
xdut.xlpopamp_core_0.xsliceb_0.bpa         2.24719
xdut.xlpopamp_core_0.xsliceb_0.xn        0.748157
xdut.xlpopamp_core_0.xsliceb_0.yn_m       0.0882541
xdut.xlpopamp_core_0.xsliceb_0.bpa_l         2.34548
xdut.xlpopamp_core_0.xsliceb_0.tihi         2.63951
xdut.xlpopamp_core_0.xsliceb_0.enb      1.5404e-09
enb                                          0
out_                                       1.5
v_out#branch                      -1.02213e-05
v_enb#branch                                 0
v_en#branch                       -9.89928e-11
v_in#branch                       -9.42264e-11
v_avdd#branch                     -0.000171693
v_avss#branch                      1.97514e-09


No. of Data Rows : 1022

Total analysis time (seconds) = 921.588

Total elapsed time (seconds) = 924.266 

Total DRAM available = 19163.051 MB.
DRAM currently available = 9849.418 MB.
Maximum ngspice program size =  306.910 MB.
Current ngspice program size =  224.871 MB.

Shared ngspice pages =   11.848 MB.
Text (code) pages =    6.406 MB.
Stack = 0 bytes.
Library pages =  221.977 MB.

