
Note: Compatibility modes selected: hs a

Warning: m=xx on .subckt line will override multiplier m hierarchy!


Circuit: * num: 4 corner: mos_fs vdd: 3.0 temp: -40

Doing analysis at TEMP = -40.000000 and TNOM = 27.000000

Using SPARSE 1.3 as Direct Linear Solver
Note: Starting dynamic gmin stepping
Note: Dynamic gmin stepping completed

Initial Transient Solution
--------------------------

Node                                   Voltage
----                                   -------
xdut.xlpopamp_core_0.xsliceb_1.zp_m         2.18726
xdut.xlpopamp_core_0.xsliceb_1.bnb         1.40777
avss                                         0
avdd                                         3
xdut.xlpopamp_core_0.xsliceb_1.yp_p          2.8842
xdut.xlpopamp_core_0.xsliceb_1.bpa_r          2.2517
xdut.xlpopamp_core_0.xsliceb_1.zn_m        0.702923
xdut.xlpopamp_core_0.xsliceb_1.xp         2.34245
out                                    1.44885
xdut.xlpopamp_core_0.xsliceb_1.yn_p       0.0844149
xdut.xlpopamp_core_0.xsliceb_1.bna_        0.693402
xdut.zp_p                               2.2546
xdut.xlpopamp_core_0.xsliceb_1.bpb         1.33906
xdut.xlpopamp_core_0.xsliceb_1.bna        0.711076
en                                           3
ibias                                 0.711616
xdut.xlpopamp_core_0.xsliceb_1.yp_m          2.8854
xdut.xlpopamp_core_0.xsliceb_1.bpa         2.16801
xdut.xlpopamp_core_0.xsliceb_1.xn        0.720258
xdut.xlpopamp_core_0.xsliceb_1.yn_m       0.0838777
in                                        1.45
xdut.zn_p                             0.674797
xdut.xlpopamp_core_0.xsliceb_1.bpa_l          2.2517
xdut.xlpopamp_core_0.xsliceb_1.tihi         2.56864
xdut.xlpopamp_core_0.xsliceb_1.enb     3.67393e-12
xdut.xlpopamp_core_0.xslicea_0.bpb         1.33906
xdut.xlpopamp_core_0.xslicea_0.zn_m        0.702923
xdut.xlpopamp_core_0.xslicea_0.yn_m       0.0838777
xdut.xlpopamp_core_0.xslicea_0.bna        0.711076
xdut.xlpopamp_core_0.xslicea_0.bpa_r          2.2517
xdut.xlpopamp_core_0.xslicea_0.zp_m         2.18726
xdut.xlpopamp_core_0.xslicea_0.yp_p          2.8842
xdut.xlpopamp_core_0.xslicea_0.bnb         1.40777
xdut.xlpopamp_core_0.xslicea_0.xp         2.34245
xdut.xlpopamp_core_0.xslicea_0.yn_p       0.0844149
xdut.xlpopamp_core_0.xslicea_0.bna_        0.693402
xdut.xlpopamp_core_0.xslicea_0.bpa_l          2.2517
xdut.xlpopamp_core_0.xslicea_0.yp_m          2.8854
xdut.xlpopamp_core_0.xslicea_0.bpa         2.16801
xdut.xlpopamp_core_0.xslicea_0.enb     3.67393e-12
xdut.xlpopamp_core_0.xslicea_0.xn        0.720258
xdut.xlpopamp_core_0.xslicea_0.tihi         2.56864
xdut.xlpopamp_core_0.xslicea_1.bpb         1.33906
xdut.xlpopamp_core_0.xslicea_1.zn_m        0.702923
xdut.xlpopamp_core_0.xslicea_1.yn_m       0.0838777
xdut.xlpopamp_core_0.xslicea_1.bna        0.711076
xdut.xlpopamp_core_0.xslicea_1.bpa_r          2.2517
xdut.xlpopamp_core_0.xslicea_1.zp_m         2.18726
xdut.xlpopamp_core_0.xslicea_1.yp_p          2.8842
xdut.xlpopamp_core_0.xslicea_1.bnb         1.40777
xdut.xlpopamp_core_0.xslicea_1.xp         2.34245
xdut.xlpopamp_core_0.xslicea_1.yn_p       0.0844149
xdut.xlpopamp_core_0.xslicea_1.bna_        0.693402
xdut.xlpopamp_core_0.xslicea_1.bpa_l          2.2517
xdut.xlpopamp_core_0.xslicea_1.yp_m          2.8854
xdut.xlpopamp_core_0.xslicea_1.bpa         2.16801
xdut.xlpopamp_core_0.xslicea_1.enb     3.67393e-12
xdut.xlpopamp_core_0.xslicea_1.xn        0.720258
xdut.xlpopamp_core_0.xslicea_1.tihi         2.56864
xdut.xlpopamp_core_0.xsliceb_0.zp_m         2.18726
xdut.xlpopamp_core_0.xsliceb_0.bnb         1.40777
xdut.xlpopamp_core_0.xsliceb_0.yp_p          2.8842
xdut.xlpopamp_core_0.xsliceb_0.bpa_r          2.2517
xdut.xlpopamp_core_0.xsliceb_0.zn_m        0.702923
xdut.xlpopamp_core_0.xsliceb_0.xp         2.34245
xdut.xlpopamp_core_0.xsliceb_0.yn_p       0.0844149
xdut.xlpopamp_core_0.xsliceb_0.bna_        0.693402
xdut.xlpopamp_core_0.xsliceb_0.bpb         1.33906
xdut.xlpopamp_core_0.xsliceb_0.bna        0.711076
xdut.xlpopamp_core_0.xsliceb_0.yp_m          2.8854
xdut.xlpopamp_core_0.xsliceb_0.bpa         2.16801
xdut.xlpopamp_core_0.xsliceb_0.xn        0.720258
xdut.xlpopamp_core_0.xsliceb_0.yn_m       0.0838777
xdut.xlpopamp_core_0.xsliceb_0.bpa_l          2.2517
xdut.xlpopamp_core_0.xsliceb_0.tihi         2.56864
xdut.xlpopamp_core_0.xsliceb_0.enb     3.67393e-12
enb                                          0
out_                                       1.5
v_out#branch                      -1.02299e-05
v_enb#branch                                 0
v_en#branch                       -9.89928e-11
v_in#branch                       -9.42264e-11
v_avdd#branch                     -0.000169103
v_avss#branch                      2.02262e-09


No. of Data Rows : 1022

Warning: command 'plot' is not available during batch simulation, ignored!
    You may use Gnuplot instead.

../data/tb_lpopamp_buf_tran_sine_cc.dat4: No such file or directory
binary raw file "../out/sp4.raw"
Doing analysis at TEMP = -40.000000 and TNOM = 27.000000

Using SPARSE 1.3 as Direct Linear Solver
No. of Data Columns : 3  
Note: Starting dynamic gmin stepping
Note: Dynamic gmin stepping completed

Initial Transient Solution
--------------------------

Node                                   Voltage
----                                   -------
xdut.xlpopamp_core_0.xsliceb_1.zp_m         2.18726
xdut.xlpopamp_core_0.xsliceb_1.bnb         1.40777
avss                                         0
avdd                                         3
xdut.xlpopamp_core_0.xsliceb_1.yp_p          2.8842
xdut.xlpopamp_core_0.xsliceb_1.bpa_r          2.2517
xdut.xlpopamp_core_0.xsliceb_1.zn_m        0.702923
xdut.xlpopamp_core_0.xsliceb_1.xp         2.34245
out                                    1.44885
xdut.xlpopamp_core_0.xsliceb_1.yn_p       0.0844149
xdut.xlpopamp_core_0.xsliceb_1.bna_        0.693402
xdut.zp_p                               2.2546
xdut.xlpopamp_core_0.xsliceb_1.bpb         1.33906
xdut.xlpopamp_core_0.xsliceb_1.bna        0.711076
en                                           3
ibias                                 0.711616
xdut.xlpopamp_core_0.xsliceb_1.yp_m          2.8854
xdut.xlpopamp_core_0.xsliceb_1.bpa         2.16801
xdut.xlpopamp_core_0.xsliceb_1.xn        0.720258
xdut.xlpopamp_core_0.xsliceb_1.yn_m       0.0838777
in                                        1.45
xdut.zn_p                             0.674797
xdut.xlpopamp_core_0.xsliceb_1.bpa_l          2.2517
xdut.xlpopamp_core_0.xsliceb_1.tihi         2.56864
xdut.xlpopamp_core_0.xsliceb_1.enb     3.67393e-12
xdut.xlpopamp_core_0.xslicea_0.bpb         1.33906
xdut.xlpopamp_core_0.xslicea_0.zn_m        0.702923
xdut.xlpopamp_core_0.xslicea_0.yn_m       0.0838777
xdut.xlpopamp_core_0.xslicea_0.bna        0.711076
xdut.xlpopamp_core_0.xslicea_0.bpa_r          2.2517
xdut.xlpopamp_core_0.xslicea_0.zp_m         2.18726
xdut.xlpopamp_core_0.xslicea_0.yp_p          2.8842
xdut.xlpopamp_core_0.xslicea_0.bnb         1.40777
xdut.xlpopamp_core_0.xslicea_0.xp         2.34245
xdut.xlpopamp_core_0.xslicea_0.yn_p       0.0844149
xdut.xlpopamp_core_0.xslicea_0.bna_        0.693402
xdut.xlpopamp_core_0.xslicea_0.bpa_l          2.2517
xdut.xlpopamp_core_0.xslicea_0.yp_m          2.8854
xdut.xlpopamp_core_0.xslicea_0.bpa         2.16801
xdut.xlpopamp_core_0.xslicea_0.enb     3.67393e-12
xdut.xlpopamp_core_0.xslicea_0.xn        0.720258
xdut.xlpopamp_core_0.xslicea_0.tihi         2.56864
xdut.xlpopamp_core_0.xslicea_1.bpb         1.33906
xdut.xlpopamp_core_0.xslicea_1.zn_m        0.702923
xdut.xlpopamp_core_0.xslicea_1.yn_m       0.0838777
xdut.xlpopamp_core_0.xslicea_1.bna        0.711076
xdut.xlpopamp_core_0.xslicea_1.bpa_r          2.2517
xdut.xlpopamp_core_0.xslicea_1.zp_m         2.18726
xdut.xlpopamp_core_0.xslicea_1.yp_p          2.8842
xdut.xlpopamp_core_0.xslicea_1.bnb         1.40777
xdut.xlpopamp_core_0.xslicea_1.xp         2.34245
xdut.xlpopamp_core_0.xslicea_1.yn_p       0.0844149
xdut.xlpopamp_core_0.xslicea_1.bna_        0.693402
xdut.xlpopamp_core_0.xslicea_1.bpa_l          2.2517
xdut.xlpopamp_core_0.xslicea_1.yp_m          2.8854
xdut.xlpopamp_core_0.xslicea_1.bpa         2.16801
xdut.xlpopamp_core_0.xslicea_1.enb     3.67393e-12
xdut.xlpopamp_core_0.xslicea_1.xn        0.720258
xdut.xlpopamp_core_0.xslicea_1.tihi         2.56864
xdut.xlpopamp_core_0.xsliceb_0.zp_m         2.18726
xdut.xlpopamp_core_0.xsliceb_0.bnb         1.40777
xdut.xlpopamp_core_0.xsliceb_0.yp_p          2.8842
xdut.xlpopamp_core_0.xsliceb_0.bpa_r          2.2517
xdut.xlpopamp_core_0.xsliceb_0.zn_m        0.702923
xdut.xlpopamp_core_0.xsliceb_0.xp         2.34245
xdut.xlpopamp_core_0.xsliceb_0.yn_p       0.0844149
xdut.xlpopamp_core_0.xsliceb_0.bna_        0.693402
xdut.xlpopamp_core_0.xsliceb_0.bpb         1.33906
xdut.xlpopamp_core_0.xsliceb_0.bna        0.711076
xdut.xlpopamp_core_0.xsliceb_0.yp_m          2.8854
xdut.xlpopamp_core_0.xsliceb_0.bpa         2.16801
xdut.xlpopamp_core_0.xsliceb_0.xn        0.720258
xdut.xlpopamp_core_0.xsliceb_0.yn_m       0.0838777
xdut.xlpopamp_core_0.xsliceb_0.bpa_l          2.2517
xdut.xlpopamp_core_0.xsliceb_0.tihi         2.56864
xdut.xlpopamp_core_0.xsliceb_0.enb     3.67393e-12
enb                                          0
out_                                       1.5
v_out#branch                      -1.02299e-05
v_enb#branch                                 0
v_en#branch                       -9.89928e-11
v_in#branch                       -9.42264e-11
v_avdd#branch                     -0.000169103
v_avss#branch                      2.02262e-09


No. of Data Rows : 1022

Total analysis time (seconds) = 1015.16

Total elapsed time (seconds) = 1018.175 

Total DRAM available = 19163.051 MB.
DRAM currently available = 9666.957 MB.
Maximum ngspice program size =  306.930 MB.
Current ngspice program size =  224.828 MB.

Shared ngspice pages =   11.797 MB.
Text (code) pages =    6.406 MB.
Stack = 0 bytes.
Library pages =  221.996 MB.

