
Note: Compatibility modes selected: hs a

Warning: m=xx on .subckt line will override multiplier m hierarchy!


Circuit: * num: 6 corner: mos_ff vdd: 3.0 temp: 85

Doing analysis at TEMP = 85.000000 and TNOM = 27.000000

Using SPARSE 1.3 as Direct Linear Solver
Note: Starting dynamic gmin stepping
Note: Dynamic gmin stepping completed

Initial Transient Solution
--------------------------

Node                                   Voltage
----                                   -------
xdut.xlpopamp_core_0.xsliceb_1.zp_m         2.40338
xdut.xlpopamp_core_0.xsliceb_1.bnb         1.15206
avss                                         0
avdd                                         3
xdut.xlpopamp_core_0.xsliceb_1.yp_p         2.85377
xdut.xlpopamp_core_0.xsliceb_1.bpa_r         2.47822
xdut.xlpopamp_core_0.xsliceb_1.zn_m        0.583128
xdut.xlpopamp_core_0.xsliceb_1.xp          2.1555
out                                    1.44823
xdut.xlpopamp_core_0.xsliceb_1.yn_p       0.0976417
xdut.xlpopamp_core_0.xsliceb_1.bna_        0.591439
xdut.zp_p                              2.48443
xdut.xlpopamp_core_0.xsliceb_1.bpb         1.91309
xdut.xlpopamp_core_0.xsliceb_1.bna        0.591561
en                                           3
ibias                                 0.592391
xdut.xlpopamp_core_0.xsliceb_1.yp_m         2.85543
xdut.xlpopamp_core_0.xsliceb_1.bpa         2.37821
xdut.xlpopamp_core_0.xsliceb_1.xn        0.826145
xdut.xlpopamp_core_0.xsliceb_1.yn_m       0.0969905
in                                        1.45
xdut.zn_p                             0.567087
xdut.xlpopamp_core_0.xsliceb_1.bpa_l         2.47822
xdut.xlpopamp_core_0.xsliceb_1.tihi         2.97155
xdut.xlpopamp_core_0.xsliceb_1.enb      3.1989e-08
xdut.xlpopamp_core_0.xslicea_0.bpb         1.91309
xdut.xlpopamp_core_0.xslicea_0.zn_m        0.583128
xdut.xlpopamp_core_0.xslicea_0.yn_m       0.0969905
xdut.xlpopamp_core_0.xslicea_0.bna        0.591561
xdut.xlpopamp_core_0.xslicea_0.bpa_r         2.47822
xdut.xlpopamp_core_0.xslicea_0.zp_m         2.40338
xdut.xlpopamp_core_0.xslicea_0.yp_p         2.85377
xdut.xlpopamp_core_0.xslicea_0.bnb         1.15206
xdut.xlpopamp_core_0.xslicea_0.xp          2.1555
xdut.xlpopamp_core_0.xslicea_0.yn_p       0.0976417
xdut.xlpopamp_core_0.xslicea_0.bna_        0.591439
xdut.xlpopamp_core_0.xslicea_0.bpa_l         2.47822
xdut.xlpopamp_core_0.xslicea_0.yp_m         2.85543
xdut.xlpopamp_core_0.xslicea_0.bpa         2.37821
xdut.xlpopamp_core_0.xslicea_0.enb      3.1989e-08
xdut.xlpopamp_core_0.xslicea_0.xn        0.826145
xdut.xlpopamp_core_0.xslicea_0.tihi         2.97155
xdut.xlpopamp_core_0.xslicea_1.bpb         1.91309
xdut.xlpopamp_core_0.xslicea_1.zn_m        0.583128
xdut.xlpopamp_core_0.xslicea_1.yn_m       0.0969905
xdut.xlpopamp_core_0.xslicea_1.bna        0.591561
xdut.xlpopamp_core_0.xslicea_1.bpa_r         2.47822
xdut.xlpopamp_core_0.xslicea_1.zp_m         2.40338
xdut.xlpopamp_core_0.xslicea_1.yp_p         2.85377
xdut.xlpopamp_core_0.xslicea_1.bnb         1.15206
xdut.xlpopamp_core_0.xslicea_1.xp          2.1555
xdut.xlpopamp_core_0.xslicea_1.yn_p       0.0976417
xdut.xlpopamp_core_0.xslicea_1.bna_        0.591439
xdut.xlpopamp_core_0.xslicea_1.bpa_l         2.47822
xdut.xlpopamp_core_0.xslicea_1.yp_m         2.85543
xdut.xlpopamp_core_0.xslicea_1.bpa         2.37821
xdut.xlpopamp_core_0.xslicea_1.enb      3.1989e-08
xdut.xlpopamp_core_0.xslicea_1.xn        0.826145
xdut.xlpopamp_core_0.xslicea_1.tihi         2.97155
xdut.xlpopamp_core_0.xsliceb_0.zp_m         2.40338
xdut.xlpopamp_core_0.xsliceb_0.bnb         1.15206
xdut.xlpopamp_core_0.xsliceb_0.yp_p         2.85377
xdut.xlpopamp_core_0.xsliceb_0.bpa_r         2.47822
xdut.xlpopamp_core_0.xsliceb_0.zn_m        0.583128
xdut.xlpopamp_core_0.xsliceb_0.xp          2.1555
xdut.xlpopamp_core_0.xsliceb_0.yn_p       0.0976417
xdut.xlpopamp_core_0.xsliceb_0.bna_        0.591439
xdut.xlpopamp_core_0.xsliceb_0.bpb         1.91309
xdut.xlpopamp_core_0.xsliceb_0.bna        0.591561
xdut.xlpopamp_core_0.xsliceb_0.yp_m         2.85543
xdut.xlpopamp_core_0.xsliceb_0.bpa         2.37821
xdut.xlpopamp_core_0.xsliceb_0.xn        0.826145
xdut.xlpopamp_core_0.xsliceb_0.yn_m       0.0969905
xdut.xlpopamp_core_0.xsliceb_0.bpa_l         2.47822
xdut.xlpopamp_core_0.xsliceb_0.tihi         2.97155
xdut.xlpopamp_core_0.xsliceb_0.enb      3.1989e-08
enb                                          0
out_                                       1.5
v_out#branch                      -1.03537e-05
v_enb#branch                                 0
v_en#branch                       -9.89928e-11
v_in#branch                       -9.42264e-11
v_avdd#branch                     -0.000164675
v_avss#branch                      1.85093e-09


No. of Data Rows : 1022

Warning: command 'plot' is not available during batch simulation, ignored!
    You may use Gnuplot instead.

../data/tb_lpopamp_buf_tran_sine_cc.dat6: No such file or directory
binary raw file "../out/sp6.raw"
Doing analysis at TEMP = 85.000000 and TNOM = 27.000000

Using SPARSE 1.3 as Direct Linear Solver
No. of Data Columns : 3  
Note: Starting dynamic gmin stepping
Note: Dynamic gmin stepping completed

Initial Transient Solution
--------------------------

Node                                   Voltage
----                                   -------
xdut.xlpopamp_core_0.xsliceb_1.zp_m         2.40338
xdut.xlpopamp_core_0.xsliceb_1.bnb         1.15206
avss                                         0
avdd                                         3
xdut.xlpopamp_core_0.xsliceb_1.yp_p         2.85377
xdut.xlpopamp_core_0.xsliceb_1.bpa_r         2.47822
xdut.xlpopamp_core_0.xsliceb_1.zn_m        0.583128
xdut.xlpopamp_core_0.xsliceb_1.xp          2.1555
out                                    1.44823
xdut.xlpopamp_core_0.xsliceb_1.yn_p       0.0976417
xdut.xlpopamp_core_0.xsliceb_1.bna_        0.591439
xdut.zp_p                              2.48443
xdut.xlpopamp_core_0.xsliceb_1.bpb         1.91309
xdut.xlpopamp_core_0.xsliceb_1.bna        0.591561
en                                           3
ibias                                 0.592391
xdut.xlpopamp_core_0.xsliceb_1.yp_m         2.85543
xdut.xlpopamp_core_0.xsliceb_1.bpa         2.37821
xdut.xlpopamp_core_0.xsliceb_1.xn        0.826145
xdut.xlpopamp_core_0.xsliceb_1.yn_m       0.0969905
in                                        1.45
xdut.zn_p                             0.567087
xdut.xlpopamp_core_0.xsliceb_1.bpa_l         2.47822
xdut.xlpopamp_core_0.xsliceb_1.tihi         2.97155
xdut.xlpopamp_core_0.xsliceb_1.enb      3.1989e-08
xdut.xlpopamp_core_0.xslicea_0.bpb         1.91309
xdut.xlpopamp_core_0.xslicea_0.zn_m        0.583128
xdut.xlpopamp_core_0.xslicea_0.yn_m       0.0969905
xdut.xlpopamp_core_0.xslicea_0.bna        0.591561
xdut.xlpopamp_core_0.xslicea_0.bpa_r         2.47822
xdut.xlpopamp_core_0.xslicea_0.zp_m         2.40338
xdut.xlpopamp_core_0.xslicea_0.yp_p         2.85377
xdut.xlpopamp_core_0.xslicea_0.bnb         1.15206
xdut.xlpopamp_core_0.xslicea_0.xp          2.1555
xdut.xlpopamp_core_0.xslicea_0.yn_p       0.0976417
xdut.xlpopamp_core_0.xslicea_0.bna_        0.591439
xdut.xlpopamp_core_0.xslicea_0.bpa_l         2.47822
xdut.xlpopamp_core_0.xslicea_0.yp_m         2.85543
xdut.xlpopamp_core_0.xslicea_0.bpa         2.37821
xdut.xlpopamp_core_0.xslicea_0.enb      3.1989e-08
xdut.xlpopamp_core_0.xslicea_0.xn        0.826145
xdut.xlpopamp_core_0.xslicea_0.tihi         2.97155
xdut.xlpopamp_core_0.xslicea_1.bpb         1.91309
xdut.xlpopamp_core_0.xslicea_1.zn_m        0.583128
xdut.xlpopamp_core_0.xslicea_1.yn_m       0.0969905
xdut.xlpopamp_core_0.xslicea_1.bna        0.591561
xdut.xlpopamp_core_0.xslicea_1.bpa_r         2.47822
xdut.xlpopamp_core_0.xslicea_1.zp_m         2.40338
xdut.xlpopamp_core_0.xslicea_1.yp_p         2.85377
xdut.xlpopamp_core_0.xslicea_1.bnb         1.15206
xdut.xlpopamp_core_0.xslicea_1.xp          2.1555
xdut.xlpopamp_core_0.xslicea_1.yn_p       0.0976417
xdut.xlpopamp_core_0.xslicea_1.bna_        0.591439
xdut.xlpopamp_core_0.xslicea_1.bpa_l         2.47822
xdut.xlpopamp_core_0.xslicea_1.yp_m         2.85543
xdut.xlpopamp_core_0.xslicea_1.bpa         2.37821
xdut.xlpopamp_core_0.xslicea_1.enb      3.1989e-08
xdut.xlpopamp_core_0.xslicea_1.xn        0.826145
xdut.xlpopamp_core_0.xslicea_1.tihi         2.97155
xdut.xlpopamp_core_0.xsliceb_0.zp_m         2.40338
xdut.xlpopamp_core_0.xsliceb_0.bnb         1.15206
xdut.xlpopamp_core_0.xsliceb_0.yp_p         2.85377
xdut.xlpopamp_core_0.xsliceb_0.bpa_r         2.47822
xdut.xlpopamp_core_0.xsliceb_0.zn_m        0.583128
xdut.xlpopamp_core_0.xsliceb_0.xp          2.1555
xdut.xlpopamp_core_0.xsliceb_0.yn_p       0.0976417
xdut.xlpopamp_core_0.xsliceb_0.bna_        0.591439
xdut.xlpopamp_core_0.xsliceb_0.bpb         1.91309
xdut.xlpopamp_core_0.xsliceb_0.bna        0.591561
xdut.xlpopamp_core_0.xsliceb_0.yp_m         2.85543
xdut.xlpopamp_core_0.xsliceb_0.bpa         2.37821
xdut.xlpopamp_core_0.xsliceb_0.xn        0.826145
xdut.xlpopamp_core_0.xsliceb_0.yn_m       0.0969905
xdut.xlpopamp_core_0.xsliceb_0.bpa_l         2.47822
xdut.xlpopamp_core_0.xsliceb_0.tihi         2.97155
xdut.xlpopamp_core_0.xsliceb_0.enb      3.1989e-08
enb                                          0
out_                                       1.5
v_out#branch                      -1.03537e-05
v_enb#branch                                 0
v_en#branch                       -9.89928e-11
v_in#branch                       -9.42264e-11
v_avdd#branch                     -0.000164675
v_avss#branch                      1.85093e-09


No. of Data Rows : 1022

Total analysis time (seconds) = 824.182

Total elapsed time (seconds) = 827.566 

Total DRAM available = 19163.051 MB.
DRAM currently available = 8569.539 MB.
Maximum ngspice program size =  306.934 MB.
Current ngspice program size =  224.820 MB.

Shared ngspice pages =   11.789 MB.
Text (code) pages =    6.406 MB.
Stack = 0 bytes.
Library pages =  222.000 MB.

