
Note: Compatibility modes selected: hs a

Warning: m=xx on .subckt line will override multiplier m hierarchy!


Circuit: * num: 7 corner: mos_sf vdd: 3.0 temp: 85

Doing analysis at TEMP = 85.000000 and TNOM = 27.000000

Using SPARSE 1.3 as Direct Linear Solver
Note: Starting dynamic gmin stepping
Note: Dynamic gmin stepping completed

Initial Transient Solution
--------------------------

Node                                   Voltage
----                                   -------
xdut.xlpopamp_core_0.xsliceb_1.zp_m         2.37802
xdut.xlpopamp_core_0.xsliceb_1.bnb         1.36355
avss                                         0
avdd                                         3
xdut.xlpopamp_core_0.xsliceb_1.yp_p         2.85719
xdut.xlpopamp_core_0.xsliceb_1.bpa_r         2.44787
xdut.xlpopamp_core_0.xsliceb_1.zn_m        0.662078
xdut.xlpopamp_core_0.xsliceb_1.xp         2.18058
out                                     1.4481
xdut.xlpopamp_core_0.xsliceb_1.yn_p       0.0857413
xdut.xlpopamp_core_0.xsliceb_1.bna_        0.687438
xdut.zp_p                              2.45537
xdut.xlpopamp_core_0.xsliceb_1.bpb         1.83859
xdut.xlpopamp_core_0.xsliceb_1.bna        0.663667
en                                           3
ibias                                 0.664674
xdut.xlpopamp_core_0.xsliceb_1.yp_m         2.85875
xdut.xlpopamp_core_0.xsliceb_1.bpa         2.35288
xdut.xlpopamp_core_0.xsliceb_1.xn        0.744503
xdut.xlpopamp_core_0.xsliceb_1.yn_m       0.0851822
in                                        1.45
xdut.zn_p                             0.662026
xdut.xlpopamp_core_0.xsliceb_1.bpa_l         2.44787
xdut.xlpopamp_core_0.xsliceb_1.tihi         2.95982
xdut.xlpopamp_core_0.xsliceb_1.enb     1.61188e-08
xdut.xlpopamp_core_0.xslicea_0.bpb         1.83859
xdut.xlpopamp_core_0.xslicea_0.zn_m        0.662078
xdut.xlpopamp_core_0.xslicea_0.yn_m       0.0851822
xdut.xlpopamp_core_0.xslicea_0.bna        0.663667
xdut.xlpopamp_core_0.xslicea_0.bpa_r         2.44787
xdut.xlpopamp_core_0.xslicea_0.zp_m         2.37802
xdut.xlpopamp_core_0.xslicea_0.yp_p         2.85719
xdut.xlpopamp_core_0.xslicea_0.bnb         1.36355
xdut.xlpopamp_core_0.xslicea_0.xp         2.18058
xdut.xlpopamp_core_0.xslicea_0.yn_p       0.0857413
xdut.xlpopamp_core_0.xslicea_0.bna_        0.687438
xdut.xlpopamp_core_0.xslicea_0.bpa_l         2.44787
xdut.xlpopamp_core_0.xslicea_0.yp_m         2.85875
xdut.xlpopamp_core_0.xslicea_0.bpa         2.35288
xdut.xlpopamp_core_0.xslicea_0.enb     1.61188e-08
xdut.xlpopamp_core_0.xslicea_0.xn        0.744503
xdut.xlpopamp_core_0.xslicea_0.tihi         2.95982
xdut.xlpopamp_core_0.xslicea_1.bpb         1.83859
xdut.xlpopamp_core_0.xslicea_1.zn_m        0.662078
xdut.xlpopamp_core_0.xslicea_1.yn_m       0.0851822
xdut.xlpopamp_core_0.xslicea_1.bna        0.663667
xdut.xlpopamp_core_0.xslicea_1.bpa_r         2.44787
xdut.xlpopamp_core_0.xslicea_1.zp_m         2.37802
xdut.xlpopamp_core_0.xslicea_1.yp_p         2.85719
xdut.xlpopamp_core_0.xslicea_1.bnb         1.36355
xdut.xlpopamp_core_0.xslicea_1.xp         2.18058
xdut.xlpopamp_core_0.xslicea_1.yn_p       0.0857413
xdut.xlpopamp_core_0.xslicea_1.bna_        0.687438
xdut.xlpopamp_core_0.xslicea_1.bpa_l         2.44787
xdut.xlpopamp_core_0.xslicea_1.yp_m         2.85875
xdut.xlpopamp_core_0.xslicea_1.bpa         2.35288
xdut.xlpopamp_core_0.xslicea_1.enb     1.61188e-08
xdut.xlpopamp_core_0.xslicea_1.xn        0.744503
xdut.xlpopamp_core_0.xslicea_1.tihi         2.95982
xdut.xlpopamp_core_0.xsliceb_0.zp_m         2.37802
xdut.xlpopamp_core_0.xsliceb_0.bnb         1.36355
xdut.xlpopamp_core_0.xsliceb_0.yp_p         2.85719
xdut.xlpopamp_core_0.xsliceb_0.bpa_r         2.44787
xdut.xlpopamp_core_0.xsliceb_0.zn_m        0.662078
xdut.xlpopamp_core_0.xsliceb_0.xp         2.18058
xdut.xlpopamp_core_0.xsliceb_0.yn_p       0.0857413
xdut.xlpopamp_core_0.xsliceb_0.bna_        0.687438
xdut.xlpopamp_core_0.xsliceb_0.bpb         1.83859
xdut.xlpopamp_core_0.xsliceb_0.bna        0.663667
xdut.xlpopamp_core_0.xsliceb_0.yp_m         2.85875
xdut.xlpopamp_core_0.xsliceb_0.bpa         2.35288
xdut.xlpopamp_core_0.xsliceb_0.xn        0.744503
xdut.xlpopamp_core_0.xsliceb_0.yn_m       0.0851822
xdut.xlpopamp_core_0.xsliceb_0.bpa_l         2.44787
xdut.xlpopamp_core_0.xsliceb_0.tihi         2.95982
xdut.xlpopamp_core_0.xsliceb_0.enb     1.61188e-08
enb                                          0
out_                                       1.5
v_out#branch                      -1.03796e-05
v_enb#branch                                 0
v_en#branch                       -9.89928e-11
v_in#branch                       -9.42264e-11
v_avdd#branch                     -0.000162531
v_avss#branch                      2.01481e-09


No. of Data Rows : 1027

Warning: command 'plot' is not available during batch simulation, ignored!
    You may use Gnuplot instead.

../data/tb_lpopamp_buf_tran_sine_cc.dat7: No such file or directory
binary raw file "../out/sp7.raw"
Doing analysis at TEMP = 85.000000 and TNOM = 27.000000

Using SPARSE 1.3 as Direct Linear Solver
No. of Data Columns : 3  
Note: Starting dynamic gmin stepping
Note: Dynamic gmin stepping completed

Initial Transient Solution
--------------------------

Node                                   Voltage
----                                   -------
xdut.xlpopamp_core_0.xsliceb_1.zp_m         2.37802
xdut.xlpopamp_core_0.xsliceb_1.bnb         1.36355
avss                                         0
avdd                                         3
xdut.xlpopamp_core_0.xsliceb_1.yp_p         2.85719
xdut.xlpopamp_core_0.xsliceb_1.bpa_r         2.44787
xdut.xlpopamp_core_0.xsliceb_1.zn_m        0.662078
xdut.xlpopamp_core_0.xsliceb_1.xp         2.18058
out                                     1.4481
xdut.xlpopamp_core_0.xsliceb_1.yn_p       0.0857413
xdut.xlpopamp_core_0.xsliceb_1.bna_        0.687438
xdut.zp_p                              2.45537
xdut.xlpopamp_core_0.xsliceb_1.bpb         1.83859
xdut.xlpopamp_core_0.xsliceb_1.bna        0.663667
en                                           3
ibias                                 0.664674
xdut.xlpopamp_core_0.xsliceb_1.yp_m         2.85875
xdut.xlpopamp_core_0.xsliceb_1.bpa         2.35288
xdut.xlpopamp_core_0.xsliceb_1.xn        0.744503
xdut.xlpopamp_core_0.xsliceb_1.yn_m       0.0851822
in                                        1.45
xdut.zn_p                             0.662026
xdut.xlpopamp_core_0.xsliceb_1.bpa_l         2.44787
xdut.xlpopamp_core_0.xsliceb_1.tihi         2.95982
xdut.xlpopamp_core_0.xsliceb_1.enb     1.61188e-08
xdut.xlpopamp_core_0.xslicea_0.bpb         1.83859
xdut.xlpopamp_core_0.xslicea_0.zn_m        0.662078
xdut.xlpopamp_core_0.xslicea_0.yn_m       0.0851822
xdut.xlpopamp_core_0.xslicea_0.bna        0.663667
xdut.xlpopamp_core_0.xslicea_0.bpa_r         2.44787
xdut.xlpopamp_core_0.xslicea_0.zp_m         2.37802
xdut.xlpopamp_core_0.xslicea_0.yp_p         2.85719
xdut.xlpopamp_core_0.xslicea_0.bnb         1.36355
xdut.xlpopamp_core_0.xslicea_0.xp         2.18058
xdut.xlpopamp_core_0.xslicea_0.yn_p       0.0857413
xdut.xlpopamp_core_0.xslicea_0.bna_        0.687438
xdut.xlpopamp_core_0.xslicea_0.bpa_l         2.44787
xdut.xlpopamp_core_0.xslicea_0.yp_m         2.85875
xdut.xlpopamp_core_0.xslicea_0.bpa         2.35288
xdut.xlpopamp_core_0.xslicea_0.enb     1.61188e-08
xdut.xlpopamp_core_0.xslicea_0.xn        0.744503
xdut.xlpopamp_core_0.xslicea_0.tihi         2.95982
xdut.xlpopamp_core_0.xslicea_1.bpb         1.83859
xdut.xlpopamp_core_0.xslicea_1.zn_m        0.662078
xdut.xlpopamp_core_0.xslicea_1.yn_m       0.0851822
xdut.xlpopamp_core_0.xslicea_1.bna        0.663667
xdut.xlpopamp_core_0.xslicea_1.bpa_r         2.44787
xdut.xlpopamp_core_0.xslicea_1.zp_m         2.37802
xdut.xlpopamp_core_0.xslicea_1.yp_p         2.85719
xdut.xlpopamp_core_0.xslicea_1.bnb         1.36355
xdut.xlpopamp_core_0.xslicea_1.xp         2.18058
xdut.xlpopamp_core_0.xslicea_1.yn_p       0.0857413
xdut.xlpopamp_core_0.xslicea_1.bna_        0.687438
xdut.xlpopamp_core_0.xslicea_1.bpa_l         2.44787
xdut.xlpopamp_core_0.xslicea_1.yp_m         2.85875
xdut.xlpopamp_core_0.xslicea_1.bpa         2.35288
xdut.xlpopamp_core_0.xslicea_1.enb     1.61188e-08
xdut.xlpopamp_core_0.xslicea_1.xn        0.744503
xdut.xlpopamp_core_0.xslicea_1.tihi         2.95982
xdut.xlpopamp_core_0.xsliceb_0.zp_m         2.37802
xdut.xlpopamp_core_0.xsliceb_0.bnb         1.36355
xdut.xlpopamp_core_0.xsliceb_0.yp_p         2.85719
xdut.xlpopamp_core_0.xsliceb_0.bpa_r         2.44787
xdut.xlpopamp_core_0.xsliceb_0.zn_m        0.662078
xdut.xlpopamp_core_0.xsliceb_0.xp         2.18058
xdut.xlpopamp_core_0.xsliceb_0.yn_p       0.0857413
xdut.xlpopamp_core_0.xsliceb_0.bna_        0.687438
xdut.xlpopamp_core_0.xsliceb_0.bpb         1.83859
xdut.xlpopamp_core_0.xsliceb_0.bna        0.663667
xdut.xlpopamp_core_0.xsliceb_0.yp_m         2.85875
xdut.xlpopamp_core_0.xsliceb_0.bpa         2.35288
xdut.xlpopamp_core_0.xsliceb_0.xn        0.744503
xdut.xlpopamp_core_0.xsliceb_0.yn_m       0.0851822
xdut.xlpopamp_core_0.xsliceb_0.bpa_l         2.44787
xdut.xlpopamp_core_0.xsliceb_0.tihi         2.95982
xdut.xlpopamp_core_0.xsliceb_0.enb     1.61188e-08
enb                                          0
out_                                       1.5
v_out#branch                      -1.03796e-05
v_enb#branch                                 0
v_en#branch                       -9.89928e-11
v_in#branch                       -9.42264e-11
v_avdd#branch                     -0.000162531
v_avss#branch                      2.01481e-09


No. of Data Rows : 1027

Total analysis time (seconds) = 850.401

Total elapsed time (seconds) = 853.022 

Total DRAM available = 19163.051 MB.
DRAM currently available = 8510.797 MB.
Maximum ngspice program size =  306.934 MB.
Current ngspice program size =  224.738 MB.

Shared ngspice pages =   11.711 MB.
Text (code) pages =    6.406 MB.
Stack = 0 bytes.
Library pages =  222.000 MB.

