
Note: Compatibility modes selected: hs a

Warning: m=xx on .subckt line will override multiplier m hierarchy!


Circuit: * num: 8 corner: mos_fs vdd: 3.0 temp: 85

Doing analysis at TEMP = 85.000000 and TNOM = 27.000000

Using SPARSE 1.3 as Direct Linear Solver
Note: Starting dynamic gmin stepping
Note: Dynamic gmin stepping completed

Initial Transient Solution
--------------------------

Node                                   Voltage
----                                   -------
xdut.xlpopamp_core_0.xsliceb_1.zp_m         2.32674
xdut.xlpopamp_core_0.xsliceb_1.bnb         1.22265
avss                                         0
avdd                                         3
xdut.xlpopamp_core_0.xsliceb_1.yp_p         2.86359
xdut.xlpopamp_core_0.xsliceb_1.bpa_r         2.38676
xdut.xlpopamp_core_0.xsliceb_1.zn_m        0.609366
xdut.xlpopamp_core_0.xsliceb_1.xp          2.2305
out                                    1.44827
xdut.xlpopamp_core_0.xsliceb_1.yn_p       0.0935288
xdut.xlpopamp_core_0.xsliceb_1.bna_        0.623491
xdut.zp_p                              2.39386
xdut.xlpopamp_core_0.xsliceb_1.bpb         1.68813
xdut.xlpopamp_core_0.xsliceb_1.bna        0.615948
en                                           3
ibias                                 0.616833
xdut.xlpopamp_core_0.xsliceb_1.yp_m         2.86509
xdut.xlpopamp_core_0.xsliceb_1.bpa         2.30156
xdut.xlpopamp_core_0.xsliceb_1.xn         0.79878
xdut.xlpopamp_core_0.xsliceb_1.yn_m       0.0929416
in                                        1.45
xdut.zn_p                             0.598299
xdut.xlpopamp_core_0.xsliceb_1.bpa_l         2.38676
xdut.xlpopamp_core_0.xsliceb_1.tihi          2.9283
xdut.xlpopamp_core_0.xsliceb_1.enb     3.97864e-09
xdut.xlpopamp_core_0.xslicea_0.bpb         1.68813
xdut.xlpopamp_core_0.xslicea_0.zn_m        0.609366
xdut.xlpopamp_core_0.xslicea_0.yn_m       0.0929416
xdut.xlpopamp_core_0.xslicea_0.bna        0.615948
xdut.xlpopamp_core_0.xslicea_0.bpa_r         2.38676
xdut.xlpopamp_core_0.xslicea_0.zp_m         2.32674
xdut.xlpopamp_core_0.xslicea_0.yp_p         2.86359
xdut.xlpopamp_core_0.xslicea_0.bnb         1.22265
xdut.xlpopamp_core_0.xslicea_0.xp          2.2305
xdut.xlpopamp_core_0.xslicea_0.yn_p       0.0935288
xdut.xlpopamp_core_0.xslicea_0.bna_        0.623491
xdut.xlpopamp_core_0.xslicea_0.bpa_l         2.38676
xdut.xlpopamp_core_0.xslicea_0.yp_m         2.86509
xdut.xlpopamp_core_0.xslicea_0.bpa         2.30156
xdut.xlpopamp_core_0.xslicea_0.enb     3.97864e-09
xdut.xlpopamp_core_0.xslicea_0.xn         0.79878
xdut.xlpopamp_core_0.xslicea_0.tihi          2.9283
xdut.xlpopamp_core_0.xslicea_1.bpb         1.68813
xdut.xlpopamp_core_0.xslicea_1.zn_m        0.609366
xdut.xlpopamp_core_0.xslicea_1.yn_m       0.0929416
xdut.xlpopamp_core_0.xslicea_1.bna        0.615948
xdut.xlpopamp_core_0.xslicea_1.bpa_r         2.38676
xdut.xlpopamp_core_0.xslicea_1.zp_m         2.32674
xdut.xlpopamp_core_0.xslicea_1.yp_p         2.86359
xdut.xlpopamp_core_0.xslicea_1.bnb         1.22265
xdut.xlpopamp_core_0.xslicea_1.xp          2.2305
xdut.xlpopamp_core_0.xslicea_1.yn_p       0.0935288
xdut.xlpopamp_core_0.xslicea_1.bna_        0.623491
xdut.xlpopamp_core_0.xslicea_1.bpa_l         2.38676
xdut.xlpopamp_core_0.xslicea_1.yp_m         2.86509
xdut.xlpopamp_core_0.xslicea_1.bpa         2.30156
xdut.xlpopamp_core_0.xslicea_1.enb     3.97864e-09
xdut.xlpopamp_core_0.xslicea_1.xn         0.79878
xdut.xlpopamp_core_0.xslicea_1.tihi          2.9283
xdut.xlpopamp_core_0.xsliceb_0.zp_m         2.32674
xdut.xlpopamp_core_0.xsliceb_0.bnb         1.22265
xdut.xlpopamp_core_0.xsliceb_0.yp_p         2.86359
xdut.xlpopamp_core_0.xsliceb_0.bpa_r         2.38676
xdut.xlpopamp_core_0.xsliceb_0.zn_m        0.609366
xdut.xlpopamp_core_0.xsliceb_0.xp          2.2305
xdut.xlpopamp_core_0.xsliceb_0.yn_p       0.0935288
xdut.xlpopamp_core_0.xsliceb_0.bna_        0.623491
xdut.xlpopamp_core_0.xsliceb_0.bpb         1.68813
xdut.xlpopamp_core_0.xsliceb_0.bna        0.615948
xdut.xlpopamp_core_0.xsliceb_0.yp_m         2.86509
xdut.xlpopamp_core_0.xsliceb_0.bpa         2.30156
xdut.xlpopamp_core_0.xsliceb_0.xn         0.79878
xdut.xlpopamp_core_0.xsliceb_0.yn_m       0.0929416
xdut.xlpopamp_core_0.xsliceb_0.bpa_l         2.38676
xdut.xlpopamp_core_0.xsliceb_0.tihi          2.9283
xdut.xlpopamp_core_0.xsliceb_0.enb     3.97864e-09
enb                                          0
out_                                       1.5
v_out#branch                      -1.03465e-05
v_enb#branch                                 0
v_en#branch                       -9.89928e-11
v_in#branch                       -9.42264e-11
v_avdd#branch                     -0.000162952
v_avss#branch                      1.90142e-09


No. of Data Rows : 1023

Warning: command 'plot' is not available during batch simulation, ignored!
    You may use Gnuplot instead.

../data/tb_lpopamp_buf_tran_sine_cc.dat8: No such file or directory
binary raw file "../out/sp8.raw"
Doing analysis at TEMP = 85.000000 and TNOM = 27.000000

Using SPARSE 1.3 as Direct Linear Solver
No. of Data Columns : 3  
Note: Starting dynamic gmin stepping
Note: Dynamic gmin stepping completed

Initial Transient Solution
--------------------------

Node                                   Voltage
----                                   -------
xdut.xlpopamp_core_0.xsliceb_1.zp_m         2.32674
xdut.xlpopamp_core_0.xsliceb_1.bnb         1.22265
avss                                         0
avdd                                         3
xdut.xlpopamp_core_0.xsliceb_1.yp_p         2.86359
xdut.xlpopamp_core_0.xsliceb_1.bpa_r         2.38676
xdut.xlpopamp_core_0.xsliceb_1.zn_m        0.609366
xdut.xlpopamp_core_0.xsliceb_1.xp          2.2305
out                                    1.44827
xdut.xlpopamp_core_0.xsliceb_1.yn_p       0.0935288
xdut.xlpopamp_core_0.xsliceb_1.bna_        0.623491
xdut.zp_p                              2.39386
xdut.xlpopamp_core_0.xsliceb_1.bpb         1.68813
xdut.xlpopamp_core_0.xsliceb_1.bna        0.615948
en                                           3
ibias                                 0.616833
xdut.xlpopamp_core_0.xsliceb_1.yp_m         2.86509
xdut.xlpopamp_core_0.xsliceb_1.bpa         2.30156
xdut.xlpopamp_core_0.xsliceb_1.xn         0.79878
xdut.xlpopamp_core_0.xsliceb_1.yn_m       0.0929416
in                                        1.45
xdut.zn_p                             0.598299
xdut.xlpopamp_core_0.xsliceb_1.bpa_l         2.38676
xdut.xlpopamp_core_0.xsliceb_1.tihi          2.9283
xdut.xlpopamp_core_0.xsliceb_1.enb     3.97864e-09
xdut.xlpopamp_core_0.xslicea_0.bpb         1.68813
xdut.xlpopamp_core_0.xslicea_0.zn_m        0.609366
xdut.xlpopamp_core_0.xslicea_0.yn_m       0.0929416
xdut.xlpopamp_core_0.xslicea_0.bna        0.615948
xdut.xlpopamp_core_0.xslicea_0.bpa_r         2.38676
xdut.xlpopamp_core_0.xslicea_0.zp_m         2.32674
xdut.xlpopamp_core_0.xslicea_0.yp_p         2.86359
xdut.xlpopamp_core_0.xslicea_0.bnb         1.22265
xdut.xlpopamp_core_0.xslicea_0.xp          2.2305
xdut.xlpopamp_core_0.xslicea_0.yn_p       0.0935288
xdut.xlpopamp_core_0.xslicea_0.bna_        0.623491
xdut.xlpopamp_core_0.xslicea_0.bpa_l         2.38676
xdut.xlpopamp_core_0.xslicea_0.yp_m         2.86509
xdut.xlpopamp_core_0.xslicea_0.bpa         2.30156
xdut.xlpopamp_core_0.xslicea_0.enb     3.97864e-09
xdut.xlpopamp_core_0.xslicea_0.xn         0.79878
xdut.xlpopamp_core_0.xslicea_0.tihi          2.9283
xdut.xlpopamp_core_0.xslicea_1.bpb         1.68813
xdut.xlpopamp_core_0.xslicea_1.zn_m        0.609366
xdut.xlpopamp_core_0.xslicea_1.yn_m       0.0929416
xdut.xlpopamp_core_0.xslicea_1.bna        0.615948
xdut.xlpopamp_core_0.xslicea_1.bpa_r         2.38676
xdut.xlpopamp_core_0.xslicea_1.zp_m         2.32674
xdut.xlpopamp_core_0.xslicea_1.yp_p         2.86359
xdut.xlpopamp_core_0.xslicea_1.bnb         1.22265
xdut.xlpopamp_core_0.xslicea_1.xp          2.2305
xdut.xlpopamp_core_0.xslicea_1.yn_p       0.0935288
xdut.xlpopamp_core_0.xslicea_1.bna_        0.623491
xdut.xlpopamp_core_0.xslicea_1.bpa_l         2.38676
xdut.xlpopamp_core_0.xslicea_1.yp_m         2.86509
xdut.xlpopamp_core_0.xslicea_1.bpa         2.30156
xdut.xlpopamp_core_0.xslicea_1.enb     3.97864e-09
xdut.xlpopamp_core_0.xslicea_1.xn         0.79878
xdut.xlpopamp_core_0.xslicea_1.tihi          2.9283
xdut.xlpopamp_core_0.xsliceb_0.zp_m         2.32674
xdut.xlpopamp_core_0.xsliceb_0.bnb         1.22265
xdut.xlpopamp_core_0.xsliceb_0.yp_p         2.86359
xdut.xlpopamp_core_0.xsliceb_0.bpa_r         2.38676
xdut.xlpopamp_core_0.xsliceb_0.zn_m        0.609366
xdut.xlpopamp_core_0.xsliceb_0.xp          2.2305
xdut.xlpopamp_core_0.xsliceb_0.yn_p       0.0935288
xdut.xlpopamp_core_0.xsliceb_0.bna_        0.623491
xdut.xlpopamp_core_0.xsliceb_0.bpb         1.68813
xdut.xlpopamp_core_0.xsliceb_0.bna        0.615948
xdut.xlpopamp_core_0.xsliceb_0.yp_m         2.86509
xdut.xlpopamp_core_0.xsliceb_0.bpa         2.30156
xdut.xlpopamp_core_0.xsliceb_0.xn         0.79878
xdut.xlpopamp_core_0.xsliceb_0.yn_m       0.0929416
xdut.xlpopamp_core_0.xsliceb_0.bpa_l         2.38676
xdut.xlpopamp_core_0.xsliceb_0.tihi          2.9283
xdut.xlpopamp_core_0.xsliceb_0.enb     3.97864e-09
enb                                          0
out_                                       1.5
v_out#branch                      -1.03465e-05
v_enb#branch                                 0
v_en#branch                       -9.89928e-11
v_in#branch                       -9.42264e-11
v_avdd#branch                     -0.000162952
v_avss#branch                      1.90142e-09


No. of Data Rows : 1023

Total analysis time (seconds) = 935.969

Total elapsed time (seconds) = 938.566 

Total DRAM available = 19163.051 MB.
DRAM currently available = 8736.363 MB.
Maximum ngspice program size =  306.930 MB.
Current ngspice program size =  225.020 MB.

Shared ngspice pages =   11.980 MB.
Text (code) pages =    6.406 MB.
Stack = 0 bytes.
Library pages =  221.996 MB.

