
Note: Compatibility modes selected: hs a

Warning: m=xx on .subckt line will override multiplier m hierarchy!


Circuit: * num: 9 corner: mos_ss vdd: 3.6 temp: -40

Doing analysis at TEMP = -40.000000 and TNOM = 27.000000

Using SPARSE 1.3 as Direct Linear Solver
Note: Starting dynamic gmin stepping
Note: Dynamic gmin stepping completed

Initial Transient Solution
--------------------------

Node                                   Voltage
----                                   -------
xdut.xlpopamp_core_0.xsliceb_1.zp_m          2.7606
xdut.xlpopamp_core_0.xsliceb_1.bnb         1.61894
avss                                         0
avdd                                       3.6
xdut.xlpopamp_core_0.xsliceb_1.yp_p         3.48738
xdut.xlpopamp_core_0.xsliceb_1.bpa_r         2.81995
xdut.xlpopamp_core_0.xsliceb_1.zn_m        0.782159
xdut.xlpopamp_core_0.xsliceb_1.xp         2.74461
out                                    1.74905
xdut.xlpopamp_core_0.xsliceb_1.yn_p        0.072263
xdut.xlpopamp_core_0.xsliceb_1.bna_        0.789531
xdut.zp_p                              2.82006
xdut.xlpopamp_core_0.xsliceb_1.bpb         1.86124
xdut.xlpopamp_core_0.xsliceb_1.bna        0.783397
en                                         3.6
ibias                                 0.783907
xdut.xlpopamp_core_0.xsliceb_1.yp_m         3.48865
xdut.xlpopamp_core_0.xsliceb_1.bpa         2.74089
xdut.xlpopamp_core_0.xsliceb_1.xn        0.892321
xdut.xlpopamp_core_0.xsliceb_1.yn_m        0.071915
in                                        1.75
xdut.zn_p                              0.77157
xdut.xlpopamp_core_0.xsliceb_1.bpa_l         2.81995
xdut.xlpopamp_core_0.xsliceb_1.tihi         3.13849
xdut.xlpopamp_core_0.xsliceb_1.enb     4.19896e-12
xdut.xlpopamp_core_0.xslicea_0.bpb         1.86124
xdut.xlpopamp_core_0.xslicea_0.zn_m        0.782159
xdut.xlpopamp_core_0.xslicea_0.yn_m        0.071915
xdut.xlpopamp_core_0.xslicea_0.bna        0.783397
xdut.xlpopamp_core_0.xslicea_0.bpa_r         2.81995
xdut.xlpopamp_core_0.xslicea_0.zp_m          2.7606
xdut.xlpopamp_core_0.xslicea_0.yp_p         3.48738
xdut.xlpopamp_core_0.xslicea_0.bnb         1.61894
xdut.xlpopamp_core_0.xslicea_0.xp         2.74461
xdut.xlpopamp_core_0.xslicea_0.yn_p        0.072263
xdut.xlpopamp_core_0.xslicea_0.bna_        0.789531
xdut.xlpopamp_core_0.xslicea_0.bpa_l         2.81995
xdut.xlpopamp_core_0.xslicea_0.yp_m         3.48865
xdut.xlpopamp_core_0.xslicea_0.bpa         2.74089
xdut.xlpopamp_core_0.xslicea_0.enb     4.19896e-12
xdut.xlpopamp_core_0.xslicea_0.xn        0.892321
xdut.xlpopamp_core_0.xslicea_0.tihi         3.13849
xdut.xlpopamp_core_0.xslicea_1.bpb         1.86124
xdut.xlpopamp_core_0.xslicea_1.zn_m        0.782159
xdut.xlpopamp_core_0.xslicea_1.yn_m        0.071915
xdut.xlpopamp_core_0.xslicea_1.bna        0.783397
xdut.xlpopamp_core_0.xslicea_1.bpa_r         2.81995
xdut.xlpopamp_core_0.xslicea_1.zp_m          2.7606
xdut.xlpopamp_core_0.xslicea_1.yp_p         3.48738
xdut.xlpopamp_core_0.xslicea_1.bnb         1.61894
xdut.xlpopamp_core_0.xslicea_1.xp         2.74461
xdut.xlpopamp_core_0.xslicea_1.yn_p        0.072263
xdut.xlpopamp_core_0.xslicea_1.bna_        0.789531
xdut.xlpopamp_core_0.xslicea_1.bpa_l         2.81995
xdut.xlpopamp_core_0.xslicea_1.yp_m         3.48865
xdut.xlpopamp_core_0.xslicea_1.bpa         2.74089
xdut.xlpopamp_core_0.xslicea_1.enb     4.19896e-12
xdut.xlpopamp_core_0.xslicea_1.xn        0.892321
xdut.xlpopamp_core_0.xslicea_1.tihi         3.13849
xdut.xlpopamp_core_0.xsliceb_0.zp_m          2.7606
xdut.xlpopamp_core_0.xsliceb_0.bnb         1.61894
xdut.xlpopamp_core_0.xsliceb_0.yp_p         3.48738
xdut.xlpopamp_core_0.xsliceb_0.bpa_r         2.81995
xdut.xlpopamp_core_0.xsliceb_0.zn_m        0.782159
xdut.xlpopamp_core_0.xsliceb_0.xp         2.74461
xdut.xlpopamp_core_0.xsliceb_0.yn_p        0.072263
xdut.xlpopamp_core_0.xsliceb_0.bna_        0.789531
xdut.xlpopamp_core_0.xsliceb_0.bpb         1.86124
xdut.xlpopamp_core_0.xsliceb_0.bna        0.783397
xdut.xlpopamp_core_0.xsliceb_0.yp_m         3.48865
xdut.xlpopamp_core_0.xsliceb_0.bpa         2.74089
xdut.xlpopamp_core_0.xsliceb_0.xn        0.892321
xdut.xlpopamp_core_0.xsliceb_0.yn_m        0.071915
xdut.xlpopamp_core_0.xsliceb_0.bpa_l         2.81995
xdut.xlpopamp_core_0.xsliceb_0.tihi         3.13849
xdut.xlpopamp_core_0.xsliceb_0.enb     4.19896e-12
enb                                          0
out_                                       1.8
v_out#branch                      -1.01892e-05
v_enb#branch                                 0
v_en#branch                       -1.18902e-10
v_in#branch                       -1.13622e-10
v_avdd#branch                     -0.000177283
v_avss#branch                      2.34943e-09


No. of Data Rows : 1023

Warning: command 'plot' is not available during batch simulation, ignored!
    You may use Gnuplot instead.

../data/tb_lpopamp_buf_tran_sine_cc.dat9: No such file or directory
binary raw file "../out/sp9.raw"
Doing analysis at TEMP = -40.000000 and TNOM = 27.000000

Using SPARSE 1.3 as Direct Linear Solver
No. of Data Columns : 3  
Note: Starting dynamic gmin stepping
Note: Dynamic gmin stepping completed

Initial Transient Solution
--------------------------

Node                                   Voltage
----                                   -------
xdut.xlpopamp_core_0.xsliceb_1.zp_m          2.7606
xdut.xlpopamp_core_0.xsliceb_1.bnb         1.61894
avss                                         0
avdd                                       3.6
xdut.xlpopamp_core_0.xsliceb_1.yp_p         3.48738
xdut.xlpopamp_core_0.xsliceb_1.bpa_r         2.81995
xdut.xlpopamp_core_0.xsliceb_1.zn_m        0.782159
xdut.xlpopamp_core_0.xsliceb_1.xp         2.74461
out                                    1.74905
xdut.xlpopamp_core_0.xsliceb_1.yn_p        0.072263
xdut.xlpopamp_core_0.xsliceb_1.bna_        0.789531
xdut.zp_p                              2.82006
xdut.xlpopamp_core_0.xsliceb_1.bpb         1.86124
xdut.xlpopamp_core_0.xsliceb_1.bna        0.783397
en                                         3.6
ibias                                 0.783907
xdut.xlpopamp_core_0.xsliceb_1.yp_m         3.48865
xdut.xlpopamp_core_0.xsliceb_1.bpa         2.74089
xdut.xlpopamp_core_0.xsliceb_1.xn        0.892321
xdut.xlpopamp_core_0.xsliceb_1.yn_m        0.071915
in                                        1.75
xdut.zn_p                              0.77157
xdut.xlpopamp_core_0.xsliceb_1.bpa_l         2.81995
xdut.xlpopamp_core_0.xsliceb_1.tihi         3.13849
xdut.xlpopamp_core_0.xsliceb_1.enb     4.19896e-12
xdut.xlpopamp_core_0.xslicea_0.bpb         1.86124
xdut.xlpopamp_core_0.xslicea_0.zn_m        0.782159
xdut.xlpopamp_core_0.xslicea_0.yn_m        0.071915
xdut.xlpopamp_core_0.xslicea_0.bna        0.783397
xdut.xlpopamp_core_0.xslicea_0.bpa_r         2.81995
xdut.xlpopamp_core_0.xslicea_0.zp_m          2.7606
xdut.xlpopamp_core_0.xslicea_0.yp_p         3.48738
xdut.xlpopamp_core_0.xslicea_0.bnb         1.61894
xdut.xlpopamp_core_0.xslicea_0.xp         2.74461
xdut.xlpopamp_core_0.xslicea_0.yn_p        0.072263
xdut.xlpopamp_core_0.xslicea_0.bna_        0.789531
xdut.xlpopamp_core_0.xslicea_0.bpa_l         2.81995
xdut.xlpopamp_core_0.xslicea_0.yp_m         3.48865
xdut.xlpopamp_core_0.xslicea_0.bpa         2.74089
xdut.xlpopamp_core_0.xslicea_0.enb     4.19896e-12
xdut.xlpopamp_core_0.xslicea_0.xn        0.892321
xdut.xlpopamp_core_0.xslicea_0.tihi         3.13849
xdut.xlpopamp_core_0.xslicea_1.bpb         1.86124
xdut.xlpopamp_core_0.xslicea_1.zn_m        0.782159
xdut.xlpopamp_core_0.xslicea_1.yn_m        0.071915
xdut.xlpopamp_core_0.xslicea_1.bna        0.783397
xdut.xlpopamp_core_0.xslicea_1.bpa_r         2.81995
xdut.xlpopamp_core_0.xslicea_1.zp_m          2.7606
xdut.xlpopamp_core_0.xslicea_1.yp_p         3.48738
xdut.xlpopamp_core_0.xslicea_1.bnb         1.61894
xdut.xlpopamp_core_0.xslicea_1.xp         2.74461
xdut.xlpopamp_core_0.xslicea_1.yn_p        0.072263
xdut.xlpopamp_core_0.xslicea_1.bna_        0.789531
xdut.xlpopamp_core_0.xslicea_1.bpa_l         2.81995
xdut.xlpopamp_core_0.xslicea_1.yp_m         3.48865
xdut.xlpopamp_core_0.xslicea_1.bpa         2.74089
xdut.xlpopamp_core_0.xslicea_1.enb     4.19896e-12
xdut.xlpopamp_core_0.xslicea_1.xn        0.892321
xdut.xlpopamp_core_0.xslicea_1.tihi         3.13849
xdut.xlpopamp_core_0.xsliceb_0.zp_m          2.7606
xdut.xlpopamp_core_0.xsliceb_0.bnb         1.61894
xdut.xlpopamp_core_0.xsliceb_0.yp_p         3.48738
xdut.xlpopamp_core_0.xsliceb_0.bpa_r         2.81995
xdut.xlpopamp_core_0.xsliceb_0.zn_m        0.782159
xdut.xlpopamp_core_0.xsliceb_0.xp         2.74461
xdut.xlpopamp_core_0.xsliceb_0.yn_p        0.072263
xdut.xlpopamp_core_0.xsliceb_0.bna_        0.789531
xdut.xlpopamp_core_0.xsliceb_0.bpb         1.86124
xdut.xlpopamp_core_0.xsliceb_0.bna        0.783397
xdut.xlpopamp_core_0.xsliceb_0.yp_m         3.48865
xdut.xlpopamp_core_0.xsliceb_0.bpa         2.74089
xdut.xlpopamp_core_0.xsliceb_0.xn        0.892321
xdut.xlpopamp_core_0.xsliceb_0.yn_m        0.071915
xdut.xlpopamp_core_0.xsliceb_0.bpa_l         2.81995
xdut.xlpopamp_core_0.xsliceb_0.tihi         3.13849
xdut.xlpopamp_core_0.xsliceb_0.enb     4.19896e-12
enb                                          0
out_                                       1.8
v_out#branch                      -1.01892e-05
v_enb#branch                                 0
v_en#branch                       -1.18902e-10
v_in#branch                       -1.13622e-10
v_avdd#branch                     -0.000177283
v_avss#branch                      2.34943e-09


No. of Data Rows : 1023

Total analysis time (seconds) = 1023.33

Total elapsed time (seconds) = 1025.918 

Total DRAM available = 19163.051 MB.
DRAM currently available = 8726.594 MB.
Maximum ngspice program size =  306.922 MB.
Current ngspice program size =  224.832 MB.

Shared ngspice pages =   11.805 MB.
Text (code) pages =    6.406 MB.
Stack = 0 bytes.
Library pages =  221.988 MB.

