
Note: Compatibility modes selected: hs a

Warning: m=xx on .subckt line will override multiplier m hierarchy!


Circuit: * num: 1 corner: mos_ss vdd: 3.0 temp: -40

Option cshunt: 27 capacitors added with 1e-15 F each
Doing analysis at TEMP = -40.000000 and TNOM = 27.000000

Using SPARSE 1.3 as Direct Linear Solver
Note: Starting dynamic gmin stepping
Warning: Dynamic gmin stepping failed
Note: Starting true gmin stepping
Warning: True gmin stepping failed
Note: Starting source stepping
Note: Source stepping completed

Initial Transient Solution
--------------------------

Node                                   Voltage
----                                   -------
xdut.xp                            1.00089e-07
avdd                                         3
xdut.yp                            7.72074e-14
xdut.xm                                    1.2
xdut.ym                                      3
avss                                         0
out                                6.71195e-12
in                                           0
dvdd                                       1.2
v_in#branch                        5.12776e-11
v_dvdd#branch                     -2.47048e-10
v_avdd#branch                     -3.93801e-14
v_avss#branch                      1.37575e-15


No. of Data Rows : 10033

Warning: command 'plot' is not available during batch simulation, ignored!
    You may use Gnuplot instead.

binary raw file "../out/sp1.raw"
Doing analysis at TEMP = -40.000000 and TNOM = 27.000000

Using SPARSE 1.3 as Direct Linear Solver
No. of Data Columns : 3  
Note: Starting dynamic gmin stepping
Note: Dynamic gmin stepping completed

Initial Transient Solution
--------------------------

Node                                   Voltage
----                                   -------
xdut.xp                            1.00089e-07
avdd                                         3
xdut.yp                            7.72095e-14
xdut.xm                                    1.2
xdut.ym                                      3
avss                                         0
out                                6.71193e-12
in                                           0
dvdd                                       1.2
v_in#branch                        5.12776e-11
v_dvdd#branch                     -2.47047e-10
v_avdd#branch                     -3.90388e-14
v_avss#branch                     -3.65699e-16


No. of Data Rows : 10033

Total analysis time (seconds) = 13.1184

Total elapsed time (seconds) = 13.194 

Total DRAM available = 19163.059 MB.
DRAM currently available = 12650.898 MB.
Maximum ngspice program size =   99.512 MB.
Current ngspice program size =   18.059 MB.

Shared ngspice pages =   11.574 MB.
Text (code) pages =    6.406 MB.
Stack = 0 bytes.
Library pages =   14.578 MB.

