
Note: Compatibility modes selected: hs a

Warning: m=xx on .subckt line will override multiplier m hierarchy!


Circuit: * num: 10 corner: mos_ff vdd: 3.6 temp: -40

Option cshunt: 27 capacitors added with 1e-15 F each
Doing analysis at TEMP = -40.000000 and TNOM = 27.000000

Using SPARSE 1.3 as Direct Linear Solver
Note: Starting dynamic gmin stepping
Warning: Dynamic gmin stepping failed
Note: Starting true gmin stepping
Warning: True gmin stepping failed
Note: Starting source stepping
Warning: source stepping failed
Note: Transient op started
Note: Transient op finished successfully

Initial Transient Solution
--------------------------

Node                                   Voltage
----                                   -------
xdut.xp                            1.32132e-06
avdd                                       3.6
xdut.yp                            3.50783e-09
xdut.xm                                    1.2
xdut.ym                                    3.6
avss                                         0
out                                7.91324e-09
in                                           0
dvdd                                       1.2
v_in#branch                        4.33979e-10
v_dvdd#branch                     -3.24052e-09
v_avdd#branch                     -7.54151e-11
v_avss#branch                      6.60809e-11


No. of Data Rows : 10033

Warning: command 'plot' is not available during batch simulation, ignored!
    You may use Gnuplot instead.

binary raw file "../out/sp10.raw"
Doing analysis at TEMP = -40.000000 and TNOM = 27.000000

Using SPARSE 1.3 as Direct Linear Solver
No. of Data Columns : 3  
Note: Starting dynamic gmin stepping
Note: Dynamic gmin stepping completed

Initial Transient Solution
--------------------------

Node                                   Voltage
----                                   -------
xdut.xp                            1.32132e-06
avdd                                       3.6
xdut.yp                            1.11358e-12
xdut.xm                                    1.2
xdut.ym                                    3.6
avss                                         0
out                                7.91323e-09
in                                           0
dvdd                                       1.2
v_in#branch                        4.33628e-10
v_dvdd#branch                      -3.2174e-09
v_avdd#branch                     -1.76718e-11
v_avss#branch                      1.75926e-16


No. of Data Rows : 10033

Total analysis time (seconds) = 14.154

Total elapsed time (seconds) = 14.233 

Total DRAM available = 19163.059 MB.
DRAM currently available = 12670.598 MB.
Maximum ngspice program size =   99.605 MB.
Current ngspice program size =   18.449 MB.

Shared ngspice pages =   11.871 MB.
Text (code) pages =    6.406 MB.
Stack = 0 bytes.
Library pages =   14.672 MB.

