
Note: Compatibility modes selected: hs a

Warning: m=xx on .subckt line will override multiplier m hierarchy!


Circuit: * num: 11 corner: mos_sf vdd: 3.6 temp: -40

Doing analysis at TEMP = -40.000000 and TNOM = 27.000000

Using SPARSE 1.3 as Direct Linear Solver
Note: Starting dynamic gmin stepping
Note: Dynamic gmin stepping completed

Initial Transient Solution
--------------------------

Node                                   Voltage
----                                   -------
xdut.xst.xp0                               3.6
in                                           0
xdut.xst.x0a.xd.xd.x                       3.6
avdd                                       3.6
xdut.xst.x0a.xd.x                          3.6
xdut.xst.x0a.xd.xs.x                       3.6
xdut.xst.x0a.x                             3.6
xdut.xst.x0a.xs.xd.x                       3.6
xdut.xst.x0a.xs.x                          3.6
xdut.xst.x0a.xs.xs.x                       3.6
xdut.x                                     3.6
xdut.xst.x0b.xd.xd.x                       3.6
xdut.xst.x0b.xd.x                          3.6
xdut.xst.x0b.xd.xs.x                       3.6
xdut.xst.x0b.x                             3.6
xdut.xst.x0b.xs.xd.x                       3.6
xdut.xst.x0b.xs.x                          3.6
xdut.xst.x0b.xs.xs.x                       3.6
xdut.xst.xn0                           2.82345
avss                                         0
xdut.xst.xp1                               3.6
xdut.xst.x1a.xd.xd.x                       3.6
xdut.xst.x1a.xd.x                          3.6
xdut.xst.x1a.xd.xs.x                       3.6
xdut.xst.x1a.x                             3.6
xdut.xst.x1a.xs.xd.x                       3.6
xdut.xst.x1a.xs.x                          3.6
xdut.xst.x1a.xs.xs.x                       3.6
xdut.xst.y1                                3.6
xdut.xst.x1b.xd.xd.x                       3.6
xdut.xst.x1b.xd.x                          3.6
xdut.xst.x1b.xd.xs.x                       3.6
xdut.xst.x1b.x                             3.6
xdut.xst.x1b.xs.xd.x                       3.6
xdut.xst.x1b.xs.x                          3.6
xdut.xst.x1b.xs.xs.x                       3.6
xdut.xst.x2a.xd.xd.x                       3.6
xdut.xst.x2a.xd.x                          3.6
xdut.xst.x2a.xd.xs.x                       3.6
xdut.xst.x2a.x                             3.6
xdut.xst.x2a.xs.xd.x                       3.6
xdut.xst.x2a.xs.x                          3.6
xdut.xst.x2a.xs.xs.x                       3.6
xdut.xst.y2                           0.331767
xdut.xst.x2b.xd.xd.x                  0.601747
xdut.xst.x2b.xd.x                      0.60184
xdut.xst.x2b.xd.xs.x                   0.60184
xdut.xst.x2b.x                         0.60184
xdut.xst.x2b.xs.xd.x                   0.60184
xdut.xst.x2b.xs.x                      0.60184
xdut.xst.x2b.xs.xs.x                  0.603019
xdut.xst.xn2                          0.331767
out                                4.27127e-10
v_in#branch                                  0
v_avdd#branch                     -2.14519e-10
v_avss#branch                      2.12897e-10


No. of Data Rows : 2035

Warning: command 'plot' is not available during batch simulation, ignored!
    You may use Gnuplot instead.

binary raw file "../out/sp11.raw"
Doing analysis at TEMP = -40.000000 and TNOM = 27.000000

Using SPARSE 1.3 as Direct Linear Solver
No. of Data Columns : 3  
Note: Starting dynamic gmin stepping
Note: Dynamic gmin stepping completed

Initial Transient Solution
--------------------------

Node                                   Voltage
----                                   -------
xdut.xst.xp0                               3.6
in                                           0
xdut.xst.x0a.xd.xd.x                       3.6
avdd                                       3.6
xdut.xst.x0a.xd.x                          3.6
xdut.xst.x0a.xd.xs.x                       3.6
xdut.xst.x0a.x                             3.6
xdut.xst.x0a.xs.xd.x                       3.6
xdut.xst.x0a.xs.x                          3.6
xdut.xst.x0a.xs.xs.x                       3.6
xdut.x                                     3.6
xdut.xst.x0b.xd.xd.x                       3.6
xdut.xst.x0b.xd.x                          3.6
xdut.xst.x0b.xd.xs.x                       3.6
xdut.xst.x0b.x                             3.6
xdut.xst.x0b.xs.xd.x                       3.6
xdut.xst.x0b.xs.x                          3.6
xdut.xst.x0b.xs.xs.x                       3.6
xdut.xst.xn0                           2.82345
avss                                         0
xdut.xst.xp1                               3.6
xdut.xst.x1a.xd.xd.x                       3.6
xdut.xst.x1a.xd.x                          3.6
xdut.xst.x1a.xd.xs.x                       3.6
xdut.xst.x1a.x                             3.6
xdut.xst.x1a.xs.xd.x                       3.6
xdut.xst.x1a.xs.x                          3.6
xdut.xst.x1a.xs.xs.x                       3.6
xdut.xst.y1                                3.6
xdut.xst.x1b.xd.xd.x                       3.6
xdut.xst.x1b.xd.x                          3.6
xdut.xst.x1b.xd.xs.x                       3.6
xdut.xst.x1b.x                             3.6
xdut.xst.x1b.xs.xd.x                       3.6
xdut.xst.x1b.xs.x                          3.6
xdut.xst.x1b.xs.xs.x                       3.6
xdut.xst.x2a.xd.xd.x                       3.6
xdut.xst.x2a.xd.x                          3.6
xdut.xst.x2a.xd.xs.x                       3.6
xdut.xst.x2a.x                             3.6
xdut.xst.x2a.xs.xd.x                       3.6
xdut.xst.x2a.xs.x                          3.6
xdut.xst.x2a.xs.xs.x                       3.6
xdut.xst.y2                           0.331767
xdut.xst.x2b.xd.xd.x                  0.601747
xdut.xst.x2b.xd.x                      0.60184
xdut.xst.x2b.xd.xs.x                   0.60184
xdut.xst.x2b.x                         0.60184
xdut.xst.x2b.xs.xd.x                   0.60184
xdut.xst.x2b.xs.x                      0.60184
xdut.xst.x2b.xs.xs.x                  0.603019
xdut.xst.xn2                          0.331767
out                                4.27127e-10
v_in#branch                                  0
v_avdd#branch                     -2.14519e-10
v_avss#branch                      2.12897e-10


No. of Data Rows : 2035

Total analysis time (seconds) = 7.2941

Total elapsed time (seconds) = 7.399 

Total DRAM available = 19163.059 MB.
DRAM currently available = 13051.145 MB.
Maximum ngspice program size =  103.176 MB.
Current ngspice program size =   21.863 MB.

Shared ngspice pages =   11.738 MB.
Text (code) pages =    6.406 MB.
Stack = 0 bytes.
Library pages =   18.242 MB.

