
Note: Compatibility modes selected: hs a

Warning: m=xx on .subckt line will override multiplier m hierarchy!


Circuit: * num: 12 corner: mos_fs vdd: 3.6 temp: -40

Option cshunt: 27 capacitors added with 1e-15 F each
Doing analysis at TEMP = -40.000000 and TNOM = 27.000000

Using SPARSE 1.3 as Direct Linear Solver
Note: Starting dynamic gmin stepping
Warning: Dynamic gmin stepping failed
Note: Starting true gmin stepping
Warning: True gmin stepping failed
Note: Starting source stepping
Note: Source stepping completed

Initial Transient Solution
--------------------------

Node                                   Voltage
----                                   -------
xdut.xp                            6.95064e-07
avdd                                       3.6
xdut.yp                             7.4888e-14
xdut.xm                                    1.2
xdut.ym                                    3.6
avss                                         0
out                                2.88938e-11
in                                           0
dvdd                                       1.2
v_in#branch                        9.11749e-11
v_dvdd#branch                     -1.54239e-09
v_avdd#branch                      -1.0248e-13
v_avss#branch                      8.91441e-16


No. of Data Rows : 10033

Warning: command 'plot' is not available during batch simulation, ignored!
    You may use Gnuplot instead.

binary raw file "../out/sp12.raw"
Doing analysis at TEMP = -40.000000 and TNOM = 27.000000

Using SPARSE 1.3 as Direct Linear Solver
No. of Data Columns : 3  
Note: Starting dynamic gmin stepping
Note: Dynamic gmin stepping completed

Initial Transient Solution
--------------------------

Node                                   Voltage
----                                   -------
xdut.xp                            6.95064e-07
avdd                                       3.6
xdut.yp                            7.48866e-14
xdut.xm                                    1.2
xdut.ym                                    3.6
avss                                         0
out                                2.88937e-11
in                                           0
dvdd                                       1.2
v_in#branch                        9.11749e-11
v_dvdd#branch                     -1.54239e-09
v_avdd#branch                      -1.0238e-13
v_avss#branch                      1.87405e-15


No. of Data Rows : 10033

Total analysis time (seconds) = 13.6139

Total elapsed time (seconds) = 13.691 

Total DRAM available = 19163.059 MB.
DRAM currently available = 12662.707 MB.
Maximum ngspice program size =   99.512 MB.
Current ngspice program size =   18.395 MB.

Shared ngspice pages =   11.906 MB.
Text (code) pages =    6.406 MB.
Stack = 0 bytes.
Library pages =   14.578 MB.

