
Note: Compatibility modes selected: hs a

Warning: m=xx on .subckt line will override multiplier m hierarchy!


Circuit: * num: 13 corner: mos_ss vdd: 3.6 temp: 85

Option cshunt: 27 capacitors added with 1e-15 F each
Doing analysis at TEMP = 85.000000 and TNOM = 27.000000

Using SPARSE 1.3 as Direct Linear Solver
Note: Starting dynamic gmin stepping
Note: Dynamic gmin stepping completed

Initial Transient Solution
--------------------------

Node                                   Voltage
----                                   -------
xdut.xp                            6.49273e-07
avdd                                       3.6
xdut.yp                            1.47414e-09
xdut.xm                                    1.2
xdut.ym                                    3.6
avss                                         0
out                                1.07624e-08
in                                           0
dvdd                                       1.2
v_in#branch                         9.1666e-11
v_dvdd#branch                     -1.30951e-09
v_avdd#branch                     -3.17161e-11
v_avss#branch                     -5.82045e-16


No. of Data Rows : 10032

Warning: command 'plot' is not available during batch simulation, ignored!
    You may use Gnuplot instead.

binary raw file "../out/sp13.raw"
Doing analysis at TEMP = 85.000000 and TNOM = 27.000000

Using SPARSE 1.3 as Direct Linear Solver
No. of Data Columns : 3  
Note: Starting dynamic gmin stepping
Note: Dynamic gmin stepping completed

Initial Transient Solution
--------------------------

Node                                   Voltage
----                                   -------
xdut.xp                            6.49273e-07
avdd                                       3.6
xdut.yp                            1.47414e-09
xdut.xm                                    1.2
xdut.ym                                    3.6
avss                                         0
out                                1.07624e-08
in                                           0
dvdd                                       1.2
v_in#branch                         9.1666e-11
v_dvdd#branch                     -1.30951e-09
v_avdd#branch                     -3.17161e-11
v_avss#branch                     -5.82045e-16


No. of Data Rows : 10032

Total analysis time (seconds) = 12.6761

Total elapsed time (seconds) = 12.757 

Total DRAM available = 19163.059 MB.
DRAM currently available = 12661.871 MB.
Maximum ngspice program size =   99.504 MB.
Current ngspice program size =   18.246 MB.

Shared ngspice pages =   11.770 MB.
Text (code) pages =    6.406 MB.
Stack = 0 bytes.
Library pages =   14.570 MB.

