
Note: Compatibility modes selected: hs a

Warning: m=xx on .subckt line will override multiplier m hierarchy!


Circuit: * num: 16 corner: mos_fs vdd: 3.6 temp: 85

Option cshunt: 27 capacitors added with 1e-15 F each
Doing analysis at TEMP = 85.000000 and TNOM = 27.000000

Using SPARSE 1.3 as Direct Linear Solver
Note: Starting dynamic gmin stepping
Warning: Dynamic gmin stepping failed
Note: Starting true gmin stepping
Warning: True gmin stepping failed
Note: Starting source stepping
Warning: source stepping failed
Note: Transient op started
Note: Transient op finished successfully

Initial Transient Solution
--------------------------

Node                                   Voltage
----                                   -------
xdut.xp                            3.31924e-06
avdd                                       3.6
xdut.yp                            1.32614e-08
xdut.xm                                1.19999
xdut.ym                                    3.6
avss                                         0
out                                 1.7392e-08
in                                           0
dvdd                                       1.2
v_in#branch                        1.69721e-10
v_dvdd#branch                     -9.04373e-09
v_avdd#branch                     -2.06004e-10
v_avss#branch                      5.94708e-11


No. of Data Rows : 10032

Warning: command 'plot' is not available during batch simulation, ignored!
    You may use Gnuplot instead.

binary raw file "../out/sp16.raw"
Doing analysis at TEMP = 85.000000 and TNOM = 27.000000

Using SPARSE 1.3 as Direct Linear Solver
No. of Data Columns : 3  
Note: Starting dynamic gmin stepping
Warning: Dynamic gmin stepping failed
Note: Starting true gmin stepping
Warning: True gmin stepping failed
Note: Starting source stepping
Warning: source stepping failed
Note: Transient op started
Note: Transient op finished successfully

Initial Transient Solution
--------------------------

Node                                   Voltage
----                                   -------
xdut.xp                            3.31924e-06
avdd                                       3.6
xdut.yp                            1.32614e-08
xdut.xm                                1.19999
xdut.ym                                    3.6
avss                                         0
out                                 1.7392e-08
in                                           0
dvdd                                       1.2
v_in#branch                        1.69721e-10
v_dvdd#branch                     -9.04373e-09
v_avdd#branch                     -2.06004e-10
v_avss#branch                      5.94708e-11


No. of Data Rows : 10032

Total analysis time (seconds) = 14.1995

Total elapsed time (seconds) = 14.279 

Total DRAM available = 19163.059 MB.
DRAM currently available = 12640.305 MB.
Maximum ngspice program size =   99.758 MB.
Current ngspice program size =   18.383 MB.

Shared ngspice pages =   11.652 MB.
Text (code) pages =    6.406 MB.
Stack = 0 bytes.
Library pages =   14.824 MB.

