
Note: Compatibility modes selected: hs a

Warning: m=xx on .subckt line will override multiplier m hierarchy!


Circuit: * num: 2 corner: mos_ff vdd: 3.0 temp: -40

Option cshunt: 27 capacitors added with 1e-15 F each
Doing analysis at TEMP = -40.000000 and TNOM = 27.000000

Using SPARSE 1.3 as Direct Linear Solver
Note: Starting dynamic gmin stepping
Note: Dynamic gmin stepping completed

Initial Transient Solution
--------------------------

Node                                   Voltage
----                                   -------
xdut.xp                            1.32132e-06
avdd                                         3
xdut.yp                            2.19796e-13
xdut.xm                                    1.2
xdut.ym                                      3
avss                                         0
out                                2.28717e-09
in                                           0
dvdd                                       1.2
v_in#branch                        4.33628e-10
v_dvdd#branch                      -3.2174e-09
v_avdd#branch                     -4.78322e-12
v_avss#branch                      1.17831e-15


No. of Data Rows : 10033

Warning: command 'plot' is not available during batch simulation, ignored!
    You may use Gnuplot instead.

binary raw file "../out/sp2.raw"
Doing analysis at TEMP = -40.000000 and TNOM = 27.000000

Using SPARSE 1.3 as Direct Linear Solver
No. of Data Columns : 3  
Note: Starting dynamic gmin stepping
Note: Dynamic gmin stepping completed

Initial Transient Solution
--------------------------

Node                                   Voltage
----                                   -------
xdut.xp                            1.32132e-06
avdd                                         3
xdut.yp                            2.19796e-13
xdut.xm                                    1.2
xdut.ym                                      3
avss                                         0
out                                2.28717e-09
in                                           0
dvdd                                       1.2
v_in#branch                        4.33628e-10
v_dvdd#branch                      -3.2174e-09
v_avdd#branch                     -4.78322e-12
v_avss#branch                      1.17831e-15


No. of Data Rows : 10033

Total analysis time (seconds) = 12.6066

Total elapsed time (seconds) = 12.711 

Total DRAM available = 19163.059 MB.
DRAM currently available = 12650.137 MB.
Maximum ngspice program size =   99.508 MB.
Current ngspice program size =   18.430 MB.

Shared ngspice pages =   11.945 MB.
Text (code) pages =    6.406 MB.
Stack = 0 bytes.
Library pages =   14.574 MB.

