
Note: Compatibility modes selected: hs a

Warning: m=xx on .subckt line will override multiplier m hierarchy!


Circuit: * num: 3 corner: mos_sf vdd: 3.0 temp: -40

Option cshunt: 27 capacitors added with 1e-15 F each
Doing analysis at TEMP = -40.000000 and TNOM = 27.000000

Using SPARSE 1.3 as Direct Linear Solver
Note: Starting dynamic gmin stepping
Note: Dynamic gmin stepping completed

Initial Transient Solution
--------------------------

Node                                   Voltage
----                                   -------
xdut.xp                            1.95928e-07
avdd                                         3
xdut.yp                             7.8746e-14
xdut.xm                                    1.2
xdut.ym                                      3
avss                                         0
out                                3.65513e-10
in                                           0
dvdd                                       1.2
v_in#branch                        2.58007e-10
v_dvdd#branch                     -6.47284e-10
v_avdd#branch                     -7.14339e-13
v_avss#branch                      1.89688e-15


No. of Data Rows : 10033

Warning: command 'plot' is not available during batch simulation, ignored!
    You may use Gnuplot instead.

binary raw file "../out/sp3.raw"
Doing analysis at TEMP = -40.000000 and TNOM = 27.000000

Using SPARSE 1.3 as Direct Linear Solver
No. of Data Columns : 3  
Note: Starting dynamic gmin stepping
Note: Dynamic gmin stepping completed

Initial Transient Solution
--------------------------

Node                                   Voltage
----                                   -------
xdut.xp                            1.95928e-07
avdd                                         3
xdut.yp                             7.8746e-14
xdut.xm                                    1.2
xdut.ym                                      3
avss                                         0
out                                3.65513e-10
in                                           0
dvdd                                       1.2
v_in#branch                        2.58007e-10
v_dvdd#branch                     -6.47284e-10
v_avdd#branch                     -7.14339e-13
v_avss#branch                      1.89688e-15


No. of Data Rows : 10033

Total analysis time (seconds) = 12.6279

Total elapsed time (seconds) = 12.705 

Total DRAM available = 19163.059 MB.
DRAM currently available = 12671.480 MB.
Maximum ngspice program size =   99.520 MB.
Current ngspice program size =   18.410 MB.

Shared ngspice pages =   11.918 MB.
Text (code) pages =    6.406 MB.
Stack = 0 bytes.
Library pages =   14.586 MB.

