
Note: Compatibility modes selected: hs a

Warning: m=xx on .subckt line will override multiplier m hierarchy!


Circuit: * num: 4 corner: mos_fs vdd: 3.0 temp: -40

Option cshunt: 27 capacitors added with 1e-15 F each
Doing analysis at TEMP = -40.000000 and TNOM = 27.000000

Using SPARSE 1.3 as Direct Linear Solver
Note: Starting dynamic gmin stepping
Note: Dynamic gmin stepping completed

Initial Transient Solution
--------------------------

Node                                   Voltage
----                                   -------
xdut.xp                            6.95064e-07
avdd                                         3
xdut.yp                              6.245e-14
xdut.xm                                    1.2
xdut.ym                                      3
avss                                         0
out                                8.08441e-12
in                                           0
dvdd                                       1.2
v_in#branch                        9.11749e-11
v_dvdd#branch                     -1.54239e-09
v_avdd#branch                     -4.81515e-14
v_avss#branch                      8.20679e-16


No. of Data Rows : 10033

Warning: command 'plot' is not available during batch simulation, ignored!
    You may use Gnuplot instead.

binary raw file "../out/sp4.raw"
Doing analysis at TEMP = -40.000000 and TNOM = 27.000000

Using SPARSE 1.3 as Direct Linear Solver
No. of Data Columns : 3  
Note: Starting dynamic gmin stepping
Note: Dynamic gmin stepping completed

Initial Transient Solution
--------------------------

Node                                   Voltage
----                                   -------
xdut.xp                            6.95064e-07
avdd                                         3
xdut.yp                              6.245e-14
xdut.xm                                    1.2
xdut.ym                                      3
avss                                         0
out                                8.08441e-12
in                                           0
dvdd                                       1.2
v_in#branch                        9.11749e-11
v_dvdd#branch                     -1.54239e-09
v_avdd#branch                     -4.81515e-14
v_avss#branch                      8.20679e-16


No. of Data Rows : 10033

Total analysis time (seconds) = 12.9717

Total elapsed time (seconds) = 13.048 

Total DRAM available = 19163.059 MB.
DRAM currently available = 12671.711 MB.
Maximum ngspice program size =   99.527 MB.
Current ngspice program size =   18.332 MB.

Shared ngspice pages =   11.828 MB.
Text (code) pages =    6.406 MB.
Stack = 0 bytes.
Library pages =   14.594 MB.

