
Note: Compatibility modes selected: hs a

Warning: m=xx on .subckt line will override multiplier m hierarchy!


Circuit: * num: 5 corner: mos_ss vdd: 3.0 temp: 85

Option cshunt: 27 capacitors added with 1e-15 F each
Doing analysis at TEMP = 85.000000 and TNOM = 27.000000

Using SPARSE 1.3 as Direct Linear Solver
Note: Starting dynamic gmin stepping
Note: Dynamic gmin stepping completed

Initial Transient Solution
--------------------------

Node                                   Voltage
----                                   -------
xdut.xp                            6.49273e-07
avdd                                         3
xdut.yp                            1.21644e-09
xdut.xm                                    1.2
xdut.ym                                      3
avss                                         0
out                                1.04929e-08
in                                           0
dvdd                                       1.2
v_in#branch                         9.1666e-11
v_dvdd#branch                     -1.30951e-09
v_avdd#branch                     -2.63408e-11
v_avss#branch                     -4.24439e-16


No. of Data Rows : 10032

Warning: command 'plot' is not available during batch simulation, ignored!
    You may use Gnuplot instead.

binary raw file "../out/sp5.raw"
Doing analysis at TEMP = 85.000000 and TNOM = 27.000000

Using SPARSE 1.3 as Direct Linear Solver
No. of Data Columns : 3  
Note: Starting dynamic gmin stepping
Note: Dynamic gmin stepping completed

Initial Transient Solution
--------------------------

Node                                   Voltage
----                                   -------
xdut.xp                            6.49273e-07
avdd                                         3
xdut.yp                            1.21644e-09
xdut.xm                                    1.2
xdut.ym                                      3
avss                                         0
out                                1.04929e-08
in                                           0
dvdd                                       1.2
v_in#branch                         9.1666e-11
v_dvdd#branch                     -1.30951e-09
v_avdd#branch                     -2.63408e-11
v_avss#branch                     -4.24439e-16


No. of Data Rows : 10032

Total analysis time (seconds) = 12.3281

Total elapsed time (seconds) = 12.405 

Total DRAM available = 19163.059 MB.
DRAM currently available = 12672.359 MB.
Maximum ngspice program size =   99.500 MB.
Current ngspice program size =   18.477 MB.

Shared ngspice pages =   12.000 MB.
Text (code) pages =    6.406 MB.
Stack = 0 bytes.
Library pages =   14.566 MB.

