
Note: Compatibility modes selected: hs a

Warning: m=xx on .subckt line will override multiplier m hierarchy!


Circuit: * num: 7 corner: mos_sf vdd: 3.0 temp: 85

Option cshunt: 27 capacitors added with 1e-15 F each
Doing analysis at TEMP = 85.000000 and TNOM = 27.000000

Using SPARSE 1.3 as Direct Linear Solver
Note: Starting dynamic gmin stepping
Warning: Dynamic gmin stepping failed
Note: Starting true gmin stepping
Warning: True gmin stepping failed
Note: Starting source stepping
Note: Source stepping completed

Initial Transient Solution
--------------------------

Node                                   Voltage
----                                   -------
xdut.xp                            2.07112e-06
avdd                                         3
xdut.yp                            1.98058e-09
xdut.xm                                    1.2
xdut.ym                                      3
avss                                         0
out                                5.81224e-08
in                                           0
dvdd                                       1.2
v_in#branch                        5.00852e-10
v_dvdd#branch                     -3.45765e-09
v_avdd#branch                     -9.58762e-11
v_avss#branch                      6.76519e-16


No. of Data Rows : 10033

Warning: command 'plot' is not available during batch simulation, ignored!
    You may use Gnuplot instead.

binary raw file "../out/sp7.raw"
Doing analysis at TEMP = 85.000000 and TNOM = 27.000000

Using SPARSE 1.3 as Direct Linear Solver
No. of Data Columns : 3  
Note: Starting dynamic gmin stepping
Warning: Dynamic gmin stepping failed
Note: Starting true gmin stepping
Warning: True gmin stepping failed
Note: Starting source stepping
Note: Source stepping completed

Initial Transient Solution
--------------------------

Node                                   Voltage
----                                   -------
xdut.xp                            2.07112e-06
avdd                                         3
xdut.yp                            1.98058e-09
xdut.xm                                    1.2
xdut.ym                                      3
avss                                         0
out                                5.81224e-08
in                                           0
dvdd                                       1.2
v_in#branch                        5.00852e-10
v_dvdd#branch                     -3.45765e-09
v_avdd#branch                     -9.58762e-11
v_avss#branch                      6.76519e-16


No. of Data Rows : 10033

Total analysis time (seconds) = 13.2073

Total elapsed time (seconds) = 13.284 

Total DRAM available = 19163.059 MB.
DRAM currently available = 12672.129 MB.
Maximum ngspice program size =   99.500 MB.
Current ngspice program size =   18.312 MB.

Shared ngspice pages =   11.836 MB.
Text (code) pages =    6.406 MB.
Stack = 0 bytes.
Library pages =   14.566 MB.

