
Note: Compatibility modes selected: hs a

Warning: m=xx on .subckt line will override multiplier m hierarchy!


Circuit: * num: 8 corner: mos_fs vdd: 3.0 temp: 85

Option cshunt: 27 capacitors added with 1e-15 F each
Doing analysis at TEMP = 85.000000 and TNOM = 27.000000

Using SPARSE 1.3 as Direct Linear Solver
Note: Starting dynamic gmin stepping
Warning: Dynamic gmin stepping failed
Note: Starting true gmin stepping
Warning: True gmin stepping failed
Note: Starting source stepping
Note: Source stepping completed

Initial Transient Solution
--------------------------

Node                                   Voltage
----                                   -------
xdut.xp                            3.31924e-06
avdd                                         3
xdut.yp                            1.12403e-09
xdut.xm                                1.19999
xdut.ym                                      3
avss                                         0
out                                1.57364e-08
in                                           0
dvdd                                       1.2
v_in#branch                        1.69721e-10
v_dvdd#branch                     -9.01897e-09
v_avdd#branch                     -1.12396e-10
v_avss#branch                      7.12677e-16


No. of Data Rows : 10033

Warning: command 'plot' is not available during batch simulation, ignored!
    You may use Gnuplot instead.

binary raw file "../out/sp8.raw"
Doing analysis at TEMP = 85.000000 and TNOM = 27.000000

Using SPARSE 1.3 as Direct Linear Solver
No. of Data Columns : 3  
Note: Starting dynamic gmin stepping
Warning: Dynamic gmin stepping failed
Note: Starting true gmin stepping
Warning: True gmin stepping failed
Note: Starting source stepping
Note: Source stepping completed

Initial Transient Solution
--------------------------

Node                                   Voltage
----                                   -------
xdut.xp                            3.31924e-06
avdd                                         3
xdut.yp                            1.12403e-09
xdut.xm                                1.19999
xdut.ym                                      3
avss                                         0
out                                1.57364e-08
in                                           0
dvdd                                       1.2
v_in#branch                        1.69721e-10
v_dvdd#branch                     -9.01897e-09
v_avdd#branch                     -1.12396e-10
v_avss#branch                      7.12677e-16


No. of Data Rows : 10033

Total analysis time (seconds) = 13.041

Total elapsed time (seconds) = 13.120 

Total DRAM available = 19163.059 MB.
DRAM currently available = 12669.785 MB.
Maximum ngspice program size =   99.516 MB.
Current ngspice program size =   18.152 MB.

Shared ngspice pages =   11.664 MB.
Text (code) pages =    6.406 MB.
Stack = 0 bytes.
Library pages =   14.582 MB.

