
Note: Compatibility modes selected: hs a

Warning: m=xx on .subckt line will override multiplier m hierarchy!


Circuit: * num: 9 corner: mos_ss vdd: 3.6 temp: -40

Option cshunt: 27 capacitors added with 1e-15 F each
Doing analysis at TEMP = -40.000000 and TNOM = 27.000000

Using SPARSE 1.3 as Direct Linear Solver
Note: Starting dynamic gmin stepping
Note: Dynamic gmin stepping completed

Initial Transient Solution
--------------------------

Node                                   Voltage
----                                   -------
xdut.xp                            1.00089e-07
avdd                                       3.6
xdut.yp                            9.28702e-14
xdut.xm                                    1.2
xdut.ym                                    3.6
avss                                         0
out                                9.15668e-12
in                                           0
dvdd                                       1.2
v_in#branch                        5.12776e-11
v_dvdd#branch                     -2.47049e-10
v_avdd#branch                     -5.09562e-14
v_avss#branch                      1.22355e-15


No. of Data Rows : 10033

Warning: command 'plot' is not available during batch simulation, ignored!
    You may use Gnuplot instead.

binary raw file "../out/sp9.raw"
Doing analysis at TEMP = -40.000000 and TNOM = 27.000000

Using SPARSE 1.3 as Direct Linear Solver
No. of Data Columns : 3  
Note: Starting dynamic gmin stepping
Note: Dynamic gmin stepping completed

Initial Transient Solution
--------------------------

Node                                   Voltage
----                                   -------
xdut.xp                            1.00089e-07
avdd                                       3.6
xdut.yp                            9.28702e-14
xdut.xm                                    1.2
xdut.ym                                    3.6
avss                                         0
out                                9.15668e-12
in                                           0
dvdd                                       1.2
v_in#branch                        5.12776e-11
v_dvdd#branch                     -2.47049e-10
v_avdd#branch                     -5.09562e-14
v_avss#branch                      1.22355e-15


No. of Data Rows : 10033

Total analysis time (seconds) = 13.3555

Total elapsed time (seconds) = 13.433 

Total DRAM available = 19163.059 MB.
DRAM currently available = 12666.621 MB.
Maximum ngspice program size =   99.508 MB.
Current ngspice program size =   18.336 MB.

Shared ngspice pages =   11.852 MB.
Text (code) pages =    6.406 MB.
Stack = 0 bytes.
Library pages =   14.574 MB.

